задание: 2.1.3
проект: 211-command-usb
устройство: 2e8a:000a
серийный номер: 530328473901851C
порт: COM10
начало: 2026-10-10T13:37:01
   0.000 --> mem_info
   0.001 <-- mem_info
   0.002 <-- dbg read_line:74 got mem_info
   0.003 <-- area       start      end        size
   0.004 <-- flash      0x10000000 0x10200000  2097152
   0.005 <-- sram       0x20000000 0x20042000   270336
   0.007 <-- rom        0x00000000 0x00004000    16384
   0.008 <-- image      0x10000000 0x10008274    33396
   0.009 <-- free       0x10008274 0x10200000  2063756
   0.010 <-- boot2      0x10000000 0x10000100      256
   0.011 <-- text       0x10000100 0x10007304    29188
   0.012 <-- data flash 0x10007304 0x10008274     3952
   0.014 <-- data ram   0x200000c0 0x20001030     3952
   0.015 <-- bss        0x20001030 0x20001c6c     3132
   0.017 <-- heap       0x20001c6c 0x20040000   254868
   0.017 <-- stack      0x20041800 0x20042000     2048
   0.018 <-- total
   0.020 <-- flash image    33396 = boot2 256 + text 29188 + data 3952
   0.021 <-- free         2063756 of 2097152
   0.023 <-- ram used        7084 = data 3952 + bss 3132
   0.025 <-- ram free      254868 for heap and 2048 for stack
итог: отправлено команд 1, принято строк 20
