Archive member included to satisfy reference by file (symbol)

C:/Program Files/Arm/GNU Toolchain mingw-w64-x86_64-arm-none-eabi/bin/../lib/gcc/arm-none-eabi/15.3.1/thumb/v6-m/nofp\libgcc.a(_dvmd_tls.o)
                              CMakeFiles/131-hello-usb.dir/C_/Repositories/pico/pico-sdk/src/rp2_common/pico_divider/divider_hardware.S.obj (__aeabi_idiv0)
C:/Program Files/Arm/GNU Toolchain mingw-w64-x86_64-arm-none-eabi/bin/../lib/gcc/arm-none-eabi/15.3.1/../../../../arm-none-eabi/lib/thumb/v6-m/nofp\libg.a(libc_a-calloc.o)
                              CMakeFiles/131-hello-usb.dir/C_/Repositories/pico/pico-sdk/src/rp2_common/pico_malloc/malloc.c.obj (calloc)
C:/Program Files/Arm/GNU Toolchain mingw-w64-x86_64-arm-none-eabi/bin/../lib/gcc/arm-none-eabi/15.3.1/../../../../arm-none-eabi/lib/thumb/v6-m/nofp\libg.a(libc_a-callocr.o)
                              C:/Program Files/Arm/GNU Toolchain mingw-w64-x86_64-arm-none-eabi/bin/../lib/gcc/arm-none-eabi/15.3.1/../../../../arm-none-eabi/lib/thumb/v6-m/nofp\libg.a(libc_a-calloc.o) (_calloc_r)
C:/Program Files/Arm/GNU Toolchain mingw-w64-x86_64-arm-none-eabi/bin/../lib/gcc/arm-none-eabi/15.3.1/../../../../arm-none-eabi/lib/thumb/v6-m/nofp\libg.a(libc_a-malloc.o)
                              CMakeFiles/131-hello-usb.dir/C_/Repositories/pico/pico-sdk/src/rp2_common/pico_malloc/malloc.c.obj (malloc)
C:/Program Files/Arm/GNU Toolchain mingw-w64-x86_64-arm-none-eabi/bin/../lib/gcc/arm-none-eabi/15.3.1/../../../../arm-none-eabi/lib/thumb/v6-m/nofp\libg.a(libc_a-mallocr.o)
                              C:/Program Files/Arm/GNU Toolchain mingw-w64-x86_64-arm-none-eabi/bin/../lib/gcc/arm-none-eabi/15.3.1/../../../../arm-none-eabi/lib/thumb/v6-m/nofp\libg.a(libc_a-callocr.o) (_malloc_r)
C:/Program Files/Arm/GNU Toolchain mingw-w64-x86_64-arm-none-eabi/bin/../lib/gcc/arm-none-eabi/15.3.1/../../../../arm-none-eabi/lib/thumb/v6-m/nofp\libg.a(libc_a-mlock.o)
                              C:/Program Files/Arm/GNU Toolchain mingw-w64-x86_64-arm-none-eabi/bin/../lib/gcc/arm-none-eabi/15.3.1/../../../../arm-none-eabi/lib/thumb/v6-m/nofp\libg.a(libc_a-mallocr.o) (__malloc_lock)
C:/Program Files/Arm/GNU Toolchain mingw-w64-x86_64-arm-none-eabi/bin/../lib/gcc/arm-none-eabi/15.3.1/../../../../arm-none-eabi/lib/thumb/v6-m/nofp\libg.a(libc_a-realloc.o)
                              CMakeFiles/131-hello-usb.dir/C_/Repositories/pico/pico-sdk/src/rp2_common/pico_malloc/malloc.c.obj (realloc)
C:/Program Files/Arm/GNU Toolchain mingw-w64-x86_64-arm-none-eabi/bin/../lib/gcc/arm-none-eabi/15.3.1/../../../../arm-none-eabi/lib/thumb/v6-m/nofp\libg.a(libc_a-reallocr.o)
                              C:/Program Files/Arm/GNU Toolchain mingw-w64-x86_64-arm-none-eabi/bin/../lib/gcc/arm-none-eabi/15.3.1/../../../../arm-none-eabi/lib/thumb/v6-m/nofp\libg.a(libc_a-realloc.o) (_realloc_r)
C:/Program Files/Arm/GNU Toolchain mingw-w64-x86_64-arm-none-eabi/bin/../lib/gcc/arm-none-eabi/15.3.1/../../../../arm-none-eabi/lib/thumb/v6-m/nofp\libg.a(libc_a-memcmp.o)
                              CMakeFiles/131-hello-usb.dir/C_/Repositories/pico/pico-sdk/src/rp2_common/pico_atomic/atomic.c.obj (memcmp)
C:/Program Files/Arm/GNU Toolchain mingw-w64-x86_64-arm-none-eabi/bin/../lib/gcc/arm-none-eabi/15.3.1/../../../../arm-none-eabi/lib/thumb/v6-m/nofp\libg.a(libc_a-memmove.o)
                              C:/Program Files/Arm/GNU Toolchain mingw-w64-x86_64-arm-none-eabi/bin/../lib/gcc/arm-none-eabi/15.3.1/../../../../arm-none-eabi/lib/thumb/v6-m/nofp\libg.a(libc_a-reallocr.o) (memmove)
C:/Program Files/Arm/GNU Toolchain mingw-w64-x86_64-arm-none-eabi/bin/../lib/gcc/arm-none-eabi/15.3.1/../../../../arm-none-eabi/lib/thumb/v6-m/nofp\libg.a(libc_a-lcltime_r.o)
                              CMakeFiles/131-hello-usb.dir/C_/Repositories/pico/pico-sdk/src/common/pico_util/datetime.c.obj (localtime_r)
C:/Program Files/Arm/GNU Toolchain mingw-w64-x86_64-arm-none-eabi/bin/../lib/gcc/arm-none-eabi/15.3.1/../../../../arm-none-eabi/lib/thumb/v6-m/nofp\libg.a(libc_a-mktime.o)
                              CMakeFiles/131-hello-usb.dir/C_/Repositories/pico/pico-sdk/src/common/pico_util/datetime.c.obj (mktime)
C:/Program Files/Arm/GNU Toolchain mingw-w64-x86_64-arm-none-eabi/bin/../lib/gcc/arm-none-eabi/15.3.1/../../../../arm-none-eabi/lib/thumb/v6-m/nofp\libg.a(libc_a-month_lengths.o)
                              C:/Program Files/Arm/GNU Toolchain mingw-w64-x86_64-arm-none-eabi/bin/../lib/gcc/arm-none-eabi/15.3.1/../../../../arm-none-eabi/lib/thumb/v6-m/nofp\libg.a(libc_a-lcltime_r.o) (__month_lengths)
C:/Program Files/Arm/GNU Toolchain mingw-w64-x86_64-arm-none-eabi/bin/../lib/gcc/arm-none-eabi/15.3.1/../../../../arm-none-eabi/lib/thumb/v6-m/nofp\libg.a(libc_a-tzcalc_limits.o)
                              C:/Program Files/Arm/GNU Toolchain mingw-w64-x86_64-arm-none-eabi/bin/../lib/gcc/arm-none-eabi/15.3.1/../../../../arm-none-eabi/lib/thumb/v6-m/nofp\libg.a(libc_a-lcltime_r.o) (__tzcalc_limits)
[...]
Memory Configuration

Name             Origin             Length             Attributes
FLASH            0x10000000         0x00200000         xr
XIP_RAM          0x15000000         0x00004000         xrw
RAM              0x20000000         0x00040000         xrw
SCRATCH_X        0x20040000         0x00001000         xrw
SCRATCH_Y        0x20041000         0x00001000         xrw
*default*        0x00000000         0xffffffff

Linker script and memory map

                0x20000000                        RAM_ORIGIN_DEFAULT = 0x20000000
                0x00040000                        RAM_LENGTH_DEFAULT = 0x40000
                0x20040000                        SCRATCH_X_ORIGIN_DEFAULT = 0x20040000
                0x00001000                        SCRATCH_X_LENGTH_DEFAULT = 0x1000
                0x20041000                        SCRATCH_Y_ORIGIN_DEFAULT = 0x20041000
                0x00001000                        SCRATCH_Y_LENGTH_DEFAULT = 0x1000
                0x15000000                        XIP_RAM_ORIGIN_DEFAULT = 0x15000000
                0x00004000                        XIP_RAM_LENGTH_DEFAULT = 0x4000
LOAD CMakeFiles/131-hello-usb.dir/main.c.obj
LOAD CMakeFiles/131-hello-usb.dir/C_/Repositories/pico/pico-sdk/src/rp2_common/pico_stdlib/stdlib.c.obj
LOAD CMakeFiles/131-hello-usb.dir/C_/Repositories/pico/pico-sdk/src/rp2_common/hardware_gpio/gpio.c.obj
LOAD CMakeFiles/131-hello-usb.dir/C_/Repositories/pico/pico-sdk/src/rp2040/pico_platform/platform.c.obj
LOAD CMakeFiles/131-hello-usb.dir/C_/Repositories/pico/pico-sdk/src/rp2_common/pico_platform_common/common.c.obj
LOAD CMakeFiles/131-hello-usb.dir/C_/Repositories/pico/pico-sdk/src/rp2_common/pico_platform_panic/panic.c.obj
LOAD CMakeFiles/131-hello-usb.dir/C_/Repositories/pico/pico-sdk/src/rp2_common/pico_platform_panic/custom_panic_function.S.obj
LOAD CMakeFiles/131-hello-usb.dir/C_/Repositories/pico/pico-sdk/src/common/hardware_claim/claim.c.obj
LOAD CMakeFiles/131-hello-usb.dir/C_/Repositories/pico/pico-sdk/src/rp2_common/hardware_sync/sync.c.obj
LOAD CMakeFiles/131-hello-usb.dir/C_/Repositories/pico/pico-sdk/src/rp2_common/hardware_sync_spin_lock/sync_spin_lock.c.obj
LOAD CMakeFiles/131-hello-usb.dir/C_/Repositories/pico/pico-sdk/src/rp2_common/hardware_irq/irq.c.obj
LOAD CMakeFiles/131-hello-usb.dir/C_/Repositories/pico/pico-sdk/src/rp2_common/hardware_irq/irq_handler_chain.S.obj
LOAD CMakeFiles/131-hello-usb.dir/C_/Repositories/pico/pico-sdk/src/common/pico_sync/sem.c.obj
LOAD CMakeFiles/131-hello-usb.dir/C_/Repositories/pico/pico-sdk/src/common/pico_sync/lock_core.c.obj
LOAD CMakeFiles/131-hello-usb.dir/C_/Repositories/pico/pico-sdk/src/common/pico_sync/mutex.c.obj
LOAD CMakeFiles/131-hello-usb.dir/C_/Repositories/pico/pico-sdk/src/common/pico_sync/critical_section.c.obj
LOAD CMakeFiles/131-hello-usb.dir/C_/Repositories/pico/pico-sdk/src/common/pico_time/time.c.obj
LOAD CMakeFiles/131-hello-usb.dir/C_/Repositories/pico/pico-sdk/src/common/pico_time/timeout_helper.c.obj
LOAD CMakeFiles/131-hello-usb.dir/C_/Repositories/pico/pico-sdk/src/rp2_common/hardware_timer/timer.c.obj
LOAD CMakeFiles/131-hello-usb.dir/C_/Repositories/pico/pico-sdk/src/common/pico_util/datetime.c.obj
LOAD CMakeFiles/131-hello-usb.dir/C_/Repositories/pico/pico-sdk/src/common/pico_util/fixed_bitset.c.obj
LOAD CMakeFiles/131-hello-usb.dir/C_/Repositories/pico/pico-sdk/src/common/pico_util/pheap.c.obj
LOAD CMakeFiles/131-hello-usb.dir/C_/Repositories/pico/pico-sdk/src/common/pico_util/queue.c.obj
LOAD CMakeFiles/131-hello-usb.dir/C_/Repositories/pico/pico-sdk/src/rp2_common/hardware_uart/uart.c.obj
LOAD CMakeFiles/131-hello-usb.dir/C_/Repositories/pico/pico-sdk/src/rp2_common/hardware_clocks/clocks.c.obj
LOAD CMakeFiles/131-hello-usb.dir/C_/Repositories/pico/pico-sdk/src/rp2_common/hardware_pll/pll.c.obj
LOAD CMakeFiles/131-hello-usb.dir/C_/Repositories/pico/pico-sdk/src/rp2_common/hardware_vreg/vreg.c.obj
LOAD CMakeFiles/131-hello-usb.dir/C_/Repositories/pico/pico-sdk/src/rp2_common/hardware_watchdog/watchdog.c.obj
LOAD CMakeFiles/131-hello-usb.dir/C_/Repositories/pico/pico-sdk/src/rp2_common/hardware_ticks/ticks.c.obj
LOAD CMakeFiles/131-hello-usb.dir/C_/Repositories/pico/pico-sdk/src/rp2_common/pico_bootrom/bootrom.c.obj
LOAD CMakeFiles/131-hello-usb.dir/C_/Repositories/pico/pico-sdk/src/rp2_common/pico_bootrom/bootrom_lock.c.obj
LOAD CMakeFiles/131-hello-usb.dir/C_/Repositories/pico/pico-sdk/src/rp2_common/hardware_boot_lock/boot_lock.c.obj
LOAD CMakeFiles/131-hello-usb.dir/C_/Repositories/pico/pico-sdk/src/rp2_common/pico_flash/flash.c.obj
LOAD CMakeFiles/131-hello-usb.dir/C_/Repositories/pico/pico-sdk/src/rp2_common/hardware_xosc/xosc.c.obj
LOAD CMakeFiles/131-hello-usb.dir/C_/Repositories/pico/pico-sdk/src/rp2_common/hardware_divider/divider.S.obj
LOAD CMakeFiles/131-hello-usb.dir/C_/Repositories/pico/pico-sdk/src/rp2_common/pico_runtime/runtime.c.obj
LOAD CMakeFiles/131-hello-usb.dir/C_/Repositories/pico/pico-sdk/src/rp2_common/pico_runtime_init/runtime_init.c.obj
LOAD CMakeFiles/131-hello-usb.dir/C_/Repositories/pico/pico-sdk/src/rp2_common/pico_runtime_init/runtime_init_clocks.c.obj
LOAD CMakeFiles/131-hello-usb.dir/C_/Repositories/pico/pico-sdk/src/rp2_common/pico_runtime_init/runtime_init_stack_guard.c.obj
LOAD CMakeFiles/131-hello-usb.dir/C_/Repositories/pico/pico-sdk/src/rp2_common/hardware_rtc/rtc.c.obj
LOAD CMakeFiles/131-hello-usb.dir/C_/Repositories/pico/pico-sdk/src/rp2_common/pico_bit_ops/bit_ops_aeabi.S.obj
LOAD CMakeFiles/131-hello-usb.dir/C_/Repositories/pico/pico-sdk/src/rp2_common/pico_divider/divider_hardware.S.obj
LOAD CMakeFiles/131-hello-usb.dir/C_/Repositories/pico/pico-sdk/src/rp2_common/pico_double/double_aeabi_rp2040.S.obj
LOAD CMakeFiles/131-hello-usb.dir/C_/Repositories/pico/pico-sdk/src/rp2_common/pico_double/double_init_rom_rp2040.c.obj
LOAD CMakeFiles/131-hello-usb.dir/C_/Repositories/pico/pico-sdk/src/rp2_common/pico_double/double_math.c.obj
LOAD CMakeFiles/131-hello-usb.dir/C_/Repositories/pico/pico-sdk/src/rp2_common/pico_double/double_v1_rom_shim_rp2040.S.obj
LOAD CMakeFiles/131-hello-usb.dir/C_/Repositories/pico/pico-sdk/src/rp2_common/pico_int64_ops/pico_int64_ops_aeabi.S.obj
LOAD CMakeFiles/131-hello-usb.dir/C_/Repositories/pico/pico-sdk/src/rp2_common/pico_float/float_aeabi_rp2040.S.obj
LOAD CMakeFiles/131-hello-usb.dir/C_/Repositories/pico/pico-sdk/src/rp2_common/pico_float/float_init_rom_rp2040.c.obj
LOAD CMakeFiles/131-hello-usb.dir/C_/Repositories/pico/pico-sdk/src/rp2_common/pico_float/float_math.c.obj
LOAD CMakeFiles/131-hello-usb.dir/C_/Repositories/pico/pico-sdk/src/rp2_common/pico_float/float_v1_rom_shim_rp2040.S.obj
LOAD CMakeFiles/131-hello-usb.dir/C_/Repositories/pico/pico-sdk/src/rp2_common/pico_malloc/malloc.c.obj
LOAD CMakeFiles/131-hello-usb.dir/C_/Repositories/pico/pico-sdk/src/rp2_common/pico_mem_ops/mem_ops_aeabi.S.obj
LOAD CMakeFiles/131-hello-usb.dir/C_/Repositories/pico/pico-sdk/src/rp2_common/pico_atomic/atomic.c.obj
LOAD CMakeFiles/131-hello-usb.dir/C_/Repositories/pico/pico-sdk/src/rp2_common/pico_cxx_options/new_delete.cpp.obj
LOAD CMakeFiles/131-hello-usb.dir/C_/Repositories/pico/pico-sdk/src/rp2_common/pico_standard_binary_info/standard_binary_info.c.obj
LOAD CMakeFiles/131-hello-usb.dir/C_/Repositories/pico/pico-sdk/src/rp2_common/pico_printf/printf.c.obj
LOAD CMakeFiles/131-hello-usb.dir/C_/Repositories/pico/pico-sdk/src/rp2_common/pico_crt0/crt0.S.obj
LOAD CMakeFiles/131-hello-usb.dir/C_/Repositories/pico/pico-sdk/src/rp2_common/pico_clib_interface/newlib_interface.c.obj
LOAD CMakeFiles/131-hello-usb.dir/C_/Repositories/pico/pico-sdk/src/rp2_common/pico_clib_interface/cxa_guard.c.obj
LOAD CMakeFiles/131-hello-usb.dir/C_/Repositories/pico/pico-sdk/src/rp2_common/pico_stdio/stdio.c.obj
LOAD CMakeFiles/131-hello-usb.dir/C_/Repositories/pico/pico-sdk/src/rp2_common/pico_stdio_usb/stdio_usb.c.obj
LOAD CMakeFiles/131-hello-usb.dir/C_/Repositories/pico/pico-sdk/src/rp2_common/pico_stdio_usb/stdio_usb_descriptors.c.obj
LOAD CMakeFiles/131-hello-usb.dir/C_/Repositories/pico/pico-sdk/src/rp2_common/pico_unique_id/unique_id.c.obj
LOAD CMakeFiles/131-hello-usb.dir/C_/Repositories/pico/pico-sdk/src/rp2_common/hardware_flash/flash.c.obj
LOAD CMakeFiles/131-hello-usb.dir/C_/Repositories/pico/pico-sdk/src/rp2_common/hardware_xip_cache/xip_cache.c.obj
LOAD CMakeFiles/131-hello-usb.dir/C_/Repositories/pico/pico-sdk/src/rp2_common/pico_usb_reset/usb_reset.c.obj
LOAD CMakeFiles/131-hello-usb.dir/C_/Repositories/pico/pico-sdk/lib/tinyusb/src/portable/raspberrypi/rp2040/dcd_rp2040.c.obj
LOAD CMakeFiles/131-hello-usb.dir/C_/Repositories/pico/pico-sdk/lib/tinyusb/src/portable/raspberrypi/rp2040/rp2040_usb.c.obj
LOAD CMakeFiles/131-hello-usb.dir/C_/Repositories/pico/pico-sdk/lib/tinyusb/src/device/usbd.c.obj
LOAD CMakeFiles/131-hello-usb.dir/C_/Repositories/pico/pico-sdk/lib/tinyusb/src/device/usbd_control.c.obj
LOAD CMakeFiles/131-hello-usb.dir/C_/Repositories/pico/pico-sdk/lib/tinyusb/src/class/audio/audio_device.c.obj
LOAD CMakeFiles/131-hello-usb.dir/C_/Repositories/pico/pico-sdk/lib/tinyusb/src/class/cdc/cdc_device.c.obj
LOAD CMakeFiles/131-hello-usb.dir/C_/Repositories/pico/pico-sdk/lib/tinyusb/src/class/dfu/dfu_device.c.obj
LOAD CMakeFiles/131-hello-usb.dir/C_/Repositories/pico/pico-sdk/lib/tinyusb/src/class/dfu/dfu_rt_device.c.obj
LOAD CMakeFiles/131-hello-usb.dir/C_/Repositories/pico/pico-sdk/lib/tinyusb/src/class/hid/hid_device.c.obj
LOAD CMakeFiles/131-hello-usb.dir/C_/Repositories/pico/pico-sdk/lib/tinyusb/src/class/midi/midi_device.c.obj
LOAD CMakeFiles/131-hello-usb.dir/C_/Repositories/pico/pico-sdk/lib/tinyusb/src/class/msc/msc_device.c.obj
LOAD CMakeFiles/131-hello-usb.dir/C_/Repositories/pico/pico-sdk/lib/tinyusb/src/class/net/ecm_rndis_device.c.obj
LOAD CMakeFiles/131-hello-usb.dir/C_/Repositories/pico/pico-sdk/lib/tinyusb/src/class/net/ncm_device.c.obj
LOAD CMakeFiles/131-hello-usb.dir/C_/Repositories/pico/pico-sdk/lib/tinyusb/src/class/usbtmc/usbtmc_device.c.obj
LOAD CMakeFiles/131-hello-usb.dir/C_/Repositories/pico/pico-sdk/lib/tinyusb/src/class/vendor/vendor_device.c.obj
LOAD CMakeFiles/131-hello-usb.dir/C_/Repositories/pico/pico-sdk/lib/tinyusb/src/class/video/video_device.c.obj
LOAD CMakeFiles/131-hello-usb.dir/C_/Repositories/pico/pico-sdk/lib/tinyusb/src/tusb.c.obj
LOAD CMakeFiles/131-hello-usb.dir/C_/Repositories/pico/pico-sdk/lib/tinyusb/src/common/tusb_fifo.c.obj
LOAD CMakeFiles/131-hello-usb.dir/C_/Repositories/pico/pico-sdk/src/rp2_common/pico_fix/rp2040_usb_device_enumeration/rp2040_usb_device_enumeration.c.obj
LOAD CMakeFiles/131-hello-usb.dir/C_/Repositories/pico/pico-sdk/src/rp2_common/pico_thread_local/thread_local.c.obj
LOAD pico-sdk/src/rp2040/boot_stage2/CMakeFiles/bs2_default_library.dir/bs2_default_padded_checksummed.S.obj
LOAD C:/Program Files/Arm/GNU Toolchain mingw-w64-x86_64-arm-none-eabi/bin/../lib/gcc/arm-none-eabi/15.3.1/../../../../arm-none-eabi/lib/thumb/v6-m/nofp\libstdc++.a
LOAD C:/Program Files/Arm/GNU Toolchain mingw-w64-x86_64-arm-none-eabi/bin/../lib/gcc/arm-none-eabi/15.3.1/../../../../arm-none-eabi/lib/thumb/v6-m/nofp\libm.a
START GROUP
LOAD C:/Program Files/Arm/GNU Toolchain mingw-w64-x86_64-arm-none-eabi/bin/../lib/gcc/arm-none-eabi/15.3.1/thumb/v6-m/nofp\libgcc.a
LOAD C:/Program Files/Arm/GNU Toolchain mingw-w64-x86_64-arm-none-eabi/bin/../lib/gcc/arm-none-eabi/15.3.1/../../../../arm-none-eabi/lib/thumb/v6-m/nofp\libg.a
LOAD C:/Program Files/Arm/GNU Toolchain mingw-w64-x86_64-arm-none-eabi/bin/../lib/gcc/arm-none-eabi/15.3.1/../../../../arm-none-eabi/lib/thumb/v6-m/nofp\libc.a
END GROUP
                0x20000000                        PROVIDE (RAM_ORIGIN = RAM_ORIGIN_DEFAULT)
                0x00040000                        PROVIDE (RAM_LENGTH = RAM_LENGTH_DEFAULT)
                0x20040000                        PROVIDE (SCRATCH_X_ORIGIN = SCRATCH_X_ORIGIN_DEFAULT)
                0x00001000                        PROVIDE (SCRATCH_X_LENGTH = SCRATCH_X_LENGTH_DEFAULT)
                0x20041000                        PROVIDE (SCRATCH_Y_ORIGIN = SCRATCH_Y_ORIGIN_DEFAULT)
                0x00001000                        PROVIDE (SCRATCH_Y_LENGTH = SCRATCH_Y_LENGTH_DEFAULT)
                0x15000000                        PROVIDE (XIP_RAM_ORIGIN = XIP_RAM_ORIGIN_DEFAULT)
                0x00004000                        PROVIDE (XIP_RAM_LENGTH = XIP_RAM_LENGTH_DEFAULT)
                0x20000000                        RAM_ORIGIN = DEFINED (RAM_ORIGIN)?RAM_ORIGIN:RAM_ORIGIN_DEFAULT
                0x00040000                        RAM_LENGTH = DEFINED (RAM_LENGTH)?RAM_LENGTH:RAM_LENGTH_DEFAULT
                0x20040000                        SCRATCH_X_ORIGIN = DEFINED (SCRATCH_X_ORIGIN)?SCRATCH_X_ORIGIN:SCRATCH_X_ORIGIN_DEFAULT
                0x00001000                        SCRATCH_X_LENGTH = DEFINED (SCRATCH_X_LENGTH)?SCRATCH_X_LENGTH:SCRATCH_X_LENGTH_DEFAULT
                0x20041000                        SCRATCH_Y_ORIGIN = DEFINED (SCRATCH_Y_ORIGIN)?SCRATCH_Y_ORIGIN:SCRATCH_Y_ORIGIN_DEFAULT
                0x00001000                        SCRATCH_Y_LENGTH = DEFINED (SCRATCH_Y_LENGTH)?SCRATCH_Y_LENGTH:SCRATCH_Y_LENGTH_DEFAULT
                0x15000000                        XIP_RAM_ORIGIN = DEFINED (XIP_RAM_ORIGIN)?XIP_RAM_ORIGIN:XIP_RAM_ORIGIN_DEFAULT
                0x00004000                        XIP_RAM_LENGTH = DEFINED (XIP_RAM_LENGTH)?XIP_RAM_LENGTH:XIP_RAM_LENGTH_DEFAULT

.flash_begin    0x10000000        0x0
                0x10000000                        __flash_binary_start = .

.boot2          0x10000000      0x100
                0x10000000                        __boot2_start__ = .
 *(.boot2)
 .boot2         0x10000000      0x100 pico-sdk/src/rp2040/boot_stage2/CMakeFiles/bs2_default_library.dir/bs2_default_padded_checksummed.S.obj
                0x10000100                        __boot2_end__ = .
                0x00000001                        ASSERT (((__boot2_end__ - __boot2_start__) == 0x100), ERROR: Pico second stage bootloader must be exactly 256 bytes in size for RP2040)

.text           0x10000100     0x6490
                0x10000100                        __logical_binary_start = .
 *(.vectors)
 .vectors       0x10000100       0xd4 CMakeFiles/131-hello-usb.dir/C_/Repositories/pico/pico-sdk/src/rp2_common/pico_crt0/crt0.S.obj
                0x10000100                __VECTOR_TABLE
                0x10000100                __vectors
                0x100001c0                isr_irq13
                0x100001c0                isr_irq27
                0x100001c0                isr_irq31
                0x100001c0                isr_irq12
                0x100001c0                isr_irq5
                0x100001c0                isr_irq11
                0x100001c0                isr_irq3
                0x100001c0                isr_irq23
                0x100001c0                __unhandled_user_irq
                0x100001c0                isr_irq26
                0x100001c0                isr_irq28
                0x100001c0                isr_irq19
                0x100001c0                isr_irq0
                0x100001c0                isr_irq6
                0x100001c0                isr_irq29
                0x100001c0                isr_irq16
                0x100001c0                isr_irq22
                0x100001c0                isr_irq18
                0x100001c0                isr_irq17
                0x100001c0                isr_irq14
                0x100001c0                __vectors_end
                0x100001c0                __default_isrs_start
                0x100001c0                isr_irq2
                0x100001c0                isr_irq10
                0x100001c0                isr_irq8
                0x100001c0                isr_irq24
                0x100001c0                isr_irq1
                0x100001c0                isr_irq7
                0x100001c0                isr_irq21
                0x100001c0                isr_irq20
                0x100001c0                isr_irq15
                0x100001c0                isr_irq25
                0x100001c0                isr_irq4
                0x100001c0                isr_irq30
                0x100001c0                isr_irq9
                0x100001c6                unhandled_user_irq_num_in_r0
                0x100001c8                isr_invalid
                0x100001ca                isr_nmi
                0x100001cc                isr_hardfault
                0x100001ce                isr_svcall
                0x100001d0                isr_pendsv
                0x100001d2                isr_systick
                0x100001d4                __default_isrs_end
 *(.binary_info_header)
 .binary_info_header
                0x100001d4       0x14 CMakeFiles/131-hello-usb.dir/C_/Repositories/pico/pico-sdk/src/rp2_common/pico_crt0/crt0.S.obj
                0x100001e8                        __binary_info_header_end = .
 *(.embedded_block)
                0x100001e8                        __embedded_block_end = .
 *(.reset)
 .reset         0x100001e8       0x98 CMakeFiles/131-hello-usb.dir/C_/Repositories/pico/pico-sdk/src/rp2_common/pico_crt0/crt0.S.obj
                0x100001e8                _entry_point
 *(.init)
 *libgcc.a:cmse_nonsecure_call.o()
 *(EXCLUDE_FILE(*libm.a: *lib*_a-mem*.o *libc.a: *libgcc.a:) .text*)
 .text.startup.main
                0x10000280       0xb0 CMakeFiles/131-hello-usb.dir/main.c.obj
                0x10000280                main
 .text.gpio_set_pulls
                0x10000330       0x24 CMakeFiles/131-hello-usb.dir/C_/Repositories/pico/pico-sdk/src/rp2_common/hardware_gpio/gpio.c.obj
                0x10000330                gpio_set_pulls
 .text.gpio_init
                0x10000354       0x3c CMakeFiles/131-hello-usb.dir/C_/Repositories/pico/pico-sdk/src/rp2_common/hardware_gpio/gpio.c.obj
                0x10000354                gpio_init
 .text.rp2040_chip_version
                0x10000390        0xc CMakeFiles/131-hello-usb.dir/C_/Repositories/pico/pico-sdk/src/rp2040/pico_platform/platform.c.obj
                0x10000390                rp2040_chip_version
 .text.panic    0x1000039c       0x30 CMakeFiles/131-hello-usb.dir/C_/Repositories/pico/pico-sdk/src/rp2_common/pico_platform_panic/panic.c.obj
                0x1000039c                panic
 .text.hw_claim_or_assert
                0x100003cc       0x50 CMakeFiles/131-hello-usb.dir/C_/Repositories/pico/pico-sdk/src/common/hardware_claim/claim.c.obj
                0x100003cc                hw_claim_or_assert
 .text.hw_claim_unused_from_range
                0x1000041c       0x88 CMakeFiles/131-hello-usb.dir/C_/Repositories/pico/pico-sdk/src/common/hardware_claim/claim.c.obj
                0x1000041c                hw_claim_unused_from_range
 .text.next_striped_spin_lock_num
                0x100004a4       0x18 CMakeFiles/131-hello-usb.dir/C_/Repositories/pico/pico-sdk/src/rp2_common/hardware_sync/sync.c.obj
                0x100004a4                next_striped_spin_lock_num
 .text.spin_lock_claim_unused
                0x100004bc       0x20 CMakeFiles/131-hello-usb.dir/C_/Repositories/pico/pico-sdk/src/rp2_common/hardware_sync/sync.c.obj
                0x100004bc                spin_lock_claim_unused
 .text.spin_locks_reset
                0x100004dc       0x1c CMakeFiles/131-hello-usb.dir/C_/Repositories/pico/pico-sdk/src/rp2_common/hardware_sync_spin_lock/sync_spin_lock.c.obj
                0x100004dc                spin_locks_reset
 .text.runtime_init_per_core_irq_priorities
                0x100004f8       0x48 CMakeFiles/131-hello-usb.dir/C_/Repositories/pico/pico-sdk/src/rp2_common/hardware_irq/irq.c.obj
                0x100004f8                runtime_init_per_core_irq_priorities
 .text.irq_set_enabled
                0x10000540       0x24 CMakeFiles/131-hello-usb.dir/C_/Repositories/pico/pico-sdk/src/rp2_common/hardware_irq/irq.c.obj
                0x10000540                irq_set_enabled
 .text.irq_is_enabled
                0x10000564       0x18 CMakeFiles/131-hello-usb.dir/C_/Repositories/pico/pico-sdk/src/rp2_common/hardware_irq/irq.c.obj
                0x10000564                irq_is_enabled
 .text.irq_set_pending
                0x1000057c       0x10 CMakeFiles/131-hello-usb.dir/C_/Repositories/pico/pico-sdk/src/rp2_common/hardware_irq/irq.c.obj
                0x1000057c                irq_set_pending
 .text.irq_has_shared_handler
                0x1000058c       0x20 CMakeFiles/131-hello-usb.dir/C_/Repositories/pico/pico-sdk/src/rp2_common/hardware_irq/irq.c.obj
                0x1000058c                irq_has_shared_handler
 .text.irq_set_exclusive_handler
                0x100005ac       0x54 CMakeFiles/131-hello-usb.dir/C_/Repositories/pico/pico-sdk/src/rp2_common/hardware_irq/irq.c.obj
                0x100005ac                irq_set_exclusive_handler
 .text.irq_add_shared_handler
                0x10000600      0x1b8 CMakeFiles/131-hello-usb.dir/C_/Repositories/pico/pico-sdk/src/rp2_common/hardware_irq/irq.c.obj
                0x10000600                irq_add_shared_handler
 .text.irq_add_tail_to_free_list
                0x100007b8       0xcc CMakeFiles/131-hello-usb.dir/C_/Repositories/pico/pico-sdk/src/rp2_common/hardware_irq/irq.c.obj
                0x100007b8                irq_add_tail_to_free_list
 .text.user_irq_claim_unused
                0x10000884       0x28 CMakeFiles/131-hello-usb.dir/C_/Repositories/pico/pico-sdk/src/rp2_common/hardware_irq/irq.c.obj
                0x10000884                user_irq_claim_unused
 .text.lock_init
                0x100008ac       0x10 CMakeFiles/131-hello-usb.dir/C_/Repositories/pico/pico-sdk/src/common/pico_sync/lock_core.c.obj
                0x100008ac                lock_init
 .text.runtime_init_mutex
                0x100008bc       0x50 CMakeFiles/131-hello-usb.dir/C_/Repositories/pico/pico-sdk/src/common/pico_sync/mutex.c.obj
                0x100008bc                runtime_init_mutex
 .text.mutex_init
                0x1000090c       0x1c CMakeFiles/131-hello-usb.dir/C_/Repositories/pico/pico-sdk/src/common/pico_sync/mutex.c.obj
                0x1000090c                mutex_init
 .text.critical_section_init
                0x10000928       0x1c CMakeFiles/131-hello-usb.dir/C_/Repositories/pico/pico-sdk/src/common/pico_sync/critical_section.c.obj
                0x10000928                critical_section_init
 .text.critical_section_init_with_lock_num
                0x10000944       0x14 CMakeFiles/131-hello-usb.dir/C_/Repositories/pico/pico-sdk/src/common/pico_sync/critical_section.c.obj
                0x10000944                critical_section_init_with_lock_num
 .text.sleep_until_callback
                0x10000958       0x30 CMakeFiles/131-hello-usb.dir/C_/Repositories/pico/pico-sdk/src/common/pico_time/time.c.obj
 .text.alarm_pool_irq_handler
                0x10000988      0x2f4 CMakeFiles/131-hello-usb.dir/C_/Repositories/pico/pico-sdk/src/common/pico_time/time.c.obj
 .text.runtime_init_default_alarm_pool
                0x10000c7c       0xd8 CMakeFiles/131-hello-usb.dir/C_/Repositories/pico/pico-sdk/src/common/pico_time/time.c.obj
                0x10000c7c                runtime_init_default_alarm_pool
 .text.alarm_pool_get_default
                0x10000d54        0x8 CMakeFiles/131-hello-usb.dir/C_/Repositories/pico/pico-sdk/src/common/pico_time/time.c.obj
                0x10000d54                alarm_pool_get_default
 .text.alarm_pool_add_alarm_at
                0x10000d5c       0xcc CMakeFiles/131-hello-usb.dir/C_/Repositories/pico/pico-sdk/src/common/pico_time/time.c.obj
                0x10000d5c                alarm_pool_add_alarm_at
 .text.alarm_pool_add_alarm_at_force_in_context
                0x10000e28       0xbc CMakeFiles/131-hello-usb.dir/C_/Repositories/pico/pico-sdk/src/common/pico_time/time.c.obj
                0x10000e28                alarm_pool_add_alarm_at_force_in_context
 .text.alarm_pool_cancel_alarm
                0x10000ee4       0x74 CMakeFiles/131-hello-usb.dir/C_/Repositories/pico/pico-sdk/src/common/pico_time/time.c.obj
                0x10000ee4                alarm_pool_cancel_alarm
 .text.alarm_pool_core_num
                0x10000f58        0x4 CMakeFiles/131-hello-usb.dir/C_/Repositories/pico/pico-sdk/src/common/pico_time/time.c.obj
                0x10000f58                alarm_pool_core_num
 .text.sleep_ms
                0x10000f5c       0xfc CMakeFiles/131-hello-usb.dir/C_/Repositories/pico/pico-sdk/src/common/pico_time/time.c.obj
                0x10000f5c                sleep_ms
 .text.best_effort_wfe_or_timeout
                0x10001058      0x12c CMakeFiles/131-hello-usb.dir/C_/Repositories/pico/pico-sdk/src/common/pico_time/time.c.obj
                0x10001058                best_effort_wfe_or_timeout
 .text.timer_hardware_alarm_claim
                0x10001184       0x14 CMakeFiles/131-hello-usb.dir/C_/Repositories/pico/pico-sdk/src/rp2_common/hardware_timer/timer.c.obj
                0x10001184                timer_hardware_alarm_claim
 .text.timer_time_us_64
                0x10001198       0x10 CMakeFiles/131-hello-usb.dir/C_/Repositories/pico/pico-sdk/src/rp2_common/hardware_timer/timer.c.obj
                0x10001198                timer_time_us_64
 .text.time_us_64
                0x100011a8       0x14 CMakeFiles/131-hello-usb.dir/C_/Repositories/pico/pico-sdk/src/rp2_common/hardware_timer/timer.c.obj
                0x100011a8                time_us_64
 .text.busy_wait_until
                0x100011bc       0x20 CMakeFiles/131-hello-usb.dir/C_/Repositories/pico/pico-sdk/src/rp2_common/hardware_timer/timer.c.obj
                0x100011bc                busy_wait_until
 .text.clock_configure_int_divider
                0x100011dc       0xec CMakeFiles/131-hello-usb.dir/C_/Repositories/pico/pico-sdk/src/rp2_common/hardware_clocks/clocks.c.obj
                0x100011dc                clock_configure_int_divider
 .text.clock_configure_undivided
                0x100012c8       0xe0 CMakeFiles/131-hello-usb.dir/C_/Repositories/pico/pico-sdk/src/rp2_common/hardware_clocks/clocks.c.obj
                0x100012c8                clock_configure_undivided
 .text.clock_get_hz
                0x100013a8        0xc CMakeFiles/131-hello-usb.dir/C_/Repositories/pico/pico-sdk/src/rp2_common/hardware_clocks/clocks.c.obj
                0x100013a8                clock_get_hz
 .text.pll_init
                0x100013b4       0xb0 CMakeFiles/131-hello-usb.dir/C_/Repositories/pico/pico-sdk/src/rp2_common/hardware_pll/pll.c.obj
                0x100013b4                pll_init
 .text.watchdog_reboot
                0x10001464       0x9c CMakeFiles/131-hello-usb.dir/C_/Repositories/pico/pico-sdk/src/rp2_common/hardware_watchdog/watchdog.c.obj
                0x10001464                watchdog_reboot
 .text.tick_start
                0x10001500       0x10 CMakeFiles/131-hello-usb.dir/C_/Repositories/pico/pico-sdk/src/rp2_common/hardware_ticks/ticks.c.obj
                0x10001500                tick_start
 .text.rom_func_lookup
                0x10001510       0x10 CMakeFiles/131-hello-usb.dir/C_/Repositories/pico/pico-sdk/src/rp2_common/pico_bootrom/bootrom.c.obj
                0x10001510                rom_func_lookup
 .text.rom_data_lookup
                0x10001520       0x10 CMakeFiles/131-hello-usb.dir/C_/Repositories/pico/pico-sdk/src/rp2_common/pico_bootrom/bootrom.c.obj
                0x10001520                rom_data_lookup
 .text.rom_funcs_lookup
                0x10001530       0x44 CMakeFiles/131-hello-usb.dir/C_/Repositories/pico/pico-sdk/src/rp2_common/pico_bootrom/bootrom.c.obj
                0x10001530                rom_funcs_lookup
 .text.rom_reset_usb_boot_extra
                0x10001574       0x24 CMakeFiles/131-hello-usb.dir/C_/Repositories/pico/pico-sdk/src/rp2_common/pico_bootrom/bootrom.c.obj
                0x10001574                rom_reset_usb_boot_extra
 .text.xosc_init
                0x10001598       0x28 CMakeFiles/131-hello-usb.dir/C_/Repositories/pico/pico-sdk/src/rp2_common/hardware_xosc/xosc.c.obj
                0x10001598                xosc_init
 .text.first_per_core_initializer
                0x100015c0        0x4 CMakeFiles/131-hello-usb.dir/C_/Repositories/pico/pico-sdk/src/rp2_common/pico_runtime/runtime.c.obj
 .text.hard_assertion_failure
                0x100015c4        0xc CMakeFiles/131-hello-usb.dir/C_/Repositories/pico/pico-sdk/src/rp2_common/pico_runtime/runtime.c.obj
                0x100015c4                hard_assertion_failure
 .text.runtime_run_initializers
                0x100015d0       0x28 CMakeFiles/131-hello-usb.dir/C_/Repositories/pico/pico-sdk/src/rp2_common/pico_runtime/runtime.c.obj
                0x100015d0                runtime_run_initializers
 .text.runtime_init_early_resets
                0x100015f8       0x2c CMakeFiles/131-hello-usb.dir/C_/Repositories/pico/pico-sdk/src/rp2_common/pico_runtime_init/runtime_init.c.obj
                0x100015f8                runtime_init_early_resets
 .text.runtime_init_usb_power_down
                0x10001624       0x1c CMakeFiles/131-hello-usb.dir/C_/Repositories/pico/pico-sdk/src/rp2_common/pico_runtime_init/runtime_init.c.obj
                0x10001624                runtime_init_usb_power_down
 .text.runtime_init_post_clock_resets
                0x10001640       0x20 CMakeFiles/131-hello-usb.dir/C_/Repositories/pico/pico-sdk/src/rp2_common/pico_runtime_init/runtime_init.c.obj
                0x10001640                runtime_init_post_clock_resets
 .text.runtime_init_rp2040_gpio_ie_disable
                0x10001660       0x14 CMakeFiles/131-hello-usb.dir/C_/Repositories/pico/pico-sdk/src/rp2_common/pico_runtime_init/runtime_init.c.obj
                0x10001660                runtime_init_rp2040_gpio_ie_disable
 .text.runtime_init_spin_locks_reset
                0x10001674        0x8 CMakeFiles/131-hello-usb.dir/C_/Repositories/pico/pico-sdk/src/rp2_common/pico_runtime_init/runtime_init.c.obj
                0x10001674                runtime_init_spin_locks_reset
 .text.runtime_init_install_ram_vector_table
                0x1000167c       0xb4 CMakeFiles/131-hello-usb.dir/C_/Repositories/pico/pico-sdk/src/rp2_common/pico_runtime_init/runtime_init.c.obj
                0x1000167c                runtime_init_install_ram_vector_table
 .text.runtime_init_clocks
                0x10001730       0xd8 CMakeFiles/131-hello-usb.dir/C_/Repositories/pico/pico-sdk/src/rp2_common/pico_runtime_init/runtime_init_clocks.c.obj
                0x10001730                runtime_init_clocks
 .text          0x10001808       0x10 CMakeFiles/131-hello-usb.dir/C_/Repositories/pico/pico-sdk/src/rp2_common/pico_bit_ops/bit_ops_aeabi.S.obj
 .text.__wrap___aeabi_idiv
                0x10001818       0x50 CMakeFiles/131-hello-usb.dir/C_/Repositories/pico/pico-sdk/src/rp2_common/pico_divider/divider_hardware.S.obj
                0x10001818                __wrap___aeabi_idivmod
                0x10001818                divmod_s32s32
                0x10001818                div_s32s32
                0x10001818                __wrap___aeabi_idiv
                0x1000184c                divmod_s32s32_savestate
 .text.__wrap___aeabi_uidiv
                0x10001868       0x4c CMakeFiles/131-hello-usb.dir/C_/Repositories/pico/pico-sdk/src/rp2_common/pico_divider/divider_hardware.S.obj
                0x10001868                __wrap___aeabi_uidivmod
                0x10001868                div_u32u32
                0x10001868                divmod_u32u32
                0x10001868                __wrap___aeabi_uidiv
                0x10001898                divmod_u32u32_savestate
 .text.__wrap___aeabi_ldiv
                0x100018b4      0x424 CMakeFiles/131-hello-usb.dir/C_/Repositories/pico/pico-sdk/src/rp2_common/pico_divider/divider_hardware.S.obj
                0x100018b4                div_s64s64
                0x100018b4                divmod_s64s64
                0x100018b4                __wrap___aeabi_ldivmod
                0x100018e4                divmod_u64u64
                0x100018e4                div_u64u64
                0x100018e4                __wrap___aeabi_uldivmod
                0x100018f4                divmod_u64u64_savestate
                0x10001914                divmod_s64s64_unsafe
                0x1000199c                divmod_u64u64_unsafe
 .text.__wrap___aeabi_darithmetic
                0x10001cd8       0x80 CMakeFiles/131-hello-usb.dir/C_/Repositories/pico/pico-sdk/src/rp2_common/pico_double/double_aeabi_rp2040.S.obj
                0x10001cd8                __wrap___aeabi_drsub
                0x10001cde                __wrap___aeabi_dsub
                0x10001cf0                __wrap___aeabi_dadd
                0x10001d02                __wrap___aeabi_ddiv
                0x10001d3e                __wrap___aeabi_dmul
 .text.__wrap___aeabi_cdcmple
                0x10001d58       0x6c CMakeFiles/131-hello-usb.dir/C_/Repositories/pico/pico-sdk/src/rp2_common/pico_double/double_aeabi_rp2040.S.obj
                0x10001d58                __wrap___aeabi_cdrcmple
                0x10001d68                __wrap___aeabi_cdcmpeq
                0x10001d68                __wrap___aeabi_cdcmple
 .text.__wrap___aeabi_dcmplt
                0x10001dc4        0xc CMakeFiles/131-hello-usb.dir/C_/Repositories/pico/pico-sdk/src/rp2_common/pico_double/double_aeabi_rp2040.S.obj
                0x10001dc4                __wrap___aeabi_dcmplt
 .text.__wrap___aeabi_dcmple
                0x10001dd0       0x10 CMakeFiles/131-hello-usb.dir/C_/Repositories/pico/pico-sdk/src/rp2_common/pico_double/double_aeabi_rp2040.S.obj
                0x10001dd0                __wrap___aeabi_dcmple
 .text.__wrap___aeabi_dcmpge
                0x10001de0       0x10 CMakeFiles/131-hello-usb.dir/C_/Repositories/pico/pico-sdk/src/rp2_common/pico_double/double_aeabi_rp2040.S.obj
                0x10001de0                __wrap___aeabi_dcmpge
 .text.__wrap___aeabi_dcmpgt
                0x10001df0        0xa CMakeFiles/131-hello-usb.dir/C_/Repositories/pico/pico-sdk/src/rp2_common/pico_double/double_aeabi_rp2040.S.obj
                0x10001df0                __wrap___aeabi_dcmpgt
 .text.__wrap___aeabi_dcmpun
                0x10001dfa       0x18 CMakeFiles/131-hello-usb.dir/C_/Repositories/pico/pico-sdk/src/rp2_common/pico_double/double_aeabi_rp2040.S.obj
                0x10001dfa                __wrap___aeabi_dcmpun
 *fill*         0x10001e12        0x2 
 .text.__wrap___aeabi_i2d
                0x10001e14       0x38 CMakeFiles/131-hello-usb.dir/C_/Repositories/pico/pico-sdk/src/rp2_common/pico_double/double_aeabi_rp2040.S.obj
                0x10001e14                uint2double
                0x10001e14                __wrap___aeabi_ui2d
                0x10001e1c                int2double
                0x10001e1c                __wrap___aeabi_i2d
 .text.__wrap___aeabi_d2iz
                0x10001e4c       0x48 CMakeFiles/131-hello-usb.dir/C_/Repositories/pico/pico-sdk/src/rp2_common/pico_double/double_aeabi_rp2040.S.obj
                0x10001e4c                double2int_z
                0x10001e4c                __wrap___aeabi_d2iz
 .text.__wrap___aeabi_d2uiz
                0x10001e94       0x18 CMakeFiles/131-hello-usb.dir/C_/Repositories/pico/pico-sdk/src/rp2_common/pico_double/double_aeabi_rp2040.S.obj
                0x10001e94                double2uint
                0x10001e94                __wrap___aeabi_d2uiz
                0x10001e94                double2uint_z
 .text.__aeabi_double_init
                0x10001eac       0xa4 CMakeFiles/131-hello-usb.dir/C_/Repositories/pico/pico-sdk/src/rp2_common/pico_double/double_init_rom_rp2040.c.obj
                0x10001eac                __aeabi_double_init
 .text.double_table_shim_on_use_helper
                0x10001f50       0x2c CMakeFiles/131-hello-usb.dir/C_/Repositories/pico/pico-sdk/src/rp2_common/pico_double/double_v1_rom_shim_rp2040.S.obj
                0x10001f50                double_table_shim_on_use_helper
 .text.__wrap___aeabi_dsub
                0x10001f7c       0x10 CMakeFiles/131-hello-usb.dir/C_/Repositories/pico/pico-sdk/src/rp2_common/pico_double/double_v1_rom_shim_rp2040.S.obj
                0x10001f7c                drsub_shim
                0x10001f82                dsub_shim
 .text.dadd_shim
                0x10001f8c      0x15c CMakeFiles/131-hello-usb.dir/C_/Repositories/pico/pico-sdk/src/rp2_common/pico_double/double_v1_rom_shim_rp2040.S.obj
                0x10001f8c                dadd_shim
 .text.dmul_shim
                0x100020e8      0x15c CMakeFiles/131-hello-usb.dir/C_/Repositories/pico/pico-sdk/src/rp2_common/pico_double/double_v1_rom_shim_rp2040.S.obj
                0x100020e8                dmul_shim
 .text.ddiv_shim
                0x10002244      0x1b0 CMakeFiles/131-hello-usb.dir/C_/Repositories/pico/pico-sdk/src/rp2_common/pico_double/double_v1_rom_shim_rp2040.S.obj
                0x10002244                ddiv_shim
 .text.double2uint_shim
                0x100023f4        0xe CMakeFiles/131-hello-usb.dir/C_/Repositories/pico/pico-sdk/src/rp2_common/pico_double/double_v1_rom_shim_rp2040.S.obj
                0x100023f4                double2uint_shim
                0x100023f6                double2ufix_shim
 *fill*         0x10002402        0x2 
 .text.double2uint64_shim
                0x10002404       0x70 CMakeFiles/131-hello-usb.dir/C_/Repositories/pico/pico-sdk/src/rp2_common/pico_double/double_v1_rom_shim_rp2040.S.obj
                0x10002404                double2uint64_shim
                0x10002406                double2ufix64_shim
                0x10002426                d2fix_a
 .text.dunpacks
                0x10002474       0x3c CMakeFiles/131-hello-usb.dir/C_/Repositories/pico/pico-sdk/src/rp2_common/pico_double/double_v1_rom_shim_rp2040.S.obj
                0x10002474                dunpacks
 .text.__aeabi_lmul
                0x100024b0       0x32 CMakeFiles/131-hello-usb.dir/C_/Repositories/pico/pico-sdk/src/rp2_common/pico_int64_ops/pico_int64_ops_aeabi.S.obj
                0x100024b0                __wrap___aeabi_lmul
 *fill*         0x100024e2        0x2 
 .text.__aeabi_float_init
                0x100024e4       0x68 CMakeFiles/131-hello-usb.dir/C_/Repositories/pico/pico-sdk/src/rp2_common/pico_float/float_init_rom_rp2040.c.obj
                0x100024e4                __aeabi_float_init
 .text.float_table_shim_on_use_helper
                0x1000254c       0x2c CMakeFiles/131-hello-usb.dir/C_/Repositories/pico/pico-sdk/src/rp2_common/pico_float/float_v1_rom_shim_rp2040.S.obj
                0x1000254c                float_table_shim_on_use_helper
 .text          0x10002578       0x10 CMakeFiles/131-hello-usb.dir/C_/Repositories/pico/pico-sdk/src/rp2_common/pico_mem_ops/mem_ops_aeabi.S.obj
                0x10002578                __aeabi_mem_init
 .text.memset   0x10002588        0xc CMakeFiles/131-hello-usb.dir/C_/Repositories/pico/pico-sdk/src/rp2_common/pico_mem_ops/mem_ops_aeabi.S.obj
                0x10002588                __wrap_memset
 .text.memcpy   0x10002594        0xc CMakeFiles/131-hello-usb.dir/C_/Repositories/pico/pico-sdk/src/rp2_common/pico_mem_ops/mem_ops_aeabi.S.obj
                0x10002594                __wrap_memcpy
                0x10002594                __wrap___aeabi_memcpy
 .text._out_null
                0x100025a0        0x4 CMakeFiles/131-hello-usb.dir/C_/Repositories/pico/pico-sdk/src/rp2_common/pico_printf/printf.c.obj
 .text._out_rev
                0x100025a4       0xa8 CMakeFiles/131-hello-usb.dir/C_/Repositories/pico/pico-sdk/src/rp2_common/pico_printf/printf.c.obj
 .text._ntoa_format
                0x1000264c      0x1d8 CMakeFiles/131-hello-usb.dir/C_/Repositories/pico/pico-sdk/src/rp2_common/pico_printf/printf.c.obj
 .text._out_char
                0x10002824       0x10 CMakeFiles/131-hello-usb.dir/C_/Repositories/pico/pico-sdk/src/rp2_common/pico_printf/printf.c.obj
 .text._out_fct
                0x10002834       0x10 CMakeFiles/131-hello-usb.dir/C_/Repositories/pico/pico-sdk/src/rp2_common/pico_printf/printf.c.obj
 .text._ftoa    0x10002844      0x474 CMakeFiles/131-hello-usb.dir/C_/Repositories/pico/pico-sdk/src/rp2_common/pico_printf/printf.c.obj
 .text._etoa    0x10002cb8      0x560 CMakeFiles/131-hello-usb.dir/C_/Repositories/pico/pico-sdk/src/rp2_common/pico_printf/printf.c.obj
 .text._vsnprintf
                0x10003218      0xab8 CMakeFiles/131-hello-usb.dir/C_/Repositories/pico/pico-sdk/src/rp2_common/pico_printf/printf.c.obj
 .text.vfctprintf
                0x10003cd0       0x20 CMakeFiles/131-hello-usb.dir/C_/Repositories/pico/pico-sdk/src/rp2_common/pico_printf/printf.c.obj
                0x10003cd0                vfctprintf
 .text.weak_raw_vprintf
                0x10003cf0       0x30 CMakeFiles/131-hello-usb.dir/C_/Repositories/pico/pico-sdk/src/rp2_common/pico_printf/printf.c.obj
                0x10003cf0                weak_raw_vprintf
 .text._exit    0x10003d20        0x4 CMakeFiles/131-hello-usb.dir/C_/Repositories/pico/pico-sdk/src/rp2_common/pico_clib_interface/newlib_interface.c.obj
                0x10003d20                _exit
 .text._fini    0x10003d24        0x4 CMakeFiles/131-hello-usb.dir/C_/Repositories/pico/pico-sdk/src/rp2_common/pico_clib_interface/newlib_interface.c.obj
                0x10003d24                _fini
 .text.exit     0x10003d28        0x8 CMakeFiles/131-hello-usb.dir/C_/Repositories/pico/pico-sdk/src/rp2_common/pico_clib_interface/newlib_interface.c.obj
                0x10003d28                exit
 .text.runtime_init
                0x10003d30       0x2c CMakeFiles/131-hello-usb.dir/C_/Repositories/pico/pico-sdk/src/rp2_common/pico_clib_interface/newlib_interface.c.obj
                0x10003d30                runtime_init
 .text.stdio_out_chars_no_crlf
                0x10003d5c       0x10 CMakeFiles/131-hello-usb.dir/C_/Repositories/pico/pico-sdk/src/rp2_common/pico_stdio/stdio.c.obj
 .text.stdio_out_chars_crlf
                0x10003d6c       0x90 CMakeFiles/131-hello-usb.dir/C_/Repositories/pico/pico-sdk/src/rp2_common/pico_stdio/stdio.c.obj
 .text.stdio_buffered_printer
                0x10003dfc       0x58 CMakeFiles/131-hello-usb.dir/C_/Repositories/pico/pico-sdk/src/rp2_common/pico_stdio/stdio.c.obj
 .text.stdio_put_string
                0x10003e54       0xf4 CMakeFiles/131-hello-usb.dir/C_/Repositories/pico/pico-sdk/src/rp2_common/pico_stdio/stdio.c.obj
                0x10003e54                stdio_put_string
 .text.stdio_set_driver_enabled
                0x10003f48       0x30 CMakeFiles/131-hello-usb.dir/C_/Repositories/pico/pico-sdk/src/rp2_common/pico_stdio/stdio.c.obj
                0x10003f48                stdio_set_driver_enabled
 .text.stdio_init_all
                0x10003f78        0x8 CMakeFiles/131-hello-usb.dir/C_/Repositories/pico/pico-sdk/src/rp2_common/pico_stdio/stdio.c.obj
                0x10003f78                stdio_init_all
 .text.__wrap_putchar
                0x10003f80       0x94 CMakeFiles/131-hello-usb.dir/C_/Repositories/pico/pico-sdk/src/rp2_common/pico_stdio/stdio.c.obj
                0x10003f80                __wrap_putchar
                0x10003f80                stdio_putchar
 .text.__wrap_puts
                0x10004014       0x3c CMakeFiles/131-hello-usb.dir/C_/Repositories/pico/pico-sdk/src/rp2_common/pico_stdio/stdio.c.obj
                0x10004014                stdio_puts
                0x10004014                __wrap_puts
 .text.__wrap_vprintf
                0x10004050       0xc8 CMakeFiles/131-hello-usb.dir/C_/Repositories/pico/pico-sdk/src/rp2_common/pico_stdio/stdio.c.obj
                0x10004050                stdio_vprintf
                0x10004050                __wrap_vprintf
 .text.__wrap_printf
                0x10004118       0x18 CMakeFiles/131-hello-usb.dir/C_/Repositories/pico/pico-sdk/src/rp2_common/pico_stdio/stdio.c.obj
                0x10004118                __wrap_printf
                0x10004118                stdio_printf
 .text.stdio_usb_set_chars_available_callback
                0x10004130       0x14 CMakeFiles/131-hello-usb.dir/C_/Repositories/pico/pico-sdk/src/rp2_common/pico_stdio_usb/stdio_usb.c.obj
                0x10004130                stdio_usb_set_chars_available_callback
 .text.usb_irq  0x10004144       0x10 CMakeFiles/131-hello-usb.dir/C_/Repositories/pico/pico-sdk/src/rp2_common/pico_stdio_usb/stdio_usb.c.obj
 .text.timer_task
                0x10004154       0x64 CMakeFiles/131-hello-usb.dir/C_/Repositories/pico/pico-sdk/src/rp2_common/pico_stdio_usb/stdio_usb.c.obj
 .text.stdio_usb_in_chars
                0x100041b8       0x8c CMakeFiles/131-hello-usb.dir/C_/Repositories/pico/pico-sdk/src/rp2_common/pico_stdio_usb/stdio_usb.c.obj
                0x100041b8                stdio_usb_in_chars
 .text.stdio_usb_out_flush
                0x10004244       0x4c CMakeFiles/131-hello-usb.dir/C_/Repositories/pico/pico-sdk/src/rp2_common/pico_stdio_usb/stdio_usb.c.obj
 .text.stdio_usb_out_chars
                0x10004290       0xf8 CMakeFiles/131-hello-usb.dir/C_/Repositories/pico/pico-sdk/src/rp2_common/pico_stdio_usb/stdio_usb.c.obj
 .text.low_priority_worker_irq
                0x10004388       0xc4 CMakeFiles/131-hello-usb.dir/C_/Repositories/pico/pico-sdk/src/rp2_common/pico_stdio_usb/stdio_usb.c.obj
 .text.stdio_usb_init
                0x1000444c       0xe4 CMakeFiles/131-hello-usb.dir/C_/Repositories/pico/pico-sdk/src/rp2_common/pico_stdio_usb/stdio_usb.c.obj
                0x1000444c                stdio_usb_init
 .text.tud_descriptor_device_cb
                0x10004530        0x8 CMakeFiles/131-hello-usb.dir/C_/Repositories/pico/pico-sdk/src/rp2_common/pico_stdio_usb/stdio_usb_descriptors.c.obj
                0x10004530                tud_descriptor_device_cb
 .text.tud_descriptor_configuration_cb
                0x10004538        0x8 CMakeFiles/131-hello-usb.dir/C_/Repositories/pico/pico-sdk/src/rp2_common/pico_stdio_usb/stdio_usb_descriptors.c.obj
                0x10004538                tud_descriptor_configuration_cb
 .text.tud_descriptor_string_cb
                0x10004540       0x70 CMakeFiles/131-hello-usb.dir/C_/Repositories/pico/pico-sdk/src/rp2_common/pico_stdio_usb/stdio_usb_descriptors.c.obj
                0x10004540                tud_descriptor_string_cb
 .text.startup._retrieve_unique_id_on_boot
                0x100045b0       0x10 CMakeFiles/131-hello-usb.dir/C_/Repositories/pico/pico-sdk/src/rp2_common/pico_unique_id/unique_id.c.obj
 .text.pico_get_unique_board_id_string
                0x100045c0      0x1e0 CMakeFiles/131-hello-usb.dir/C_/Repositories/pico/pico-sdk/src/rp2_common/pico_unique_id/unique_id.c.obj
                0x100045c0                pico_get_unique_board_id_string
 .text.flash_get_unique_id
                0x100047a0       0x3c CMakeFiles/131-hello-usb.dir/C_/Repositories/pico/pico-sdk/src/rp2_common/hardware_flash/flash.c.obj
                0x100047a0                flash_get_unique_id
 .text.usb_reset_interface_init
                0x100047dc        0x4 CMakeFiles/131-hello-usb.dir/C_/Repositories/pico/pico-sdk/src/rp2_common/pico_usb_reset/usb_reset.c.obj
                0x100047dc                usb_reset_interface_init
 .text.usb_reset_interface_reset
                0x100047e0        0xc CMakeFiles/131-hello-usb.dir/C_/Repositories/pico/pico-sdk/src/rp2_common/pico_usb_reset/usb_reset.c.obj
                0x100047e0                usb_reset_interface_reset
 .text.usb_reset_interface_open
                0x100047ec       0x28 CMakeFiles/131-hello-usb.dir/C_/Repositories/pico/pico-sdk/src/rp2_common/pico_usb_reset/usb_reset.c.obj
                0x100047ec                usb_reset_interface_open
 .text.usb_reset_interface_xfer_cb
                0x10004814        0x4 CMakeFiles/131-hello-usb.dir/C_/Repositories/pico/pico-sdk/src/rp2_common/pico_usb_reset/usb_reset.c.obj
                0x10004814                usb_reset_interface_xfer_cb
 .text.usb_reset_interface_control_xfer_cb
                0x10004818       0x60 CMakeFiles/131-hello-usb.dir/C_/Repositories/pico/pico-sdk/src/rp2_common/pico_usb_reset/usb_reset.c.obj
                0x10004818                usb_reset_interface_control_xfer_cb
 .text.tud_descriptor_bos_cb
                0x10004878        0x8 CMakeFiles/131-hello-usb.dir/C_/Repositories/pico/pico-sdk/src/rp2_common/pico_usb_reset/usb_reset.c.obj
                0x10004878                tud_descriptor_bos_cb
 .text.tud_vendor_control_xfer_cb
                0x10004880       0x38 CMakeFiles/131-hello-usb.dir/C_/Repositories/pico/pico-sdk/src/rp2_common/pico_usb_reset/usb_reset.c.obj
                0x10004880                tud_vendor_control_xfer_cb
 .text.usbd_app_driver_get_cb
                0x100048b8        0xc CMakeFiles/131-hello-usb.dir/C_/Repositories/pico/pico-sdk/src/rp2_common/pico_usb_reset/usb_reset.c.obj
                0x100048b8                usbd_app_driver_get_cb
 .text.tud_cdc_line_coding_cb
                0x100048c4       0x2c CMakeFiles/131-hello-usb.dir/C_/Repositories/pico/pico-sdk/src/rp2_common/pico_usb_reset/usb_reset.c.obj
                0x100048c4                tud_cdc_line_coding_cb
 .text.dcd_init
                0x100048f0       0x90 CMakeFiles/131-hello-usb.dir/C_/Repositories/pico/pico-sdk/lib/tinyusb/src/portable/raspberrypi/rp2040/dcd_rp2040.c.obj
                0x100048f0                dcd_init
 .text.dcd_int_enable
                0x10004980        0xc CMakeFiles/131-hello-usb.dir/C_/Repositories/pico/pico-sdk/lib/tinyusb/src/portable/raspberrypi/rp2040/dcd_rp2040.c.obj
                0x10004980                dcd_int_enable
 .text.dcd_set_address
                0x1000498c       0x14 CMakeFiles/131-hello-usb.dir/C_/Repositories/pico/pico-sdk/lib/tinyusb/src/portable/raspberrypi/rp2040/dcd_rp2040.c.obj
                0x1000498c                dcd_set_address
 .text.dcd_sof_enable
                0x100049a0       0x1c CMakeFiles/131-hello-usb.dir/C_/Repositories/pico/pico-sdk/lib/tinyusb/src/portable/raspberrypi/rp2040/dcd_rp2040.c.obj
                0x100049a0                dcd_sof_enable
 .text.dcd_edpt0_status_complete
                0x100049bc       0x1c CMakeFiles/131-hello-usb.dir/C_/Repositories/pico/pico-sdk/lib/tinyusb/src/portable/raspberrypi/rp2040/dcd_rp2040.c.obj
                0x100049bc                dcd_edpt0_status_complete
 .text.dcd_edpt_open
                0x100049d8       0xfc CMakeFiles/131-hello-usb.dir/C_/Repositories/pico/pico-sdk/lib/tinyusb/src/portable/raspberrypi/rp2040/dcd_rp2040.c.obj
                0x100049d8                dcd_edpt_open
 .text.dcd_edpt_close_all
                0x10004ad4        0x8 CMakeFiles/131-hello-usb.dir/C_/Repositories/pico/pico-sdk/lib/tinyusb/src/portable/raspberrypi/rp2040/dcd_rp2040.c.obj
                0x10004ad4                dcd_edpt_close_all
 .text.dcd_edpt_xfer
                0x10004adc       0x24 CMakeFiles/131-hello-usb.dir/C_/Repositories/pico/pico-sdk/lib/tinyusb/src/portable/raspberrypi/rp2040/dcd_rp2040.c.obj
                0x10004adc                dcd_edpt_xfer
 .text.dcd_edpt_stall
                0x10004b00       0x3c CMakeFiles/131-hello-usb.dir/C_/Repositories/pico/pico-sdk/lib/tinyusb/src/portable/raspberrypi/rp2040/dcd_rp2040.c.obj
                0x10004b00                dcd_edpt_stall
 .text.dcd_edpt_clear_stall
                0x10004b3c       0x30 CMakeFiles/131-hello-usb.dir/C_/Repositories/pico/pico-sdk/lib/tinyusb/src/portable/raspberrypi/rp2040/dcd_rp2040.c.obj
                0x10004b3c                dcd_edpt_clear_stall
 .text.rp2040_usb_init
                0x10004b6c       0x40 CMakeFiles/131-hello-usb.dir/C_/Repositories/pico/pico-sdk/lib/tinyusb/src/portable/raspberrypi/rp2040/rp2040_usb.c.obj
                0x10004b6c                rp2040_usb_init
 .text.hw_endpoint_xfer_start
                0x10004bac       0x40 CMakeFiles/131-hello-usb.dir/C_/Repositories/pico/pico-sdk/lib/tinyusb/src/portable/raspberrypi/rp2040/rp2040_usb.c.obj
                0x10004bac                hw_endpoint_xfer_start
 .text.tud_event_hook_cb
                0x10004bec        0x4 CMakeFiles/131-hello-usb.dir/C_/Repositories/pico/pico-sdk/lib/tinyusb/src/device/usbd.c.obj
                0x10004bec                tud_event_hook_cb
 .text.tud_sof_cb
                0x10004bf0        0x4 CMakeFiles/131-hello-usb.dir/C_/Repositories/pico/pico-sdk/lib/tinyusb/src/device/usbd.c.obj
                0x10004bf0                tud_sof_cb
 .text.tud_descriptor_device_qualifier_cb
                0x10004bf4        0x4 CMakeFiles/131-hello-usb.dir/C_/Repositories/pico/pico-sdk/lib/tinyusb/src/device/usbd.c.obj
                0x10004bf4                tud_descriptor_device_qualifier_cb
 .text.tud_descriptor_other_speed_configuration_cb
                0x10004bf8        0x4 CMakeFiles/131-hello-usb.dir/C_/Repositories/pico/pico-sdk/lib/tinyusb/src/device/usbd.c.obj
                0x10004bf8                tud_descriptor_other_speed_configuration_cb
 .text.tud_mount_cb
                0x10004bfc        0x4 CMakeFiles/131-hello-usb.dir/C_/Repositories/pico/pico-sdk/lib/tinyusb/src/device/usbd.c.obj
                0x10004bfc                tud_mount_cb
 .text.tud_umount_cb
                0x10004c00        0x4 CMakeFiles/131-hello-usb.dir/C_/Repositories/pico/pico-sdk/lib/tinyusb/src/device/usbd.c.obj
                0x10004c00                tud_umount_cb
 .text.tud_suspend_cb
                0x10004c04        0x4 CMakeFiles/131-hello-usb.dir/C_/Repositories/pico/pico-sdk/lib/tinyusb/src/device/usbd.c.obj
                0x10004c04                tud_suspend_cb
 .text.tud_resume_cb
                0x10004c08        0x4 CMakeFiles/131-hello-usb.dir/C_/Repositories/pico/pico-sdk/lib/tinyusb/src/device/usbd.c.obj
                0x10004c08                tud_resume_cb
 .text.tud_mounted
                0x10004c0c       0x10 CMakeFiles/131-hello-usb.dir/C_/Repositories/pico/pico-sdk/lib/tinyusb/src/device/usbd.c.obj
                0x10004c0c                tud_mounted
 .text.tud_suspended
                0x10004c1c       0x10 CMakeFiles/131-hello-usb.dir/C_/Repositories/pico/pico-sdk/lib/tinyusb/src/device/usbd.c.obj
                0x10004c1c                tud_suspended
 .text.tud_rhport_init
                0x10004c2c       0xe8 CMakeFiles/131-hello-usb.dir/C_/Repositories/pico/pico-sdk/lib/tinyusb/src/device/usbd.c.obj
                0x10004c2c                tud_rhport_init
 .text.tud_task_ext
                0x10004d14      0x7d8 CMakeFiles/131-hello-usb.dir/C_/Repositories/pico/pico-sdk/lib/tinyusb/src/device/usbd.c.obj
                0x10004d14                tud_task_ext
 .text.usbd_open_edpt_pair
                0x100054ec       0x98 CMakeFiles/131-hello-usb.dir/C_/Repositories/pico/pico-sdk/lib/tinyusb/src/device/usbd.c.obj
                0x100054ec                usbd_open_edpt_pair
 .text.usbd_edpt_open
                0x10005584       0x34 CMakeFiles/131-hello-usb.dir/C_/Repositories/pico/pico-sdk/lib/tinyusb/src/device/usbd.c.obj
                0x10005584                usbd_edpt_open
 .text.usbd_edpt_claim
                0x100055b8       0x28 CMakeFiles/131-hello-usb.dir/C_/Repositories/pico/pico-sdk/lib/tinyusb/src/device/usbd.c.obj
                0x100055b8                usbd_edpt_claim
 .text.usbd_edpt_release
                0x100055e0       0x28 CMakeFiles/131-hello-usb.dir/C_/Repositories/pico/pico-sdk/lib/tinyusb/src/device/usbd.c.obj
                0x100055e0                usbd_edpt_release
 .text.usbd_edpt_xfer
                0x10005608       0x50 CMakeFiles/131-hello-usb.dir/C_/Repositories/pico/pico-sdk/lib/tinyusb/src/device/usbd.c.obj
                0x10005608                usbd_edpt_xfer
 .text.tud_control_status
                0x10005658       0x2c CMakeFiles/131-hello-usb.dir/C_/Repositories/pico/pico-sdk/lib/tinyusb/src/device/usbd_control.c.obj
                0x10005658                tud_control_status
 .text.tud_control_xfer
                0x10005684       0xa0 CMakeFiles/131-hello-usb.dir/C_/Repositories/pico/pico-sdk/lib/tinyusb/src/device/usbd_control.c.obj
                0x10005684                tud_control_xfer
 .text.usbd_control_reset
                0x10005724       0x14 CMakeFiles/131-hello-usb.dir/C_/Repositories/pico/pico-sdk/lib/tinyusb/src/device/usbd_control.c.obj
                0x10005724                usbd_control_reset
 .text.usbd_control_set_complete_callback
                0x10005738        0xc CMakeFiles/131-hello-usb.dir/C_/Repositories/pico/pico-sdk/lib/tinyusb/src/device/usbd_control.c.obj
                0x10005738                usbd_control_set_complete_callback
 .text.usbd_control_set_request
                0x10005744       0x1c CMakeFiles/131-hello-usb.dir/C_/Repositories/pico/pico-sdk/lib/tinyusb/src/device/usbd_control.c.obj
                0x10005744                usbd_control_set_request
 .text.usbd_control_xfer_cb
                0x10005760       0xe8 CMakeFiles/131-hello-usb.dir/C_/Repositories/pico/pico-sdk/lib/tinyusb/src/device/usbd_control.c.obj
                0x10005760                usbd_control_xfer_cb
 .text._prep_out_transaction.isra.0
                0x10005848       0x6c CMakeFiles/131-hello-usb.dir/C_/Repositories/pico/pico-sdk/lib/tinyusb/src/class/cdc/cdc_device.c.obj
 .text.tud_cdc_n_connected
                0x100058b4       0x2c CMakeFiles/131-hello-usb.dir/C_/Repositories/pico/pico-sdk/lib/tinyusb/src/class/cdc/cdc_device.c.obj
                0x100058b4                tud_cdc_n_connected
 .text.tud_cdc_n_available
                0x100058e0       0x14 CMakeFiles/131-hello-usb.dir/C_/Repositories/pico/pico-sdk/lib/tinyusb/src/class/cdc/cdc_device.c.obj
                0x100058e0                tud_cdc_n_available
 .text.tud_cdc_n_read
                0x100058f4       0x88 CMakeFiles/131-hello-usb.dir/C_/Repositories/pico/pico-sdk/lib/tinyusb/src/class/cdc/cdc_device.c.obj
                0x100058f4                tud_cdc_n_read
 .text.tud_cdc_n_write_flush
                0x1000597c       0x78 CMakeFiles/131-hello-usb.dir/C_/Repositories/pico/pico-sdk/lib/tinyusb/src/class/cdc/cdc_device.c.obj
                0x1000597c                tud_cdc_n_write_flush
 .text.tud_cdc_n_write
                0x100059f4       0x40 CMakeFiles/131-hello-usb.dir/C_/Repositories/pico/pico-sdk/lib/tinyusb/src/class/cdc/cdc_device.c.obj
                0x100059f4                tud_cdc_n_write
 .text.tud_cdc_n_write_available
                0x10005a34       0x14 CMakeFiles/131-hello-usb.dir/C_/Repositories/pico/pico-sdk/lib/tinyusb/src/class/cdc/cdc_device.c.obj
                0x10005a34                tud_cdc_n_write_available
 .text.cdcd_init
                0x10005a48       0x70 CMakeFiles/131-hello-usb.dir/C_/Repositories/pico/pico-sdk/lib/tinyusb/src/class/cdc/cdc_device.c.obj
                0x10005a48                cdcd_init
 .text.cdcd_deinit
                0x10005ab8       0x30 CMakeFiles/131-hello-usb.dir/C_/Repositories/pico/pico-sdk/lib/tinyusb/src/class/cdc/cdc_device.c.obj
                0x10005ab8                cdcd_deinit
 .text.cdcd_reset
                0x10005ae8       0x48 CMakeFiles/131-hello-usb.dir/C_/Repositories/pico/pico-sdk/lib/tinyusb/src/class/cdc/cdc_device.c.obj
                0x10005ae8                cdcd_reset
 .text.cdcd_open
                0x10005b30       0xa8 CMakeFiles/131-hello-usb.dir/C_/Repositories/pico/pico-sdk/lib/tinyusb/src/class/cdc/cdc_device.c.obj
                0x10005b30                cdcd_open
 .text.cdcd_control_xfer_cb
                0x10005bd8       0xf0 CMakeFiles/131-hello-usb.dir/C_/Repositories/pico/pico-sdk/lib/tinyusb/src/class/cdc/cdc_device.c.obj
                0x10005bd8                cdcd_control_xfer_cb
 .text.cdcd_xfer_cb
                0x10005cc8       0xf8 CMakeFiles/131-hello-usb.dir/C_/Repositories/pico/pico-sdk/lib/tinyusb/src/class/cdc/cdc_device.c.obj
                0x10005cc8                cdcd_xfer_cb
 .text.tusb_rhport_init
                0x10005dc0       0x4c CMakeFiles/131-hello-usb.dir/C_/Repositories/pico/pico-sdk/lib/tinyusb/src/tusb.c.obj
                0x10005dc0                tusb_rhport_init
 .text.tu_edpt_claim
                0x10005e0c       0x50 CMakeFiles/131-hello-usb.dir/C_/Repositories/pico/pico-sdk/lib/tinyusb/src/tusb.c.obj
                0x10005e0c                tu_edpt_claim
 .text.tu_edpt_release
                0x10005e5c       0x38 CMakeFiles/131-hello-usb.dir/C_/Repositories/pico/pico-sdk/lib/tinyusb/src/tusb.c.obj
                0x10005e5c                tu_edpt_release
 .text.tu_edpt_validate
                0x10005e94       0x74 CMakeFiles/131-hello-usb.dir/C_/Repositories/pico/pico-sdk/lib/tinyusb/src/tusb.c.obj
                0x10005e94                tu_edpt_validate
 .text.tu_edpt_bind_driver
                0x10005f08       0x34 CMakeFiles/131-hello-usb.dir/C_/Repositories/pico/pico-sdk/lib/tinyusb/src/tusb.c.obj
                0x10005f08                tu_edpt_bind_driver
 .text.tu_fifo_config
                0x10005f3c       0x6c CMakeFiles/131-hello-usb.dir/C_/Repositories/pico/pico-sdk/lib/tinyusb/src/common/tusb_fifo.c.obj
                0x10005f3c                tu_fifo_config
 .text.tu_fifo_count
                0x10005fa8       0x2c CMakeFiles/131-hello-usb.dir/C_/Repositories/pico/pico-sdk/lib/tinyusb/src/common/tusb_fifo.c.obj
                0x10005fa8                tu_fifo_count
 .text.tu_fifo_empty
                0x10005fd4       0x10 CMakeFiles/131-hello-usb.dir/C_/Repositories/pico/pico-sdk/lib/tinyusb/src/common/tusb_fifo.c.obj
                0x10005fd4                tu_fifo_empty
 .text.tu_fifo_remaining
                0x10005fe4       0x2c CMakeFiles/131-hello-usb.dir/C_/Repositories/pico/pico-sdk/lib/tinyusb/src/common/tusb_fifo.c.obj
                0x10005fe4                tu_fifo_remaining
 .text.tu_fifo_read
                0x10006010       0x9c CMakeFiles/131-hello-usb.dir/C_/Repositories/pico/pico-sdk/lib/tinyusb/src/common/tusb_fifo.c.obj
                0x10006010                tu_fifo_read
 .text.tu_fifo_read_n
                0x100060ac       0xec CMakeFiles/131-hello-usb.dir/C_/Repositories/pico/pico-sdk/lib/tinyusb/src/common/tusb_fifo.c.obj
                0x100060ac                tu_fifo_read_n
 .text.tu_fifo_write
                0x10006198       0xa4 CMakeFiles/131-hello-usb.dir/C_/Repositories/pico/pico-sdk/lib/tinyusb/src/common/tusb_fifo.c.obj
                0x10006198                tu_fifo_write
 .text.tu_fifo_write_n
                0x1000623c      0x168 CMakeFiles/131-hello-usb.dir/C_/Repositories/pico/pico-sdk/lib/tinyusb/src/common/tusb_fifo.c.obj
                0x1000623c                tu_fifo_write_n
 .text.tu_fifo_clear
                0x100063a4       0x40 CMakeFiles/131-hello-usb.dir/C_/Repositories/pico/pico-sdk/lib/tinyusb/src/common/tusb_fifo.c.obj
                0x100063a4                tu_fifo_clear
 .text.tu_fifo_set_overwritable
                0x100063e4       0x48 CMakeFiles/131-hello-usb.dir/C_/Repositories/pico/pico-sdk/lib/tinyusb/src/common/tusb_fifo.c.obj
                0x100063e4                tu_fifo_set_overwritable
 .text.strlen   0x1000642c       0x60 C:/Program Files/Arm/GNU Toolchain mingw-w64-x86_64-arm-none-eabi/bin/../lib/gcc/arm-none-eabi/15.3.1/../../../../arm-none-eabi/lib/thumb/v6-m/nofp\libg.a(libc_a-strlen-stub.o)
                0x1000642c                strlen
 *fill*         0x1000648c        0x4 
 .text.strlen.__stub
                0x10006490       0xc0 linker stubs
 *(.fini)
 *crtbegin.o(.ctors)
 *crtbegin?.o(.ctors)
 *(EXCLUDE_FILE(*crtend.o *crtend?.o) .ctors)
 *(SORT_BY_NAME(.ctors.*))
 *(.ctors)
 *crtbegin.o(.dtors)
 *crtbegin?.o(.dtors)
 *(EXCLUDE_FILE(*crtend.o *crtend?.o) .dtors)
 *(SORT_BY_NAME(.dtors.*))
 *(.dtors)
                0x10006550                        . = ALIGN (0x4)
                [!provide]                        PROVIDE (__bothinit_array_start = .)
                0x10006550                        PROVIDE (__preinit_array_start = .)
 *(SORT_BY_NAME(.preinit_array.*))
 .preinit_array.00100
                0x10006550        0x4 CMakeFiles/131-hello-usb.dir/C_/Repositories/pico/pico-sdk/src/rp2_common/pico_runtime_init/runtime_init.c.obj
                0x10006550                __pre_init_runtime_init_early_resets
 .preinit_array.00101
                0x10006554        0x4 CMakeFiles/131-hello-usb.dir/C_/Repositories/pico/pico-sdk/src/rp2_common/pico_runtime_init/runtime_init.c.obj
                0x10006554                __pre_init_runtime_init_usb_power_down
 .preinit_array.00275
                0x10006558        0x4 CMakeFiles/131-hello-usb.dir/C_/Repositories/pico/pico-sdk/src/rp2_common/pico_bit_ops/bit_ops_aeabi.S.obj
 .preinit_array.00300
                0x1000655c        0x4 CMakeFiles/131-hello-usb.dir/C_/Repositories/pico/pico-sdk/src/rp2_common/pico_mem_ops/mem_ops_aeabi.S.obj
 .preinit_array.00350
                0x10006560        0x4 CMakeFiles/131-hello-usb.dir/C_/Repositories/pico/pico-sdk/src/rp2_common/pico_double/double_aeabi_rp2040.S.obj
 .preinit_array.00350
                0x10006564        0x4 CMakeFiles/131-hello-usb.dir/C_/Repositories/pico/pico-sdk/src/rp2_common/pico_float/float_aeabi_rp2040.S.obj
 .preinit_array.00500
                0x10006568        0x4 CMakeFiles/131-hello-usb.dir/C_/Repositories/pico/pico-sdk/src/rp2_common/pico_runtime_init/runtime_init.c.obj
                0x10006568                __pre_init_runtime_init_clocks
 .preinit_array.00600
                0x1000656c        0x4 CMakeFiles/131-hello-usb.dir/C_/Repositories/pico/pico-sdk/src/rp2_common/pico_runtime_init/runtime_init.c.obj
                0x1000656c                __pre_init_runtime_init_post_clock_resets
 .preinit_array.00700
                0x10006570        0x4 CMakeFiles/131-hello-usb.dir/C_/Repositories/pico/pico-sdk/src/rp2_common/pico_runtime_init/runtime_init.c.obj
                0x10006570                __pre_init_runtime_init_rp2040_gpio_ie_disable
 .preinit_array.01000
                0x10006574        0x4 CMakeFiles/131-hello-usb.dir/C_/Repositories/pico/pico-sdk/src/rp2_common/pico_runtime_init/runtime_init.c.obj
                0x10006574                __pre_init_runtime_init_spin_locks_reset
 .preinit_array.01100
                0x10006578        0x4 CMakeFiles/131-hello-usb.dir/C_/Repositories/pico/pico-sdk/src/common/pico_sync/mutex.c.obj
                0x10006578                __pre_init_runtime_init_mutex
 .preinit_array.10080
                0x1000657c        0x4 CMakeFiles/131-hello-usb.dir/C_/Repositories/pico/pico-sdk/src/rp2_common/pico_runtime_init/runtime_init.c.obj
                0x1000657c                __pre_init_runtime_init_install_ram_vector_table
 .preinit_array.11000
                0x10006580        0x4 CMakeFiles/131-hello-usb.dir/C_/Repositories/pico/pico-sdk/src/common/pico_time/time.c.obj
                0x10006580                __pre_init_runtime_init_default_alarm_pool
 .preinit_array.YYYYY
                0x10006584        0x4 CMakeFiles/131-hello-usb.dir/C_/Repositories/pico/pico-sdk/src/rp2_common/pico_runtime/runtime.c.obj
                0x10006584                __pre_init_first_per_core_initializer
 .preinit_array.ZZZZZ.01200
                0x10006588        0x4 CMakeFiles/131-hello-usb.dir/C_/Repositories/pico/pico-sdk/src/rp2_common/hardware_irq/irq.c.obj
                0x10006588                __pre_init_runtime_init_per_core_irq_priorities
 *(.preinit_array)
                0x1000658c                        PROVIDE (__preinit_array_end = .)
                0x1000658c                        . = ALIGN (0x4)
                0x1000658c                        PROVIDE (__init_array_start = .)
 *(SORT_BY_NAME(.init_array.*))
 .init_array.01000
                0x1000658c        0x4 CMakeFiles/131-hello-usb.dir/C_/Repositories/pico/pico-sdk/src/rp2_common/pico_unique_id/unique_id.c.obj
 *(.init_array)
                0x10006590                        PROVIDE (__init_array_end = .)
                [!provide]                        PROVIDE (__bothinit_array_end = .)
                0x10006590                        . = ALIGN (0x4)
                [!provide]                        PROVIDE (__fini_array_start = .)
 *(SORT_BY_NAME(.fini_array.*))
 *(.fini_array)
                [!provide]                        PROVIDE (__fini_array_end = .)
                [!provide]                        PROVIDE (__dso_handle = 0x0)
 *(.eh_frame*)
                0x10006590                        . = ALIGN (0x4)

.glue_7         0x10006590        0x0
 .glue_7        0x10006590        0x0 linker stubs

.glue_7t        0x10006590        0x0
 .glue_7t       0x10006590        0x0 linker stubs

.vfp11_veneer   0x10006590        0x0
 .vfp11_veneer  0x10006590        0x0 linker stubs

.v4_bx          0x10006590        0x0
 .v4_bx         0x10006590        0x0 linker stubs

.iplt           0x10006590        0x0
 .iplt          0x10006590        0x0 CMakeFiles/131-hello-usb.dir/main.c.obj

.rodata         0x10006590      0x604
 *(EXCLUDE_FILE(*libm.a: *lib*_a-mem*.o *libc.a: *libgcc.a:) .rodata*)
 .rodata.set_led.str1.4
                0x10006590      0x180 CMakeFiles/131-hello-usb.dir/main.c.obj
                                 0x10 (size before relaxing)
 .rodata.panic.str1.4
                0x10006710        0x0 CMakeFiles/131-hello-usb.dir/C_/Repositories/pico/pico-sdk/src/rp2_common/pico_platform_panic/panic.c.obj
                                 0x11 (size before relaxing)
 .rodata.spin_lock_claim_unused.str1.4
                0x10006710        0x0 CMakeFiles/131-hello-usb.dir/C_/Repositories/pico/pico-sdk/src/rp2_common/hardware_sync/sync.c.obj
                                 0x1b (size before relaxing)
 .rodata.user_irq_claim_unused.str1.4
                0x10006710        0x0 CMakeFiles/131-hello-usb.dir/C_/Repositories/pico/pico-sdk/src/rp2_common/hardware_irq/irq.c.obj
                                 0x1b (size before relaxing)
 .rodata.timer_hardware_alarm_claim.str1.4
                0x10006710        0x0 CMakeFiles/131-hello-usb.dir/C_/Repositories/pico/pico-sdk/src/rp2_common/hardware_timer/timer.c.obj
                                 0x22 (size before relaxing)
 .rodata.hard_assertion_failure.str1.4
                0x10006710        0x0 CMakeFiles/131-hello-usb.dir/C_/Repositories/pico/pico-sdk/src/rp2_common/pico_runtime/runtime.c.obj
                                  0xc (size before relaxing)
 .rodata.str1.4
                0x10006710        0x0 CMakeFiles/131-hello-usb.dir/C_/Repositories/pico/pico-sdk/src/rp2_common/pico_standard_binary_info/standard_binary_info.c.obj
                                 0x44 (size before relaxing)
 .rodata.__bi_84
                0x10006710        0xc CMakeFiles/131-hello-usb.dir/C_/Repositories/pico/pico-sdk/src/rp2_common/pico_standard_binary_info/standard_binary_info.c.obj
 .rodata.__bi_78
                0x1000671c        0xc CMakeFiles/131-hello-usb.dir/C_/Repositories/pico/pico-sdk/src/rp2_common/pico_standard_binary_info/standard_binary_info.c.obj
 .rodata.__bi_54
                0x10006728        0xc CMakeFiles/131-hello-usb.dir/C_/Repositories/pico/pico-sdk/src/rp2_common/pico_standard_binary_info/standard_binary_info.c.obj
 .rodata.__bi_48
                0x10006734        0xc CMakeFiles/131-hello-usb.dir/C_/Repositories/pico/pico-sdk/src/rp2_common/pico_standard_binary_info/standard_binary_info.c.obj
 .rodata.__bi_42
                0x10006740        0xc CMakeFiles/131-hello-usb.dir/C_/Repositories/pico/pico-sdk/src/rp2_common/pico_standard_binary_info/standard_binary_info.c.obj
 .rodata.__bi_34
                0x1000674c        0xc CMakeFiles/131-hello-usb.dir/C_/Repositories/pico/pico-sdk/src/rp2_common/pico_standard_binary_info/standard_binary_info.c.obj
 .rodata.__bi_26
                0x10006758        0xc CMakeFiles/131-hello-usb.dir/C_/Repositories/pico/pico-sdk/src/rp2_common/pico_standard_binary_info/standard_binary_info.c.obj
 .rodata._ftoa.str1.4
                0x10006764        0x0 CMakeFiles/131-hello-usb.dir/C_/Repositories/pico/pico-sdk/src/rp2_common/pico_printf/printf.c.obj
                                 0x15 (size before relaxing)
 .rodata._vsnprintf
                0x10006764      0x19c CMakeFiles/131-hello-usb.dir/C_/Repositories/pico/pico-sdk/src/rp2_common/pico_printf/printf.c.obj
 .rodata.pow10.0
                0x10006900       0x50 CMakeFiles/131-hello-usb.dir/C_/Repositories/pico/pico-sdk/src/rp2_common/pico_printf/printf.c.obj
 .rodata.crlf_str.0
                0x10006950        0x2 CMakeFiles/131-hello-usb.dir/C_/Repositories/pico/pico-sdk/src/rp2_common/pico_stdio/stdio.c.obj
 .rodata.str1.4
                0x10006952        0x0 CMakeFiles/131-hello-usb.dir/C_/Repositories/pico/pico-sdk/src/rp2_common/pico_stdio_usb/stdio_usb.c.obj
                                 0x13 (size before relaxing)
 *fill*         0x10006952        0x2 
 .rodata.__bi_204.0
                0x10006954        0xc CMakeFiles/131-hello-usb.dir/C_/Repositories/pico/pico-sdk/src/rp2_common/pico_stdio_usb/stdio_usb.c.obj
 .rodata.str1.4
                0x10006960        0x0 CMakeFiles/131-hello-usb.dir/C_/Repositories/pico/pico-sdk/src/rp2_common/pico_stdio_usb/stdio_usb_descriptors.c.obj
                                 0x2a (size before relaxing)
 .rodata.usbd_desc_str
                0x10006960       0x18 CMakeFiles/131-hello-usb.dir/C_/Repositories/pico/pico-sdk/src/rp2_common/pico_stdio_usb/stdio_usb_descriptors.c.obj
 .rodata.usbd_desc_cfg
                0x10006978       0x54 CMakeFiles/131-hello-usb.dir/C_/Repositories/pico/pico-sdk/src/rp2_common/pico_stdio_usb/stdio_usb_descriptors.c.obj
 .rodata.usbd_desc_device
                0x100069cc       0x12 CMakeFiles/131-hello-usb.dir/C_/Repositories/pico/pico-sdk/src/rp2_common/pico_stdio_usb/stdio_usb_descriptors.c.obj
 *fill*         0x100069de        0x2 
 .rodata.desc_ms_os_20
                0x100069e0       0xa6 CMakeFiles/131-hello-usb.dir/C_/Repositories/pico/pico-sdk/src/rp2_common/pico_usb_reset/usb_reset.c.obj
 *fill*         0x10006a86        0x2 
 .rodata.desc_bos
                0x10006a88       0x21 CMakeFiles/131-hello-usb.dir/C_/Repositories/pico/pico-sdk/src/rp2_common/pico_usb_reset/usb_reset.c.obj
                0x10006a88                desc_bos
 *fill*         0x10006aa9        0x3 
 .rodata.usb_reset_interface_driver
                0x10006aac       0x20 CMakeFiles/131-hello-usb.dir/C_/Repositories/pico/pico-sdk/src/rp2_common/pico_usb_reset/usb_reset.c.obj
 .rodata.str1.4
                0x10006acc        0x0 CMakeFiles/131-hello-usb.dir/C_/Repositories/pico/pico-sdk/lib/tinyusb/src/portable/raspberrypi/rp2040/dcd_rp2040.c.obj
                                 0x14 (size before relaxing)
 .rodata.str1.4
                0x10006acc        0x0 CMakeFiles/131-hello-usb.dir/C_/Repositories/pico/pico-sdk/lib/tinyusb/src/portable/raspberrypi/rp2040/rp2040_usb.c.obj
                                 0x48 (size before relaxing)
 .rodata.tud_task_ext
                0x10006acc       0x8c CMakeFiles/131-hello-usb.dir/C_/Repositories/pico/pico-sdk/lib/tinyusb/src/device/usbd.c.obj
 .rodata        0x10006b58       0x1c CMakeFiles/131-hello-usb.dir/C_/Repositories/pico/pico-sdk/lib/tinyusb/src/device/usbd.c.obj
 .rodata._usbd_driver
                0x10006b74       0x20 CMakeFiles/131-hello-usb.dir/C_/Repositories/pico/pico-sdk/lib/tinyusb/src/device/usbd.c.obj
 *(.srodata*)
                0x10006b94                        . = ALIGN (0x4)
 *(SORT_BY_ALIGNMENT(SORT_BY_NAME(.flashdata*)))
                0x10006b94                        . = ALIGN (0x4)

.ARM.extab
 *(.ARM.extab* .gnu.linkonce.armextab.*)
                0x10006b94                        __exidx_start = .

.ARM.exidx
 *(.ARM.exidx* .gnu.linkonce.armexidx.*)
                0x10006b94                        __exidx_end = .
                0x10006b94                        . = ALIGN (0x4)
                0x10006b94                        __binary_info_start = .

.binary_info    0x10006b94       0x20
 *(.binary_info.keep.*)
 .binary_info.keep.__bi_ptr84
                0x10006b94        0x4 CMakeFiles/131-hello-usb.dir/C_/Repositories/pico/pico-sdk/src/rp2_common/pico_standard_binary_info/standard_binary_info.c.obj
 .binary_info.keep.__bi_ptr78
                0x10006b98        0x4 CMakeFiles/131-hello-usb.dir/C_/Repositories/pico/pico-sdk/src/rp2_common/pico_standard_binary_info/standard_binary_info.c.obj
 .binary_info.keep.__bi_ptr54
                0x10006b9c        0x4 CMakeFiles/131-hello-usb.dir/C_/Repositories/pico/pico-sdk/src/rp2_common/pico_standard_binary_info/standard_binary_info.c.obj
 .binary_info.keep.__bi_ptr48
                0x10006ba0        0x4 CMakeFiles/131-hello-usb.dir/C_/Repositories/pico/pico-sdk/src/rp2_common/pico_standard_binary_info/standard_binary_info.c.obj
 .binary_info.keep.__bi_ptr42
                0x10006ba4        0x4 CMakeFiles/131-hello-usb.dir/C_/Repositories/pico/pico-sdk/src/rp2_common/pico_standard_binary_info/standard_binary_info.c.obj
 .binary_info.keep.__bi_ptr34
                0x10006ba8        0x4 CMakeFiles/131-hello-usb.dir/C_/Repositories/pico/pico-sdk/src/rp2_common/pico_standard_binary_info/standard_binary_info.c.obj
 .binary_info.keep.__bi_ptr26
                0x10006bac        0x4 CMakeFiles/131-hello-usb.dir/C_/Repositories/pico/pico-sdk/src/rp2_common/pico_standard_binary_info/standard_binary_info.c.obj
 *(.binary_info.*)
 .binary_info.__bi_ptr204
                0x10006bb0        0x4 CMakeFiles/131-hello-usb.dir/C_/Repositories/pico/pico-sdk/src/rp2_common/pico_stdio_usb/stdio_usb.c.obj
                0x10006bb4                        __binary_info_end = .
                0x10006bb4                        . = ALIGN (0x4)

.xip_ram        0x15000000        0x0 load address 0x10006bb4
                0x15000000                        __xip_ram_start__ = .
                0x15000000                        . = ALIGN (0x4)
 *(.xip_ram*)
                0x15000000                        . = ALIGN (0x4)
                0x15000000                        __xip_ram_end__ = .
                0x10006bb4                        __xip_ram_source__ = LOADADDR (.xip_ram)

.ram_vector_table
                0x20000000       0xc0
 *(.ram_vector_table)
 .ram_vector_table
                0x20000000       0xc0 CMakeFiles/131-hello-usb.dir/C_/Repositories/pico/pico-sdk/src/rp2_common/pico_runtime_init/runtime_init.c.obj
                0x20000000                ram_vector_table

.uninitialized_data
                0x200000c0        0x0
                0x200000c0                        . = ALIGN (0x4)
 *(.uninitialized_data*)

.data           0x200000c0      0xf70 load address 0x10006bb4
                0x200000c0                        __data_start__ = .
 *(vtable)
 *(.time_critical*)
 .time_critical.mutex_try_enter
                0x200000c0       0x40 CMakeFiles/131-hello-usb.dir/C_/Repositories/pico/pico-sdk/src/common/pico_sync/mutex.c.obj
                0x200000c0                mutex_try_enter
 .time_critical.mutex_enter_block_until
                0x20000100       0x64 CMakeFiles/131-hello-usb.dir/C_/Repositories/pico/pico-sdk/src/common/pico_sync/mutex.c.obj
                0x20000100                mutex_enter_block_until
 .time_critical.mutex_try_enter_block_until
                0x20000164       0x34 CMakeFiles/131-hello-usb.dir/C_/Repositories/pico/pico-sdk/src/common/pico_sync/mutex.c.obj
                0x20000164                mutex_try_enter_block_until
 .time_critical.mutex_enter_timeout_ms
                0x20000198       0x3c CMakeFiles/131-hello-usb.dir/C_/Repositories/pico/pico-sdk/src/common/pico_sync/mutex.c.obj
                0x20000198                mutex_enter_timeout_ms
 .time_critical.mutex_exit
                0x200001d4       0x28 CMakeFiles/131-hello-usb.dir/C_/Repositories/pico/pico-sdk/src/common/pico_sync/mutex.c.obj
                0x200001d4                mutex_exit
 .time_critical.flash_init_boot2_copyout
                0x200001fc       0x30 CMakeFiles/131-hello-usb.dir/C_/Repositories/pico/pico-sdk/src/rp2_common/hardware_flash/flash.c.obj
 .time_critical.flash_enable_xip_via_boot2
                0x2000022c        0xc CMakeFiles/131-hello-usb.dir/C_/Repositories/pico/pico-sdk/src/rp2_common/hardware_flash/flash.c.obj
 .time_critical.flash_save_hardware_state
                0x20000238       0x28 CMakeFiles/131-hello-usb.dir/C_/Repositories/pico/pico-sdk/src/rp2_common/hardware_flash/flash.c.obj
 .time_critical.flash_restore_hardware_state
                0x20000260       0x28 CMakeFiles/131-hello-usb.dir/C_/Repositories/pico/pico-sdk/src/rp2_common/hardware_flash/flash.c.obj
 .time_critical.flash_do_cmd_cs
                0x20000288      0x148 CMakeFiles/131-hello-usb.dir/C_/Repositories/pico/pico-sdk/src/rp2_common/hardware_flash/flash.c.obj
                0x20000288                flash_do_cmd_cs
 .time_critical.reset_non_control_endpoints
                0x200003d0       0x68 CMakeFiles/131-hello-usb.dir/C_/Repositories/pico/pico-sdk/lib/tinyusb/src/portable/raspberrypi/rp2040/dcd_rp2040.c.obj
 .time_critical.hw_handle_buff_status
                0x20000438       0x88 CMakeFiles/131-hello-usb.dir/C_/Repositories/pico/pico-sdk/lib/tinyusb/src/portable/raspberrypi/rp2040/dcd_rp2040.c.obj
 .time_critical.dcd_rp2040_irq
                0x200004c0      0x53c CMakeFiles/131-hello-usb.dir/C_/Repositories/pico/pico-sdk/lib/tinyusb/src/portable/raspberrypi/rp2040/dcd_rp2040.c.obj
 .time_critical.prepare_ep_buffer
                0x200009fc       0xc4 CMakeFiles/131-hello-usb.dir/C_/Repositories/pico/pico-sdk/lib/tinyusb/src/portable/raspberrypi/rp2040/rp2040_usb.c.obj
 .time_critical.sync_ep_buffer
                0x20000ac0       0xa0 CMakeFiles/131-hello-usb.dir/C_/Repositories/pico/pico-sdk/lib/tinyusb/src/portable/raspberrypi/rp2040/rp2040_usb.c.obj
 .time_critical._hw_endpoint_xfer_sync
                0x20000b60       0x28 CMakeFiles/131-hello-usb.dir/C_/Repositories/pico/pico-sdk/lib/tinyusb/src/portable/raspberrypi/rp2040/rp2040_usb.c.obj
 .time_critical.e15_is_bulkin_ep
                0x20000b88       0x28 CMakeFiles/131-hello-usb.dir/C_/Repositories/pico/pico-sdk/lib/tinyusb/src/portable/raspberrypi/rp2040/rp2040_usb.c.obj
 .time_critical.e15_is_critical_frame_period
                0x20000bb0       0x30 CMakeFiles/131-hello-usb.dir/C_/Repositories/pico/pico-sdk/lib/tinyusb/src/portable/raspberrypi/rp2040/rp2040_usb.c.obj
 .time_critical.hw_endpoint_reset_transfer
                0x20000be0        0xc CMakeFiles/131-hello-usb.dir/C_/Repositories/pico/pico-sdk/lib/tinyusb/src/portable/raspberrypi/rp2040/rp2040_usb.c.obj
                0x20000be0                hw_endpoint_reset_transfer
 .time_critical._hw_endpoint_buffer_control_update32
                0x20000bec       0x50 CMakeFiles/131-hello-usb.dir/C_/Repositories/pico/pico-sdk/lib/tinyusb/src/portable/raspberrypi/rp2040/rp2040_usb.c.obj
                0x20000bec                _hw_endpoint_buffer_control_update32
 .time_critical.hw_endpoint_start_next_buffer
                0x20000c3c       0x68 CMakeFiles/131-hello-usb.dir/C_/Repositories/pico/pico-sdk/lib/tinyusb/src/portable/raspberrypi/rp2040/rp2040_usb.c.obj
                0x20000c3c                hw_endpoint_start_next_buffer
 .time_critical.hw_endpoint_xfer_continue
                0x20000ca4       0x40 CMakeFiles/131-hello-usb.dir/C_/Repositories/pico/pico-sdk/lib/tinyusb/src/portable/raspberrypi/rp2040/rp2040_usb.c.obj
                0x20000ca4                hw_endpoint_xfer_continue
 .time_critical.tinyusb
                0x20000ce4      0x1d4 CMakeFiles/131-hello-usb.dir/C_/Repositories/pico/pico-sdk/lib/tinyusb/src/device/usbd.c.obj
                0x20000ce4                dcd_event_handler
 *(.text*)
 .text          0x20000eb8        0x4 C:/Program Files/Arm/GNU Toolchain mingw-w64-x86_64-arm-none-eabi/bin/../lib/gcc/arm-none-eabi/15.3.1/thumb/v6-m/nofp\libgcc.a(_dvmd_tls.o)
                0x20000eb8                __aeabi_idiv0
                0x20000eb8                __aeabi_ldiv0
 *fill*         0x20000ebc        0x4 
 .text.__stub   0x20000ec0       0x80 linker stubs
                0x20000f40                        . = ALIGN (0x4)
 *(.rodata*)
                0x20000f40                        . = ALIGN (0x4)
                [!provide]                        PROVIDE (__emutls_array_start = .)
 *(.*.__emutls_v.*)
                [!provide]                        PROVIDE (__emutls_array_end = .)
                0x20000f40                        . = ALIGN (0x4)
 *(.data*)
 .data.striped_spin_lock_num
                0x20000f40        0x1 CMakeFiles/131-hello-usb.dir/C_/Repositories/pico/pico-sdk/src/rp2_common/hardware_sync/sync.c.obj
 *fill*         0x20000f41        0x3 
 .data          0x20000f44       0x60 CMakeFiles/131-hello-usb.dir/C_/Repositories/pico/pico-sdk/src/rp2_common/hardware_irq/irq_handler_chain.S.obj
                0x20000f44                irq_handler_chain_slots
                0x20000f8c                irq_handler_chain_first_slot
                0x20000f96                irq_handler_chain_remove_tail
 *fill*         0x20000fa4        0x4 
 .data.last_added.0
                0x20000fa8        0x8 CMakeFiles/131-hello-usb.dir/C_/Repositories/pico/pico-sdk/src/common/pico_time/time.c.obj
 .data.default_alarm_pool
                0x20000fb0       0x18 CMakeFiles/131-hello-usb.dir/C_/Repositories/pico/pico-sdk/src/common/pico_time/time.c.obj
 *fill*         0x20000fc8        0x8 
 .data.aeabi_bits_funcs
                0x20000fd0       0x10 CMakeFiles/131-hello-usb.dir/C_/Repositories/pico/pico-sdk/src/rp2_common/pico_bit_ops/bit_ops_aeabi.S.obj
                0x20000fd0                aeabi_bits_funcs
                0x20000fe0                aeabi_bits_funcs_end
 .data.aeabi_mem_funcs
                0x20000fe0       0x10 CMakeFiles/131-hello-usb.dir/C_/Repositories/pico/pico-sdk/src/rp2_common/pico_mem_ops/mem_ops_aeabi.S.obj
                0x20000fe0                aeabi_mem_funcs
                0x20000ff0                aeabi_mem_funcs_end
 .data.stdio_usb
                0x20000ff0       0x18 CMakeFiles/131-hello-usb.dir/C_/Repositories/pico/pico-sdk/src/rp2_common/pico_stdio_usb/stdio_usb.c.obj
                0x20000ff0                stdio_usb
 .data._usbd_qdef
                0x20001008       0x1c CMakeFiles/131-hello-usb.dir/C_/Repositories/pico/pico-sdk/lib/tinyusb/src/device/usbd.c.obj
                0x20001008                _usbd_qdef
 .data._usbd_rhport
                0x20001024        0x1 CMakeFiles/131-hello-usb.dir/C_/Repositories/pico/pico-sdk/lib/tinyusb/src/device/usbd.c.obj
 *(.sdata*)
                0x20001028                        . = ALIGN (0x4)
 *fill*         0x20001025        0x3 
 *(.after_data.*)
                0x20001028                        . = ALIGN (0x4)
                0x20001028                        PROVIDE (__mutex_array_start = .)
 *(SORT_BY_NAME(.mutex_array.*))
 *(.mutex_array)
 .mutex_array   0x20001028        0x8 CMakeFiles/131-hello-usb.dir/C_/Repositories/pico/pico-sdk/src/rp2_common/pico_stdio/stdio.c.obj
                0x20001030                        PROVIDE (__mutex_array_end = .)
 *(.jcr)
                0x20001030                        . = ALIGN (0x4)

.igot.plt       0x20001030        0x0 load address 0x10007b24
 .igot.plt      0x20001030        0x0 CMakeFiles/131-hello-usb.dir/main.c.obj

.tdata          0x20001030        0x0 load address 0x10007b24
                0x20001030                        . = ALIGN (0x4)
 *(.tdata .tdata.* .gnu.linkonce.td.*)
                0x20001030                        __tdata_end = .
                0x20001030                        PROVIDE (__data_end__ = .)
                0x10006bb4                        __etext = LOADADDR (.data)
                0x20001030                        . = ALIGN (0x4)

.tbss           0x20001030        0x0 load address 0x10007b24
                0x20001030                        __bss_start__ = .
                0x20001030                        __tls_base = .
 *(.tbss .tbss.* .gnu.linkonce.tb.*)
 *(.tcommon)
                0x20001030                        . = ALIGN (0x4)
                0x20001030                        __tls_end = .

.tbss_space     0x20001030        0x0 load address 0x10007b24
                0x20001030                        . = (__bss_start__ + SIZEOF (.tbss))

.bss            0x20001030      0xc18 load address 0x10007b24
                0x20001030                        . = ALIGN (0x4)
                0x20001030                        __tbss_end = .
 *(SORT_BY_ALIGNMENT(SORT_BY_NAME(.bss*)))
 .bss._cdcd_itf
                0x20001030       0xc8 CMakeFiles/131-hello-usb.dir/C_/Repositories/pico/pico-sdk/lib/tinyusb/src/class/cdc/cdc_device.c.obj
 .bss.default_alarm_pool_entries
                0x200010f8      0x180 CMakeFiles/131-hello-usb.dir/C_/Repositories/pico/pico-sdk/src/common/pico_time/time.c.obj
 .bss.last_avail_time.1
                0x20001278        0x8 CMakeFiles/131-hello-usb.dir/C_/Repositories/pico/pico-sdk/src/rp2_common/pico_stdio_usb/stdio_usb.c.obj
 .bss.sd_table  0x20001280      0x100 CMakeFiles/131-hello-usb.dir/C_/Repositories/pico/pico-sdk/src/rp2_common/pico_double/double_init_rom_rp2040.c.obj
                0x20001280                sd_table
 .bss.sf_table  0x20001380      0x100 CMakeFiles/131-hello-usb.dir/C_/Repositories/pico/pico-sdk/src/rp2_common/pico_float/float_init_rom_rp2040.c.obj
                0x20001380                sf_table
 .bss._app_driver
                0x20001480        0x4 CMakeFiles/131-hello-usb.dir/C_/Repositories/pico/pico-sdk/lib/tinyusb/src/device/usbd.c.obj
 .bss._cdcd_epbuf
                0x20001484       0x80 CMakeFiles/131-hello-usb.dir/C_/Repositories/pico/pico-sdk/lib/tinyusb/src/class/cdc/cdc_device.c.obj
 .bss._cdcd_fifo_cfg
                0x20001504        0x1 CMakeFiles/131-hello-usb.dir/C_/Repositories/pico/pico-sdk/lib/tinyusb/src/class/cdc/cdc_device.c.obj
 *fill*         0x20001505        0x3 
 .bss._ctrl_epbuf
                0x20001508       0x40 CMakeFiles/131-hello-usb.dir/C_/Repositories/pico/pico-sdk/lib/tinyusb/src/device/usbd_control.c.obj
 .bss._ctrl_xfer
                0x20001548       0x14 CMakeFiles/131-hello-usb.dir/C_/Repositories/pico/pico-sdk/lib/tinyusb/src/device/usbd_control.c.obj
 .bss._tusb_rhport_role
                0x2000155c        0x2 CMakeFiles/131-hello-usb.dir/C_/Repositories/pico/pico-sdk/lib/tinyusb/src/tusb.c.obj
                0x2000155c                _tusb_rhport_role
 *fill*         0x2000155e        0x2 
 .bss._ubsd_mutexdef
                0x20001560        0x8 CMakeFiles/131-hello-usb.dir/C_/Repositories/pico/pico-sdk/lib/tinyusb/src/device/usbd.c.obj
 .bss._usbd_dev
                0x20001568       0x54 CMakeFiles/131-hello-usb.dir/C_/Repositories/pico/pico-sdk/lib/tinyusb/src/device/usbd.c.obj
 .bss._usbd_mutex
                0x200015bc        0x4 CMakeFiles/131-hello-usb.dir/C_/Repositories/pico/pico-sdk/lib/tinyusb/src/device/usbd.c.obj
 .bss._usbd_q   0x200015c0        0x4 CMakeFiles/131-hello-usb.dir/C_/Repositories/pico/pico-sdk/lib/tinyusb/src/device/usbd.c.obj
 .bss._usbd_qdef_buf
                0x200015c4       0xc0 CMakeFiles/131-hello-usb.dir/C_/Repositories/pico/pico-sdk/lib/tinyusb/src/device/usbd.c.obj
                0x200015c4                _usbd_qdef_buf
 .bss.boot2_copyout
                0x20001684      0x100 CMakeFiles/131-hello-usb.dir/C_/Repositories/pico/pico-sdk/src/rp2_common/hardware_flash/flash.c.obj
 .bss.chars_available_callback
                0x20001784        0x4 CMakeFiles/131-hello-usb.dir/C_/Repositories/pico/pico-sdk/src/rp2_common/pico_stdio_usb/stdio_usb.c.obj
 .bss.chars_available_param
                0x20001788        0x4 CMakeFiles/131-hello-usb.dir/C_/Repositories/pico/pico-sdk/src/rp2_common/pico_stdio_usb/stdio_usb.c.obj
 .bss.claimed   0x2000178c        0x4 CMakeFiles/131-hello-usb.dir/C_/Repositories/pico/pico-sdk/src/rp2_common/hardware_sync/sync.c.obj
 .bss.claimed   0x20001790        0x1 CMakeFiles/131-hello-usb.dir/C_/Repositories/pico/pico-sdk/src/rp2_common/hardware_timer/timer.c.obj
 *fill*         0x20001791        0x3 
 .bss.configured_freq
                0x20001794       0x28 CMakeFiles/131-hello-usb.dir/C_/Repositories/pico/pico-sdk/src/rp2_common/hardware_clocks/clocks.c.obj
 .bss.desc_str.0
                0x200017bc       0x28 CMakeFiles/131-hello-usb.dir/C_/Repositories/pico/pico-sdk/src/rp2_common/pico_stdio_usb/stdio_usb_descriptors.c.obj
 .bss.drivers   0x200017e4        0x4 CMakeFiles/131-hello-usb.dir/C_/Repositories/pico/pico-sdk/src/rp2_common/pico_stdio/stdio.c.obj
 .bss.e15_last_sof
                0x200017e8        0x4 CMakeFiles/131-hello-usb.dir/C_/Repositories/pico/pico-sdk/lib/tinyusb/src/portable/raspberrypi/rp2040/rp2040_usb.c.obj
                0x200017e8                e15_last_sof
 .bss.filter    0x200017ec        0x4 CMakeFiles/131-hello-usb.dir/C_/Repositories/pico/pico-sdk/src/rp2_common/pico_stdio/stdio.c.obj
 .bss.hw_endpoints
                0x200017f0      0x400 CMakeFiles/131-hello-usb.dir/C_/Repositories/pico/pico-sdk/lib/tinyusb/src/portable/raspberrypi/rp2040/dcd_rp2040.c.obj
 .bss.lazy_vsnprintf
                0x20001bf0        0x4 CMakeFiles/131-hello-usb.dir/C_/Repositories/pico/pico-sdk/src/rp2_common/pico_printf/printf.c.obj
 .bss.load_value
                0x20001bf4        0x4 CMakeFiles/131-hello-usb.dir/C_/Repositories/pico/pico-sdk/src/rp2_common/hardware_watchdog/watchdog.c.obj
 .bss.next_buffer_ptr
                0x20001bf8        0x4 CMakeFiles/131-hello-usb.dir/C_/Repositories/pico/pico-sdk/lib/tinyusb/src/portable/raspberrypi/rp2040/dcd_rp2040.c.obj
 .bss.one_shot_timer_crit_sec
                0x20001bfc        0x8 CMakeFiles/131-hello-usb.dir/C_/Repositories/pico/pico-sdk/src/rp2_common/pico_stdio_usb/stdio_usb.c.obj
 .bss.pools     0x20001c04       0x10 CMakeFiles/131-hello-usb.dir/C_/Repositories/pico/pico-sdk/src/common/pico_time/time.c.obj
 .bss.retrieved_id
                0x20001c14        0x8 CMakeFiles/131-hello-usb.dir/C_/Repositories/pico/pico-sdk/src/rp2_common/pico_unique_id/unique_id.c.obj
 .bss.sf_clz_func
                0x20001c1c        0x4 CMakeFiles/131-hello-usb.dir/C_/Repositories/pico/pico-sdk/src/rp2_common/pico_double/double_init_rom_rp2040.c.obj
                0x20001c1c                sf_clz_func
 .bss.sleep_notifier
                0x20001c20        0x4 CMakeFiles/131-hello-usb.dir/C_/Repositories/pico/pico-sdk/src/common/pico_time/time.c.obj
 .bss.stdio_usb_mutex
                0x20001c24        0x8 CMakeFiles/131-hello-usb.dir/C_/Repositories/pico/pico-sdk/src/rp2_common/pico_stdio_usb/stdio_usb.c.obj
 .bss.usbd_serial_str