Archive member included to satisfy reference by file (symbol)

C:/Program Files/Arm/GNU Toolchain mingw-w64-x86_64-arm-none-eabi/bin/../lib/gcc/arm-none-eabi/15.3.1/thumb/v6-m/nofp\libgcc.a(_dvmd_tls.o)
                              CMakeFiles/133_led_button_usb.dir/C_/Repositories/pico/pico-sdk/src/rp2_common/pico_divider/divider_hardware.S.obj (__aeabi_idiv0)
C:/Program Files/Arm/GNU Toolchain mingw-w64-x86_64-arm-none-eabi/bin/../lib/gcc/arm-none-eabi/15.3.1/../../../../arm-none-eabi/lib/thumb/v6-m/nofp\libg.a(libc_a-calloc.o)
                              CMakeFiles/133_led_button_usb.dir/C_/Repositories/pico/pico-sdk/src/rp2_common/pico_malloc/malloc.c.obj (calloc)
C:/Program Files/Arm/GNU Toolchain mingw-w64-x86_64-arm-none-eabi/bin/../lib/gcc/arm-none-eabi/15.3.1/../../../../arm-none-eabi/lib/thumb/v6-m/nofp\libg.a(libc_a-callocr.o)
                              C:/Program Files/Arm/GNU Toolchain mingw-w64-x86_64-arm-none-eabi/bin/../lib/gcc/arm-none-eabi/15.3.1/../../../../arm-none-eabi/lib/thumb/v6-m/nofp\libg.a(libc_a-calloc.o) (_calloc_r)
C:/Program Files/Arm/GNU Toolchain mingw-w64-x86_64-arm-none-eabi/bin/../lib/gcc/arm-none-eabi/15.3.1/../../../../arm-none-eabi/lib/thumb/v6-m/nofp\libg.a(libc_a-malloc.o)
                              CMakeFiles/133_led_button_usb.dir/C_/Repositories/pico/pico-sdk/src/rp2_common/pico_malloc/malloc.c.obj (malloc)
C:/Program Files/Arm/GNU Toolchain mingw-w64-x86_64-arm-none-eabi/bin/../lib/gcc/arm-none-eabi/15.3.1/../../../../arm-none-eabi/lib/thumb/v6-m/nofp\libg.a(libc_a-mallocr.o)
                              C:/Program Files/Arm/GNU Toolchain mingw-w64-x86_64-arm-none-eabi/bin/../lib/gcc/arm-none-eabi/15.3.1/../../../../arm-none-eabi/lib/thumb/v6-m/nofp\libg.a(libc_a-callocr.o) (_malloc_r)
C:/Program Files/Arm/GNU Toolchain mingw-w64-x86_64-arm-none-eabi/bin/../lib/gcc/arm-none-eabi/15.3.1/../../../../arm-none-eabi/lib/thumb/v6-m/nofp\libg.a(libc_a-mlock.o)
                              C:/Program Files/Arm/GNU Toolchain mingw-w64-x86_64-arm-none-eabi/bin/../lib/gcc/arm-none-eabi/15.3.1/../../../../arm-none-eabi/lib/thumb/v6-m/nofp\libg.a(libc_a-mallocr.o) (__malloc_lock)
C:/Program Files/Arm/GNU Toolchain mingw-w64-x86_64-arm-none-eabi/bin/../lib/gcc/arm-none-eabi/15.3.1/../../../../arm-none-eabi/lib/thumb/v6-m/nofp\libg.a(libc_a-realloc.o)
                              CMakeFiles/133_led_button_usb.dir/C_/Repositories/pico/pico-sdk/src/rp2_common/pico_malloc/malloc.c.obj (realloc)
C:/Program Files/Arm/GNU Toolchain mingw-w64-x86_64-arm-none-eabi/bin/../lib/gcc/arm-none-eabi/15.3.1/../../../../arm-none-eabi/lib/thumb/v6-m/nofp\libg.a(libc_a-reallocr.o)
                              C:/Program Files/Arm/GNU Toolchain mingw-w64-x86_64-arm-none-eabi/bin/../lib/gcc/arm-none-eabi/15.3.1/../../../../arm-none-eabi/lib/thumb/v6-m/nofp\libg.a(libc_a-realloc.o) (_realloc_r)
C:/Program Files/Arm/GNU Toolchain mingw-w64-x86_64-arm-none-eabi/bin/../lib/gcc/arm-none-eabi/15.3.1/../../../../arm-none-eabi/lib/thumb/v6-m/nofp\libg.a(libc_a-memcmp.o)
                              CMakeFiles/133_led_button_usb.dir/C_/Repositories/pico/pico-sdk/src/rp2_common/pico_atomic/atomic.c.obj (memcmp)
C:/Program Files/Arm/GNU Toolchain mingw-w64-x86_64-arm-none-eabi/bin/../lib/gcc/arm-none-eabi/15.3.1/../../../../arm-none-eabi/lib/thumb/v6-m/nofp\libg.a(libc_a-memmove.o)
                              C:/Program Files/Arm/GNU Toolchain mingw-w64-x86_64-arm-none-eabi/bin/../lib/gcc/arm-none-eabi/15.3.1/../../../../arm-none-eabi/lib/thumb/v6-m/nofp\libg.a(libc_a-reallocr.o) (memmove)
C:/Program Files/Arm/GNU Toolchain mingw-w64-x86_64-arm-none-eabi/bin/../lib/gcc/arm-none-eabi/15.3.1/../../../../arm-none-eabi/lib/thumb/v6-m/nofp\libg.a(libc_a-lcltime_r.o)
                              CMakeFiles/133_led_button_usb.dir/C_/Repositories/pico/pico-sdk/src/common/pico_util/datetime.c.obj (localtime_r)
C:/Program Files/Arm/GNU Toolchain mingw-w64-x86_64-arm-none-eabi/bin/../lib/gcc/arm-none-eabi/15.3.1/../../../../arm-none-eabi/lib/thumb/v6-m/nofp\libg.a(libc_a-mktime.o)
                              CMakeFiles/133_led_button_usb.dir/C_/Repositories/pico/pico-sdk/src/common/pico_util/datetime.c.obj (mktime)
C:/Program Files/Arm/GNU Toolchain mingw-w64-x86_64-arm-none-eabi/bin/../lib/gcc/arm-none-eabi/15.3.1/../../../../arm-none-eabi/lib/thumb/v6-m/nofp\libg.a(libc_a-month_lengths.o)
                              C:/Program Files/Arm/GNU Toolchain mingw-w64-x86_64-arm-none-eabi/bin/../lib/gcc/arm-none-eabi/15.3.1/../../../../arm-none-eabi/lib/thumb/v6-m/nofp\libg.a(libc_a-lcltime_r.o) (__month_lengths)
C:/Program Files/Arm/GNU Toolchain mingw-w64-x86_64-arm-none-eabi/bin/../lib/gcc/arm-none-eabi/15.3.1/../../../../arm-none-eabi/lib/thumb/v6-m/nofp\libg.a(libc_a-tzcalc_limits.o)
[...]
Memory Configuration

Name             Origin             Length             Attributes
FLASH            0x10000000         0x00200000         xr
XIP_RAM          0x15000000         0x00004000         xrw
RAM              0x20000000         0x00040000         xrw
SCRATCH_X        0x20040000         0x00001000         xrw
SCRATCH_Y        0x20041000         0x00001000         xrw
*default*        0x00000000         0xffffffff

Linker script and memory map

                0x20000000                        RAM_ORIGIN_DEFAULT = 0x20000000
                0x00040000                        RAM_LENGTH_DEFAULT = 0x40000
                0x20040000                        SCRATCH_X_ORIGIN_DEFAULT = 0x20040000
                0x00001000                        SCRATCH_X_LENGTH_DEFAULT = 0x1000
                0x20041000                        SCRATCH_Y_ORIGIN_DEFAULT = 0x20041000
                0x00001000                        SCRATCH_Y_LENGTH_DEFAULT = 0x1000
                0x15000000                        XIP_RAM_ORIGIN_DEFAULT = 0x15000000
                0x00004000                        XIP_RAM_LENGTH_DEFAULT = 0x4000
LOAD CMakeFiles/133_led_button_usb.dir/main.c.obj
LOAD CMakeFiles/133_led_button_usb.dir/C_/Repositories/pico/pico-sdk/src/rp2_common/pico_stdlib/stdlib.c.obj
LOAD CMakeFiles/133_led_button_usb.dir/C_/Repositories/pico/pico-sdk/src/rp2_common/hardware_gpio/gpio.c.obj
LOAD CMakeFiles/133_led_button_usb.dir/C_/Repositories/pico/pico-sdk/src/rp2040/pico_platform/platform.c.obj
LOAD CMakeFiles/133_led_button_usb.dir/C_/Repositories/pico/pico-sdk/src/rp2_common/pico_platform_common/common.c.obj
LOAD CMakeFiles/133_led_button_usb.dir/C_/Repositories/pico/pico-sdk/src/rp2_common/pico_platform_panic/panic.c.obj
LOAD CMakeFiles/133_led_button_usb.dir/C_/Repositories/pico/pico-sdk/src/rp2_common/pico_platform_panic/custom_panic_function.S.obj
LOAD CMakeFiles/133_led_button_usb.dir/C_/Repositories/pico/pico-sdk/src/common/hardware_claim/claim.c.obj
LOAD CMakeFiles/133_led_button_usb.dir/C_/Repositories/pico/pico-sdk/src/rp2_common/hardware_sync/sync.c.obj
LOAD CMakeFiles/133_led_button_usb.dir/C_/Repositories/pico/pico-sdk/src/rp2_common/hardware_sync_spin_lock/sync_spin_lock.c.obj
LOAD CMakeFiles/133_led_button_usb.dir/C_/Repositories/pico/pico-sdk/src/rp2_common/hardware_irq/irq.c.obj
LOAD CMakeFiles/133_led_button_usb.dir/C_/Repositories/pico/pico-sdk/src/rp2_common/hardware_irq/irq_handler_chain.S.obj
LOAD CMakeFiles/133_led_button_usb.dir/C_/Repositories/pico/pico-sdk/src/common/pico_sync/sem.c.obj
LOAD CMakeFiles/133_led_button_usb.dir/C_/Repositories/pico/pico-sdk/src/common/pico_sync/lock_core.c.obj
LOAD CMakeFiles/133_led_button_usb.dir/C_/Repositories/pico/pico-sdk/src/common/pico_sync/mutex.c.obj
LOAD CMakeFiles/133_led_button_usb.dir/C_/Repositories/pico/pico-sdk/src/common/pico_sync/critical_section.c.obj
LOAD CMakeFiles/133_led_button_usb.dir/C_/Repositories/pico/pico-sdk/src/common/pico_time/time.c.obj
LOAD CMakeFiles/133_led_button_usb.dir/C_/Repositories/pico/pico-sdk/src/common/pico_time/timeout_helper.c.obj
LOAD CMakeFiles/133_led_button_usb.dir/C_/Repositories/pico/pico-sdk/src/rp2_common/hardware_timer/timer.c.obj
LOAD CMakeFiles/133_led_button_usb.dir/C_/Repositories/pico/pico-sdk/src/common/pico_util/datetime.c.obj
LOAD CMakeFiles/133_led_button_usb.dir/C_/Repositories/pico/pico-sdk/src/common/pico_util/fixed_bitset.c.obj
LOAD CMakeFiles/133_led_button_usb.dir/C_/Repositories/pico/pico-sdk/src/common/pico_util/pheap.c.obj
LOAD CMakeFiles/133_led_button_usb.dir/C_/Repositories/pico/pico-sdk/src/common/pico_util/queue.c.obj
LOAD CMakeFiles/133_led_button_usb.dir/C_/Repositories/pico/pico-sdk/src/rp2_common/hardware_uart/uart.c.obj
LOAD CMakeFiles/133_led_button_usb.dir/C_/Repositories/pico/pico-sdk/src/rp2_common/hardware_clocks/clocks.c.obj
LOAD CMakeFiles/133_led_button_usb.dir/C_/Repositories/pico/pico-sdk/src/rp2_common/hardware_pll/pll.c.obj
LOAD CMakeFiles/133_led_button_usb.dir/C_/Repositories/pico/pico-sdk/src/rp2_common/hardware_vreg/vreg.c.obj
LOAD CMakeFiles/133_led_button_usb.dir/C_/Repositories/pico/pico-sdk/src/rp2_common/hardware_watchdog/watchdog.c.obj
LOAD CMakeFiles/133_led_button_usb.dir/C_/Repositories/pico/pico-sdk/src/rp2_common/hardware_ticks/ticks.c.obj
LOAD CMakeFiles/133_led_button_usb.dir/C_/Repositories/pico/pico-sdk/src/rp2_common/pico_bootrom/bootrom.c.obj
LOAD CMakeFiles/133_led_button_usb.dir/C_/Repositories/pico/pico-sdk/src/rp2_common/pico_bootrom/bootrom_lock.c.obj
LOAD CMakeFiles/133_led_button_usb.dir/C_/Repositories/pico/pico-sdk/src/rp2_common/hardware_boot_lock/boot_lock.c.obj
LOAD CMakeFiles/133_led_button_usb.dir/C_/Repositories/pico/pico-sdk/src/rp2_common/pico_flash/flash.c.obj
LOAD CMakeFiles/133_led_button_usb.dir/C_/Repositories/pico/pico-sdk/src/rp2_common/hardware_xosc/xosc.c.obj
LOAD CMakeFiles/133_led_button_usb.dir/C_/Repositories/pico/pico-sdk/src/rp2_common/hardware_divider/divider.S.obj
LOAD CMakeFiles/133_led_button_usb.dir/C_/Repositories/pico/pico-sdk/src/rp2_common/pico_runtime/runtime.c.obj
LOAD CMakeFiles/133_led_button_usb.dir/C_/Repositories/pico/pico-sdk/src/rp2_common/pico_runtime_init/runtime_init.c.obj
LOAD CMakeFiles/133_led_button_usb.dir/C_/Repositories/pico/pico-sdk/src/rp2_common/pico_runtime_init/runtime_init_clocks.c.obj
LOAD CMakeFiles/133_led_button_usb.dir/C_/Repositories/pico/pico-sdk/src/rp2_common/pico_runtime_init/runtime_init_stack_guard.c.obj
LOAD CMakeFiles/133_led_button_usb.dir/C_/Repositories/pico/pico-sdk/src/rp2_common/hardware_rtc/rtc.c.obj
LOAD CMakeFiles/133_led_button_usb.dir/C_/Repositories/pico/pico-sdk/src/rp2_common/pico_bit_ops/bit_ops_aeabi.S.obj
LOAD CMakeFiles/133_led_button_usb.dir/C_/Repositories/pico/pico-sdk/src/rp2_common/pico_divider/divider_hardware.S.obj
LOAD CMakeFiles/133_led_button_usb.dir/C_/Repositories/pico/pico-sdk/src/rp2_common/pico_double/double_aeabi_rp2040.S.obj
LOAD CMakeFiles/133_led_button_usb.dir/C_/Repositories/pico/pico-sdk/src/rp2_common/pico_double/double_init_rom_rp2040.c.obj
LOAD CMakeFiles/133_led_button_usb.dir/C_/Repositories/pico/pico-sdk/src/rp2_common/pico_double/double_math.c.obj
LOAD CMakeFiles/133_led_button_usb.dir/C_/Repositories/pico/pico-sdk/src/rp2_common/pico_double/double_v1_rom_shim_rp2040.S.obj
LOAD CMakeFiles/133_led_button_usb.dir/C_/Repositories/pico/pico-sdk/src/rp2_common/pico_int64_ops/pico_int64_ops_aeabi.S.obj
LOAD CMakeFiles/133_led_button_usb.dir/C_/Repositories/pico/pico-sdk/src/rp2_common/pico_float/float_aeabi_rp2040.S.obj
LOAD CMakeFiles/133_led_button_usb.dir/C_/Repositories/pico/pico-sdk/src/rp2_common/pico_float/float_init_rom_rp2040.c.obj
LOAD CMakeFiles/133_led_button_usb.dir/C_/Repositories/pico/pico-sdk/src/rp2_common/pico_float/float_math.c.obj
LOAD CMakeFiles/133_led_button_usb.dir/C_/Repositories/pico/pico-sdk/src/rp2_common/pico_float/float_v1_rom_shim_rp2040.S.obj
LOAD CMakeFiles/133_led_button_usb.dir/C_/Repositories/pico/pico-sdk/src/rp2_common/pico_malloc/malloc.c.obj
LOAD CMakeFiles/133_led_button_usb.dir/C_/Repositories/pico/pico-sdk/src/rp2_common/pico_mem_ops/mem_ops_aeabi.S.obj
LOAD CMakeFiles/133_led_button_usb.dir/C_/Repositories/pico/pico-sdk/src/rp2_common/pico_atomic/atomic.c.obj
LOAD CMakeFiles/133_led_button_usb.dir/C_/Repositories/pico/pico-sdk/src/rp2_common/pico_cxx_options/new_delete.cpp.obj
LOAD CMakeFiles/133_led_button_usb.dir/C_/Repositories/pico/pico-sdk/src/rp2_common/pico_standard_binary_info/standard_binary_info.c.obj
LOAD CMakeFiles/133_led_button_usb.dir/C_/Repositories/pico/pico-sdk/src/rp2_common/pico_printf/printf.c.obj
LOAD CMakeFiles/133_led_button_usb.dir/C_/Repositories/pico/pico-sdk/src/rp2_common/pico_crt0/crt0.S.obj
LOAD CMakeFiles/133_led_button_usb.dir/C_/Repositories/pico/pico-sdk/src/rp2_common/pico_clib_interface/newlib_interface.c.obj
LOAD CMakeFiles/133_led_button_usb.dir/C_/Repositories/pico/pico-sdk/src/rp2_common/pico_clib_interface/cxa_guard.c.obj
LOAD CMakeFiles/133_led_button_usb.dir/C_/Repositories/pico/pico-sdk/src/rp2_common/pico_stdio/stdio.c.obj
LOAD CMakeFiles/133_led_button_usb.dir/C_/Repositories/pico/pico-sdk/src/rp2_common/pico_stdio_usb/stdio_usb.c.obj
LOAD CMakeFiles/133_led_button_usb.dir/C_/Repositories/pico/pico-sdk/src/rp2_common/pico_stdio_usb/stdio_usb_descriptors.c.obj
LOAD CMakeFiles/133_led_button_usb.dir/C_/Repositories/pico/pico-sdk/src/rp2_common/pico_unique_id/unique_id.c.obj
LOAD CMakeFiles/133_led_button_usb.dir/C_/Repositories/pico/pico-sdk/src/rp2_common/hardware_flash/flash.c.obj
LOAD CMakeFiles/133_led_button_usb.dir/C_/Repositories/pico/pico-sdk/src/rp2_common/hardware_xip_cache/xip_cache.c.obj
LOAD CMakeFiles/133_led_button_usb.dir/C_/Repositories/pico/pico-sdk/src/rp2_common/pico_usb_reset/usb_reset.c.obj
LOAD CMakeFiles/133_led_button_usb.dir/C_/Repositories/pico/pico-sdk/lib/tinyusb/src/portable/raspberrypi/rp2040/dcd_rp2040.c.obj
LOAD CMakeFiles/133_led_button_usb.dir/C_/Repositories/pico/pico-sdk/lib/tinyusb/src/portable/raspberrypi/rp2040/rp2040_usb.c.obj
LOAD CMakeFiles/133_led_button_usb.dir/C_/Repositories/pico/pico-sdk/lib/tinyusb/src/device/usbd.c.obj
LOAD CMakeFiles/133_led_button_usb.dir/C_/Repositories/pico/pico-sdk/lib/tinyusb/src/device/usbd_control.c.obj
LOAD CMakeFiles/133_led_button_usb.dir/C_/Repositories/pico/pico-sdk/lib/tinyusb/src/class/audio/audio_device.c.obj
LOAD CMakeFiles/133_led_button_usb.dir/C_/Repositories/pico/pico-sdk/lib/tinyusb/src/class/cdc/cdc_device.c.obj
LOAD CMakeFiles/133_led_button_usb.dir/C_/Repositories/pico/pico-sdk/lib/tinyusb/src/class/dfu/dfu_device.c.obj
LOAD CMakeFiles/133_led_button_usb.dir/C_/Repositories/pico/pico-sdk/lib/tinyusb/src/class/dfu/dfu_rt_device.c.obj
LOAD CMakeFiles/133_led_button_usb.dir/C_/Repositories/pico/pico-sdk/lib/tinyusb/src/class/hid/hid_device.c.obj
LOAD CMakeFiles/133_led_button_usb.dir/C_/Repositories/pico/pico-sdk/lib/tinyusb/src/class/midi/midi_device.c.obj
LOAD CMakeFiles/133_led_button_usb.dir/C_/Repositories/pico/pico-sdk/lib/tinyusb/src/class/msc/msc_device.c.obj
LOAD CMakeFiles/133_led_button_usb.dir/C_/Repositories/pico/pico-sdk/lib/tinyusb/src/class/net/ecm_rndis_device.c.obj
LOAD CMakeFiles/133_led_button_usb.dir/C_/Repositories/pico/pico-sdk/lib/tinyusb/src/class/net/ncm_device.c.obj
LOAD CMakeFiles/133_led_button_usb.dir/C_/Repositories/pico/pico-sdk/lib/tinyusb/src/class/usbtmc/usbtmc_device.c.obj
LOAD CMakeFiles/133_led_button_usb.dir/C_/Repositories/pico/pico-sdk/lib/tinyusb/src/class/vendor/vendor_device.c.obj
LOAD CMakeFiles/133_led_button_usb.dir/C_/Repositories/pico/pico-sdk/lib/tinyusb/src/class/video/video_device.c.obj
LOAD CMakeFiles/133_led_button_usb.dir/C_/Repositories/pico/pico-sdk/lib/tinyusb/src/tusb.c.obj
LOAD CMakeFiles/133_led_button_usb.dir/C_/Repositories/pico/pico-sdk/lib/tinyusb/src/common/tusb_fifo.c.obj
LOAD CMakeFiles/133_led_button_usb.dir/C_/Repositories/pico/pico-sdk/src/rp2_common/pico_fix/rp2040_usb_device_enumeration/rp2040_usb_device_enumeration.c.obj
LOAD CMakeFiles/133_led_button_usb.dir/C_/Repositories/pico/pico-sdk/src/rp2_common/pico_thread_local/thread_local.c.obj
LOAD pico-sdk/src/rp2040/boot_stage2/CMakeFiles/bs2_default_library.dir/bs2_default_padded_checksummed.S.obj
LOAD C:/Program Files/Arm/GNU Toolchain mingw-w64-x86_64-arm-none-eabi/bin/../lib/gcc/arm-none-eabi/15.3.1/../../../../arm-none-eabi/lib/thumb/v6-m/nofp\libstdc++.a
LOAD C:/Program Files/Arm/GNU Toolchain mingw-w64-x86_64-arm-none-eabi/bin/../lib/gcc/arm-none-eabi/15.3.1/../../../../arm-none-eabi/lib/thumb/v6-m/nofp\libm.a
START GROUP
LOAD C:/Program Files/Arm/GNU Toolchain mingw-w64-x86_64-arm-none-eabi/bin/../lib/gcc/arm-none-eabi/15.3.1/thumb/v6-m/nofp\libgcc.a
LOAD C:/Program Files/Arm/GNU Toolchain mingw-w64-x86_64-arm-none-eabi/bin/../lib/gcc/arm-none-eabi/15.3.1/../../../../arm-none-eabi/lib/thumb/v6-m/nofp\libg.a
LOAD C:/Program Files/Arm/GNU Toolchain mingw-w64-x86_64-arm-none-eabi/bin/../lib/gcc/arm-none-eabi/15.3.1/../../../../arm-none-eabi/lib/thumb/v6-m/nofp\libc.a
END GROUP
                0x20000000                        PROVIDE (RAM_ORIGIN = RAM_ORIGIN_DEFAULT)
                0x00040000                        PROVIDE (RAM_LENGTH = RAM_LENGTH_DEFAULT)
                0x20040000                        PROVIDE (SCRATCH_X_ORIGIN = SCRATCH_X_ORIGIN_DEFAULT)
                0x00001000                        PROVIDE (SCRATCH_X_LENGTH = SCRATCH_X_LENGTH_DEFAULT)
                0x20041000                        PROVIDE (SCRATCH_Y_ORIGIN = SCRATCH_Y_ORIGIN_DEFAULT)
                0x00001000                        PROVIDE (SCRATCH_Y_LENGTH = SCRATCH_Y_LENGTH_DEFAULT)
                0x15000000                        PROVIDE (XIP_RAM_ORIGIN = XIP_RAM_ORIGIN_DEFAULT)
                0x00004000                        PROVIDE (XIP_RAM_LENGTH = XIP_RAM_LENGTH_DEFAULT)
                0x20000000                        RAM_ORIGIN = DEFINED (RAM_ORIGIN)?RAM_ORIGIN:RAM_ORIGIN_DEFAULT
                0x00040000                        RAM_LENGTH = DEFINED (RAM_LENGTH)?RAM_LENGTH:RAM_LENGTH_DEFAULT
                0x20040000                        SCRATCH_X_ORIGIN = DEFINED (SCRATCH_X_ORIGIN)?SCRATCH_X_ORIGIN:SCRATCH_X_ORIGIN_DEFAULT
                0x00001000                        SCRATCH_X_LENGTH = DEFINED (SCRATCH_X_LENGTH)?SCRATCH_X_LENGTH:SCRATCH_X_LENGTH_DEFAULT
                0x20041000                        SCRATCH_Y_ORIGIN = DEFINED (SCRATCH_Y_ORIGIN)?SCRATCH_Y_ORIGIN:SCRATCH_Y_ORIGIN_DEFAULT
                0x00001000                        SCRATCH_Y_LENGTH = DEFINED (SCRATCH_Y_LENGTH)?SCRATCH_Y_LENGTH:SCRATCH_Y_LENGTH_DEFAULT
                0x15000000                        XIP_RAM_ORIGIN = DEFINED (XIP_RAM_ORIGIN)?XIP_RAM_ORIGIN:XIP_RAM_ORIGIN_DEFAULT
                0x00004000                        XIP_RAM_LENGTH = DEFINED (XIP_RAM_LENGTH)?XIP_RAM_LENGTH:XIP_RAM_LENGTH_DEFAULT

.flash_begin    0x10000000        0x0
                0x10000000                        __flash_binary_start = .

.boot2          0x10000000      0x100
                0x10000000                        __boot2_start__ = .
 *(.boot2)
 .boot2         0x10000000      0x100 pico-sdk/src/rp2040/boot_stage2/CMakeFiles/bs2_default_library.dir/bs2_default_padded_checksummed.S.obj
                0x10000100                        __boot2_end__ = .
                0x00000001                        ASSERT (((__boot2_end__ - __boot2_start__) == 0x100), ERROR: Pico second stage bootloader must be exactly 256 bytes in size for RP2040)

.text           0x10000100     0x65d0
                0x10000100                        __logical_binary_start = .
 *(.vectors)
 .vectors       0x10000100       0xd4 CMakeFiles/133_led_button_usb.dir/C_/Repositories/pico/pico-sdk/src/rp2_common/pico_crt0/crt0.S.obj
                0x10000100                __VECTOR_TABLE
                0x10000100                __vectors
                0x100001c0                isr_irq13
                0x100001c0                isr_irq27
                0x100001c0                isr_irq31
                0x100001c0                isr_irq12
                0x100001c0                isr_irq5
                0x100001c0                isr_irq11
                0x100001c0                isr_irq3
                0x100001c0                isr_irq23
                0x100001c0                __unhandled_user_irq
                0x100001c0                isr_irq26
                0x100001c0                isr_irq28
                0x100001c0                isr_irq19
                0x100001c0                isr_irq0
                0x100001c0                isr_irq6
                0x100001c0                isr_irq29
                0x100001c0                isr_irq16
                0x100001c0                isr_irq22
                0x100001c0                isr_irq18
                0x100001c0                isr_irq17
                0x100001c0                isr_irq14
                0x100001c0                __vectors_end
                0x100001c0                __default_isrs_start
                0x100001c0                isr_irq2
                0x100001c0                isr_irq10
                0x100001c0                isr_irq8
                0x100001c0                isr_irq24
                0x100001c0                isr_irq1
                0x100001c0                isr_irq7
                0x100001c0                isr_irq21
                0x100001c0                isr_irq20
                0x100001c0                isr_irq15
                0x100001c0                isr_irq25
                0x100001c0                isr_irq4
                0x100001c0                isr_irq30
                0x100001c0                isr_irq9
                0x100001c6                unhandled_user_irq_num_in_r0
                0x100001c8                isr_invalid
                0x100001ca                isr_nmi
                0x100001cc                isr_hardfault
                0x100001ce                isr_svcall
                0x100001d0                isr_pendsv
                0x100001d2                isr_systick
                0x100001d4                __default_isrs_end
 *(.binary_info_header)
 .binary_info_header
                0x100001d4       0x14 CMakeFiles/133_led_button_usb.dir/C_/Repositories/pico/pico-sdk/src/rp2_common/pico_crt0/crt0.S.obj
                0x100001e8                        __binary_info_header_end = .
 *(.embedded_block)
                0x100001e8                        __embedded_block_end = .
 *(.reset)
 .reset         0x100001e8       0x98 CMakeFiles/133_led_button_usb.dir/C_/Repositories/pico/pico-sdk/src/rp2_common/pico_crt0/crt0.S.obj
                0x100001e8                _entry_point
 *(.init)
 *libgcc.a:cmse_nonsecure_call.o()
 *(EXCLUDE_FILE(*libm.a: *lib*_a-mem*.o *libc.a: *libgcc.a:) .text*)
 .text.startup.main
                0x10000280       0xec CMakeFiles/133_led_button_usb.dir/main.c.obj
                0x10000280                main
 .text.gpio_set_pulls
                0x1000036c       0x24 CMakeFiles/133_led_button_usb.dir/C_/Repositories/pico/pico-sdk/src/rp2_common/hardware_gpio/gpio.c.obj
                0x1000036c                gpio_set_pulls
 .text.gpio_init
                0x10000390       0x3c CMakeFiles/133_led_button_usb.dir/C_/Repositories/pico/pico-sdk/src/rp2_common/hardware_gpio/gpio.c.obj
                0x10000390                gpio_init
 .text.rp2040_chip_version
                0x100003cc        0xc CMakeFiles/133_led_button_usb.dir/C_/Repositories/pico/pico-sdk/src/rp2040/pico_platform/platform.c.obj
                0x100003cc                rp2040_chip_version
 .text.panic    0x100003d8       0x30 CMakeFiles/133_led_button_usb.dir/C_/Repositories/pico/pico-sdk/src/rp2_common/pico_platform_panic/panic.c.obj
                0x100003d8                panic
 .text.hw_claim_or_assert
                0x10000408       0x50 CMakeFiles/133_led_button_usb.dir/C_/Repositories/pico/pico-sdk/src/common/hardware_claim/claim.c.obj
                0x10000408                hw_claim_or_assert
 .text.hw_claim_unused_from_range
                0x10000458       0x88 CMakeFiles/133_led_button_usb.dir/C_/Repositories/pico/pico-sdk/src/common/hardware_claim/claim.c.obj
                0x10000458                hw_claim_unused_from_range
 .text.next_striped_spin_lock_num
                0x100004e0       0x18 CMakeFiles/133_led_button_usb.dir/C_/Repositories/pico/pico-sdk/src/rp2_common/hardware_sync/sync.c.obj
                0x100004e0                next_striped_spin_lock_num
 .text.spin_lock_claim_unused
                0x100004f8       0x20 CMakeFiles/133_led_button_usb.dir/C_/Repositories/pico/pico-sdk/src/rp2_common/hardware_sync/sync.c.obj
                0x100004f8                spin_lock_claim_unused
 .text.spin_locks_reset
                0x10000518       0x1c CMakeFiles/133_led_button_usb.dir/C_/Repositories/pico/pico-sdk/src/rp2_common/hardware_sync_spin_lock/sync_spin_lock.c.obj
                0x10000518                spin_locks_reset
 .text.runtime_init_per_core_irq_priorities
                0x10000534       0x48 CMakeFiles/133_led_button_usb.dir/C_/Repositories/pico/pico-sdk/src/rp2_common/hardware_irq/irq.c.obj
                0x10000534                runtime_init_per_core_irq_priorities
 .text.irq_set_enabled
                0x1000057c       0x24 CMakeFiles/133_led_button_usb.dir/C_/Repositories/pico/pico-sdk/src/rp2_common/hardware_irq/irq.c.obj
                0x1000057c                irq_set_enabled
 .text.irq_is_enabled
                0x100005a0       0x18 CMakeFiles/133_led_button_usb.dir/C_/Repositories/pico/pico-sdk/src/rp2_common/hardware_irq/irq.c.obj
                0x100005a0                irq_is_enabled
 .text.irq_set_pending
                0x100005b8       0x10 CMakeFiles/133_led_button_usb.dir/C_/Repositories/pico/pico-sdk/src/rp2_common/hardware_irq/irq.c.obj
                0x100005b8                irq_set_pending
 .text.irq_has_shared_handler
                0x100005c8       0x20 CMakeFiles/133_led_button_usb.dir/C_/Repositories/pico/pico-sdk/src/rp2_common/hardware_irq/irq.c.obj
                0x100005c8                irq_has_shared_handler
 .text.irq_set_exclusive_handler
                0x100005e8       0x54 CMakeFiles/133_led_button_usb.dir/C_/Repositories/pico/pico-sdk/src/rp2_common/hardware_irq/irq.c.obj
                0x100005e8                irq_set_exclusive_handler
 .text.irq_add_shared_handler
                0x1000063c      0x1b8 CMakeFiles/133_led_button_usb.dir/C_/Repositories/pico/pico-sdk/src/rp2_common/hardware_irq/irq.c.obj
                0x1000063c                irq_add_shared_handler
 .text.irq_add_tail_to_free_list
                0x100007f4       0xcc CMakeFiles/133_led_button_usb.dir/C_/Repositories/pico/pico-sdk/src/rp2_common/hardware_irq/irq.c.obj
                0x100007f4                irq_add_tail_to_free_list
 .text.user_irq_claim_unused
                0x100008c0       0x28 CMakeFiles/133_led_button_usb.dir/C_/Repositories/pico/pico-sdk/src/rp2_common/hardware_irq/irq.c.obj
                0x100008c0                user_irq_claim_unused
 .text.lock_init
                0x100008e8       0x10 CMakeFiles/133_led_button_usb.dir/C_/Repositories/pico/pico-sdk/src/common/pico_sync/lock_core.c.obj
                0x100008e8                lock_init
 .text.runtime_init_mutex
                0x100008f8       0x50 CMakeFiles/133_led_button_usb.dir/C_/Repositories/pico/pico-sdk/src/common/pico_sync/mutex.c.obj
                0x100008f8                runtime_init_mutex
 .text.mutex_init
                0x10000948       0x1c CMakeFiles/133_led_button_usb.dir/C_/Repositories/pico/pico-sdk/src/common/pico_sync/mutex.c.obj
                0x10000948                mutex_init
 .text.critical_section_init
                0x10000964       0x1c CMakeFiles/133_led_button_usb.dir/C_/Repositories/pico/pico-sdk/src/common/pico_sync/critical_section.c.obj
                0x10000964                critical_section_init
 .text.critical_section_init_with_lock_num
                0x10000980       0x14 CMakeFiles/133_led_button_usb.dir/C_/Repositories/pico/pico-sdk/src/common/pico_sync/critical_section.c.obj
                0x10000980                critical_section_init_with_lock_num
 .text.sleep_until_callback
                0x10000994       0x30 CMakeFiles/133_led_button_usb.dir/C_/Repositories/pico/pico-sdk/src/common/pico_time/time.c.obj
 .text.alarm_pool_irq_handler
                0x100009c4      0x2f4 CMakeFiles/133_led_button_usb.dir/C_/Repositories/pico/pico-sdk/src/common/pico_time/time.c.obj
 .text.runtime_init_default_alarm_pool
                0x10000cb8       0xd8 CMakeFiles/133_led_button_usb.dir/C_/Repositories/pico/pico-sdk/src/common/pico_time/time.c.obj
                0x10000cb8                runtime_init_default_alarm_pool
 .text.alarm_pool_get_default
                0x10000d90        0x8 CMakeFiles/133_led_button_usb.dir/C_/Repositories/pico/pico-sdk/src/common/pico_time/time.c.obj
                0x10000d90                alarm_pool_get_default
 .text.alarm_pool_add_alarm_at
                0x10000d98       0xcc CMakeFiles/133_led_button_usb.dir/C_/Repositories/pico/pico-sdk/src/common/pico_time/time.c.obj
                0x10000d98                alarm_pool_add_alarm_at
 .text.alarm_pool_add_alarm_at_force_in_context
                0x10000e64       0xbc CMakeFiles/133_led_button_usb.dir/C_/Repositories/pico/pico-sdk/src/common/pico_time/time.c.obj
                0x10000e64                alarm_pool_add_alarm_at_force_in_context
 .text.alarm_pool_cancel_alarm
                0x10000f20       0x74 CMakeFiles/133_led_button_usb.dir/C_/Repositories/pico/pico-sdk/src/common/pico_time/time.c.obj
                0x10000f20                alarm_pool_cancel_alarm
 .text.alarm_pool_core_num
                0x10000f94        0x4 CMakeFiles/133_led_button_usb.dir/C_/Repositories/pico/pico-sdk/src/common/pico_time/time.c.obj
                0x10000f94                alarm_pool_core_num
 .text.sleep_ms
                0x10000f98       0xfc CMakeFiles/133_led_button_usb.dir/C_/Repositories/pico/pico-sdk/src/common/pico_time/time.c.obj
                0x10000f98                sleep_ms
 .text.best_effort_wfe_or_timeout
                0x10001094      0x12c CMakeFiles/133_led_button_usb.dir/C_/Repositories/pico/pico-sdk/src/common/pico_time/time.c.obj
                0x10001094                best_effort_wfe_or_timeout
 .text.timer_hardware_alarm_claim
                0x100011c0       0x14 CMakeFiles/133_led_button_usb.dir/C_/Repositories/pico/pico-sdk/src/rp2_common/hardware_timer/timer.c.obj
                0x100011c0                timer_hardware_alarm_claim
 .text.timer_time_us_64
                0x100011d4       0x10 CMakeFiles/133_led_button_usb.dir/C_/Repositories/pico/pico-sdk/src/rp2_common/hardware_timer/timer.c.obj
                0x100011d4                timer_time_us_64
 .text.time_us_64
                0x100011e4       0x14 CMakeFiles/133_led_button_usb.dir/C_/Repositories/pico/pico-sdk/src/rp2_common/hardware_timer/timer.c.obj
                0x100011e4                time_us_64
 .text.busy_wait_us
                0x100011f8       0x6c CMakeFiles/133_led_button_usb.dir/C_/Repositories/pico/pico-sdk/src/rp2_common/hardware_timer/timer.c.obj
                0x100011f8                busy_wait_us
 .text.busy_wait_until
                0x10001264       0x20 CMakeFiles/133_led_button_usb.dir/C_/Repositories/pico/pico-sdk/src/rp2_common/hardware_timer/timer.c.obj
                0x10001264                busy_wait_until
 .text.clock_configure_int_divider
                0x10001284       0xec CMakeFiles/133_led_button_usb.dir/C_/Repositories/pico/pico-sdk/src/rp2_common/hardware_clocks/clocks.c.obj
                0x10001284                clock_configure_int_divider
 .text.clock_configure_undivided
                0x10001370       0xe0 CMakeFiles/133_led_button_usb.dir/C_/Repositories/pico/pico-sdk/src/rp2_common/hardware_clocks/clocks.c.obj
                0x10001370                clock_configure_undivided
 .text.clock_get_hz
                0x10001450        0xc CMakeFiles/133_led_button_usb.dir/C_/Repositories/pico/pico-sdk/src/rp2_common/hardware_clocks/clocks.c.obj
                0x10001450                clock_get_hz
 .text.pll_init
                0x1000145c       0xb0 CMakeFiles/133_led_button_usb.dir/C_/Repositories/pico/pico-sdk/src/rp2_common/hardware_pll/pll.c.obj
                0x1000145c                pll_init
 .text.watchdog_reboot
                0x1000150c       0x9c CMakeFiles/133_led_button_usb.dir/C_/Repositories/pico/pico-sdk/src/rp2_common/hardware_watchdog/watchdog.c.obj
                0x1000150c                watchdog_reboot
 .text.tick_start
                0x100015a8       0x10 CMakeFiles/133_led_button_usb.dir/C_/Repositories/pico/pico-sdk/src/rp2_common/hardware_ticks/ticks.c.obj
                0x100015a8                tick_start
 .text.rom_func_lookup
                0x100015b8       0x10 CMakeFiles/133_led_button_usb.dir/C_/Repositories/pico/pico-sdk/src/rp2_common/pico_bootrom/bootrom.c.obj
                0x100015b8                rom_func_lookup
 .text.rom_data_lookup
                0x100015c8       0x10 CMakeFiles/133_led_button_usb.dir/C_/Repositories/pico/pico-sdk/src/rp2_common/pico_bootrom/bootrom.c.obj
                0x100015c8                rom_data_lookup
 .text.rom_funcs_lookup
                0x100015d8       0x44 CMakeFiles/133_led_button_usb.dir/C_/Repositories/pico/pico-sdk/src/rp2_common/pico_bootrom/bootrom.c.obj
                0x100015d8                rom_funcs_lookup
 .text.rom_reset_usb_boot_extra
                0x1000161c       0x24 CMakeFiles/133_led_button_usb.dir/C_/Repositories/pico/pico-sdk/src/rp2_common/pico_bootrom/bootrom.c.obj
                0x1000161c                rom_reset_usb_boot_extra
 .text.xosc_init
                0x10001640       0x28 CMakeFiles/133_led_button_usb.dir/C_/Repositories/pico/pico-sdk/src/rp2_common/hardware_xosc/xosc.c.obj
                0x10001640                xosc_init
 .text.first_per_core_initializer
                0x10001668        0x4 CMakeFiles/133_led_button_usb.dir/C_/Repositories/pico/pico-sdk/src/rp2_common/pico_runtime/runtime.c.obj
 .text.hard_assertion_failure
                0x1000166c        0xc CMakeFiles/133_led_button_usb.dir/C_/Repositories/pico/pico-sdk/src/rp2_common/pico_runtime/runtime.c.obj
                0x1000166c                hard_assertion_failure
 .text.runtime_run_initializers
                0x10001678       0x28 CMakeFiles/133_led_button_usb.dir/C_/Repositories/pico/pico-sdk/src/rp2_common/pico_runtime/runtime.c.obj
                0x10001678                runtime_run_initializers
 .text.runtime_init_early_resets
                0x100016a0       0x2c CMakeFiles/133_led_button_usb.dir/C_/Repositories/pico/pico-sdk/src/rp2_common/pico_runtime_init/runtime_init.c.obj
                0x100016a0                runtime_init_early_resets
 .text.runtime_init_usb_power_down
                0x100016cc       0x1c CMakeFiles/133_led_button_usb.dir/C_/Repositories/pico/pico-sdk/src/rp2_common/pico_runtime_init/runtime_init.c.obj
                0x100016cc                runtime_init_usb_power_down
 .text.runtime_init_post_clock_resets
                0x100016e8       0x20 CMakeFiles/133_led_button_usb.dir/C_/Repositories/pico/pico-sdk/src/rp2_common/pico_runtime_init/runtime_init.c.obj
                0x100016e8                runtime_init_post_clock_resets
 .text.runtime_init_rp2040_gpio_ie_disable
                0x10001708       0x14 CMakeFiles/133_led_button_usb.dir/C_/Repositories/pico/pico-sdk/src/rp2_common/pico_runtime_init/runtime_init.c.obj
                0x10001708                runtime_init_rp2040_gpio_ie_disable
 .text.runtime_init_spin_locks_reset
                0x1000171c        0x8 CMakeFiles/133_led_button_usb.dir/C_/Repositories/pico/pico-sdk/src/rp2_common/pico_runtime_init/runtime_init.c.obj
                0x1000171c                runtime_init_spin_locks_reset
 .text.runtime_init_install_ram_vector_table
                0x10001724       0xb4 CMakeFiles/133_led_button_usb.dir/C_/Repositories/pico/pico-sdk/src/rp2_common/pico_runtime_init/runtime_init.c.obj
                0x10001724                runtime_init_install_ram_vector_table
 .text.runtime_init_clocks
                0x100017d8       0xd8 CMakeFiles/133_led_button_usb.dir/C_/Repositories/pico/pico-sdk/src/rp2_common/pico_runtime_init/runtime_init_clocks.c.obj
                0x100017d8                runtime_init_clocks
 .text          0x100018b0       0x10 CMakeFiles/133_led_button_usb.dir/C_/Repositories/pico/pico-sdk/src/rp2_common/pico_bit_ops/bit_ops_aeabi.S.obj
 .text.__wrap___aeabi_idiv
                0x100018c0       0x50 CMakeFiles/133_led_button_usb.dir/C_/Repositories/pico/pico-sdk/src/rp2_common/pico_divider/divider_hardware.S.obj
                0x100018c0                __wrap___aeabi_idivmod
                0x100018c0                divmod_s32s32
                0x100018c0                div_s32s32
                0x100018c0                __wrap___aeabi_idiv
                0x100018f4                divmod_s32s32_savestate
 .text.__wrap___aeabi_uidiv
                0x10001910       0x4c CMakeFiles/133_led_button_usb.dir/C_/Repositories/pico/pico-sdk/src/rp2_common/pico_divider/divider_hardware.S.obj
                0x10001910                __wrap___aeabi_uidivmod
                0x10001910                div_u32u32
                0x10001910                divmod_u32u32
                0x10001910                __wrap___aeabi_uidiv
                0x10001940                divmod_u32u32_savestate
 .text.__wrap___aeabi_ldiv
                0x1000195c      0x424 CMakeFiles/133_led_button_usb.dir/C_/Repositories/pico/pico-sdk/src/rp2_common/pico_divider/divider_hardware.S.obj
                0x1000195c                div_s64s64
                0x1000195c                divmod_s64s64
                0x1000195c                __wrap___aeabi_ldivmod
                0x1000198c                divmod_u64u64
                0x1000198c                div_u64u64
                0x1000198c                __wrap___aeabi_uldivmod
                0x1000199c                divmod_u64u64_savestate
                0x100019bc                divmod_s64s64_unsafe
                0x10001a44                divmod_u64u64_unsafe
 .text.__wrap___aeabi_darithmetic
                0x10001d80       0x80 CMakeFiles/133_led_button_usb.dir/C_/Repositories/pico/pico-sdk/src/rp2_common/pico_double/double_aeabi_rp2040.S.obj
                0x10001d80                __wrap___aeabi_drsub
                0x10001d86                __wrap___aeabi_dsub
                0x10001d98                __wrap___aeabi_dadd
                0x10001daa                __wrap___aeabi_ddiv
                0x10001de6                __wrap___aeabi_dmul
 .text.__wrap___aeabi_cdcmple
                0x10001e00       0x6c CMakeFiles/133_led_button_usb.dir/C_/Repositories/pico/pico-sdk/src/rp2_common/pico_double/double_aeabi_rp2040.S.obj
                0x10001e00                __wrap___aeabi_cdrcmple
                0x10001e10                __wrap___aeabi_cdcmpeq
                0x10001e10                __wrap___aeabi_cdcmple
 .text.__wrap___aeabi_dcmplt
                0x10001e6c        0xc CMakeFiles/133_led_button_usb.dir/C_/Repositories/pico/pico-sdk/src/rp2_common/pico_double/double_aeabi_rp2040.S.obj
                0x10001e6c                __wrap___aeabi_dcmplt
 .text.__wrap___aeabi_dcmple
                0x10001e78       0x10 CMakeFiles/133_led_button_usb.dir/C_/Repositories/pico/pico-sdk/src/rp2_common/pico_double/double_aeabi_rp2040.S.obj
                0x10001e78                __wrap___aeabi_dcmple
 .text.__wrap___aeabi_dcmpge
                0x10001e88       0x10 CMakeFiles/133_led_button_usb.dir/C_/Repositories/pico/pico-sdk/src/rp2_common/pico_double/double_aeabi_rp2040.S.obj
                0x10001e88                __wrap___aeabi_dcmpge
 .text.__wrap___aeabi_dcmpgt
                0x10001e98        0xa CMakeFiles/133_led_button_usb.dir/C_/Repositories/pico/pico-sdk/src/rp2_common/pico_double/double_aeabi_rp2040.S.obj
                0x10001e98                __wrap___aeabi_dcmpgt
 .text.__wrap___aeabi_dcmpun
                0x10001ea2       0x18 CMakeFiles/133_led_button_usb.dir/C_/Repositories/pico/pico-sdk/src/rp2_common/pico_double/double_aeabi_rp2040.S.obj
                0x10001ea2                __wrap___aeabi_dcmpun
 *fill*         0x10001eba        0x2 
 .text.__wrap___aeabi_i2d
                0x10001ebc       0x38 CMakeFiles/133_led_button_usb.dir/C_/Repositories/pico/pico-sdk/src/rp2_common/pico_double/double_aeabi_rp2040.S.obj
                0x10001ebc                uint2double
                0x10001ebc                __wrap___aeabi_ui2d
                0x10001ec4                int2double
                0x10001ec4                __wrap___aeabi_i2d
 .text.__wrap___aeabi_d2iz
                0x10001ef4       0x48 CMakeFiles/133_led_button_usb.dir/C_/Repositories/pico/pico-sdk/src/rp2_common/pico_double/double_aeabi_rp2040.S.obj
                0x10001ef4                double2int_z
                0x10001ef4                __wrap___aeabi_d2iz
 .text.__wrap___aeabi_d2uiz
                0x10001f3c       0x18 CMakeFiles/133_led_button_usb.dir/C_/Repositories/pico/pico-sdk/src/rp2_common/pico_double/double_aeabi_rp2040.S.obj
                0x10001f3c                double2uint
                0x10001f3c                __wrap___aeabi_d2uiz
                0x10001f3c                double2uint_z
 .text.__aeabi_double_init
                0x10001f54       0xa4 CMakeFiles/133_led_button_usb.dir/C_/Repositories/pico/pico-sdk/src/rp2_common/pico_double/double_init_rom_rp2040.c.obj
                0x10001f54                __aeabi_double_init
 .text.double_table_shim_on_use_helper
                0x10001ff8       0x2c CMakeFiles/133_led_button_usb.dir/C_/Repositories/pico/pico-sdk/src/rp2_common/pico_double/double_v1_rom_shim_rp2040.S.obj
                0x10001ff8                double_table_shim_on_use_helper
 .text.__wrap___aeabi_dsub
                0x10002024       0x10 CMakeFiles/133_led_button_usb.dir/C_/Repositories/pico/pico-sdk/src/rp2_common/pico_double/double_v1_rom_shim_rp2040.S.obj
                0x10002024                drsub_shim
                0x1000202a                dsub_shim
 .text.dadd_shim
                0x10002034      0x15c CMakeFiles/133_led_button_usb.dir/C_/Repositories/pico/pico-sdk/src/rp2_common/pico_double/double_v1_rom_shim_rp2040.S.obj
                0x10002034                dadd_shim
 .text.dmul_shim
                0x10002190      0x15c CMakeFiles/133_led_button_usb.dir/C_/Repositories/pico/pico-sdk/src/rp2_common/pico_double/double_v1_rom_shim_rp2040.S.obj
                0x10002190                dmul_shim
 .text.ddiv_shim
                0x100022ec      0x1b0 CMakeFiles/133_led_button_usb.dir/C_/Repositories/pico/pico-sdk/src/rp2_common/pico_double/double_v1_rom_shim_rp2040.S.obj
                0x100022ec                ddiv_shim
 .text.double2uint_shim
                0x1000249c        0xe CMakeFiles/133_led_button_usb.dir/C_/Repositories/pico/pico-sdk/src/rp2_common/pico_double/double_v1_rom_shim_rp2040.S.obj
                0x1000249c                double2uint_shim
                0x1000249e                double2ufix_shim
 *fill*         0x100024aa        0x2 
 .text.double2uint64_shim
                0x100024ac       0x70 CMakeFiles/133_led_button_usb.dir/C_/Repositories/pico/pico-sdk/src/rp2_common/pico_double/double_v1_rom_shim_rp2040.S.obj
                0x100024ac                double2uint64_shim
                0x100024ae                double2ufix64_shim
                0x100024ce                d2fix_a
 .text.dunpacks
                0x1000251c       0x3c CMakeFiles/133_led_button_usb.dir/C_/Repositories/pico/pico-sdk/src/rp2_common/pico_double/double_v1_rom_shim_rp2040.S.obj
                0x1000251c                dunpacks
 .text.__aeabi_lmul
                0x10002558       0x32 CMakeFiles/133_led_button_usb.dir/C_/Repositories/pico/pico-sdk/src/rp2_common/pico_int64_ops/pico_int64_ops_aeabi.S.obj
                0x10002558                __wrap___aeabi_lmul
 *fill*         0x1000258a        0x2 
 .text.__aeabi_float_init
                0x1000258c       0x68 CMakeFiles/133_led_button_usb.dir/C_/Repositories/pico/pico-sdk/src/rp2_common/pico_float/float_init_rom_rp2040.c.obj
                0x1000258c                __aeabi_float_init
 .text.float_table_shim_on_use_helper
                0x100025f4       0x2c CMakeFiles/133_led_button_usb.dir/C_/Repositories/pico/pico-sdk/src/rp2_common/pico_float/float_v1_rom_shim_rp2040.S.obj
                0x100025f4                float_table_shim_on_use_helper
 .text          0x10002620       0x10 CMakeFiles/133_led_button_usb.dir/C_/Repositories/pico/pico-sdk/src/rp2_common/pico_mem_ops/mem_ops_aeabi.S.obj
                0x10002620                __aeabi_mem_init
 .text.memset   0x10002630        0xc CMakeFiles/133_led_button_usb.dir/C_/Repositories/pico/pico-sdk/src/rp2_common/pico_mem_ops/mem_ops_aeabi.S.obj
                0x10002630                __wrap_memset
 .text.memcpy   0x1000263c        0xc CMakeFiles/133_led_button_usb.dir/C_/Repositories/pico/pico-sdk/src/rp2_common/pico_mem_ops/mem_ops_aeabi.S.obj
                0x1000263c                __wrap_memcpy
                0x1000263c                __wrap___aeabi_memcpy
 .text._out_null
                0x10002648        0x4 CMakeFiles/133_led_button_usb.dir/C_/Repositories/pico/pico-sdk/src/rp2_common/pico_printf/printf.c.obj
 .text._out_rev
                0x1000264c       0xa8 CMakeFiles/133_led_button_usb.dir/C_/Repositories/pico/pico-sdk/src/rp2_common/pico_printf/printf.c.obj
 .text._ntoa_format
                0x100026f4      0x1d8 CMakeFiles/133_led_button_usb.dir/C_/Repositories/pico/pico-sdk/src/rp2_common/pico_printf/printf.c.obj
 .text._out_char
                0x100028cc       0x10 CMakeFiles/133_led_button_usb.dir/C_/Repositories/pico/pico-sdk/src/rp2_common/pico_printf/printf.c.obj
 .text._out_fct
                0x100028dc       0x10 CMakeFiles/133_led_button_usb.dir/C_/Repositories/pico/pico-sdk/src/rp2_common/pico_printf/printf.c.obj
 .text._ftoa    0x100028ec      0x474 CMakeFiles/133_led_button_usb.dir/C_/Repositories/pico/pico-sdk/src/rp2_common/pico_printf/printf.c.obj
 .text._etoa    0x10002d60      0x560 CMakeFiles/133_led_button_usb.dir/C_/Repositories/pico/pico-sdk/src/rp2_common/pico_printf/printf.c.obj
 .text._vsnprintf
                0x100032c0      0xab8 CMakeFiles/133_led_button_usb.dir/C_/Repositories/pico/pico-sdk/src/rp2_common/pico_printf/printf.c.obj
 .text.vfctprintf
                0x10003d78       0x20 CMakeFiles/133_led_button_usb.dir/C_/Repositories/pico/pico-sdk/src/rp2_common/pico_printf/printf.c.obj
                0x10003d78                vfctprintf
 .text.weak_raw_vprintf
                0x10003d98       0x30 CMakeFiles/133_led_button_usb.dir/C_/Repositories/pico/pico-sdk/src/rp2_common/pico_printf/printf.c.obj
                0x10003d98                weak_raw_vprintf
 .text._exit    0x10003dc8        0x4 CMakeFiles/133_led_button_usb.dir/C_/Repositories/pico/pico-sdk/src/rp2_common/pico_clib_interface/newlib_interface.c.obj
                0x10003dc8                _exit
 .text._fini    0x10003dcc        0x4 CMakeFiles/133_led_button_usb.dir/C_/Repositories/pico/pico-sdk/src/rp2_common/pico_clib_interface/newlib_interface.c.obj
                0x10003dcc                _fini
 .text.exit     0x10003dd0        0x8 CMakeFiles/133_led_button_usb.dir/C_/Repositories/pico/pico-sdk/src/rp2_common/pico_clib_interface/newlib_interface.c.obj
                0x10003dd0                exit
 .text.runtime_init
                0x10003dd8       0x2c CMakeFiles/133_led_button_usb.dir/C_/Repositories/pico/pico-sdk/src/rp2_common/pico_clib_interface/newlib_interface.c.obj
                0x10003dd8                runtime_init
 .text.stdio_out_chars_no_crlf
                0x10003e04       0x10 CMakeFiles/133_led_button_usb.dir/C_/Repositories/pico/pico-sdk/src/rp2_common/pico_stdio/stdio.c.obj
 .text.stdio_out_chars_crlf
                0x10003e14       0x90 CMakeFiles/133_led_button_usb.dir/C_/Repositories/pico/pico-sdk/src/rp2_common/pico_stdio/stdio.c.obj
 .text.stdio_buffered_printer
                0x10003ea4       0x58 CMakeFiles/133_led_button_usb.dir/C_/Repositories/pico/pico-sdk/src/rp2_common/pico_stdio/stdio.c.obj
 .text.stdio_put_string
                0x10003efc       0xf4 CMakeFiles/133_led_button_usb.dir/C_/Repositories/pico/pico-sdk/src/rp2_common/pico_stdio/stdio.c.obj
                0x10003efc                stdio_put_string
 .text.stdio_set_driver_enabled
                0x10003ff0       0x30 CMakeFiles/133_led_button_usb.dir/C_/Repositories/pico/pico-sdk/src/rp2_common/pico_stdio/stdio.c.obj
                0x10003ff0                stdio_set_driver_enabled
 .text.stdio_init_all
                0x10004020        0x8 CMakeFiles/133_led_button_usb.dir/C_/Repositories/pico/pico-sdk/src/rp2_common/pico_stdio/stdio.c.obj
                0x10004020                stdio_init_all
 .text.stdio_getchar_timeout_us
                0x10004028       0x98 CMakeFiles/133_led_button_usb.dir/C_/Repositories/pico/pico-sdk/src/rp2_common/pico_stdio/stdio.c.obj
                0x10004028                stdio_getchar_timeout_us
 .text.__wrap_putchar
                0x100040c0       0x94 CMakeFiles/133_led_button_usb.dir/C_/Repositories/pico/pico-sdk/src/rp2_common/pico_stdio/stdio.c.obj
                0x100040c0                __wrap_putchar
                0x100040c0                stdio_putchar
 .text.__wrap_puts
                0x10004154       0x3c CMakeFiles/133_led_button_usb.dir/C_/Repositories/pico/pico-sdk/src/rp2_common/pico_stdio/stdio.c.obj
                0x10004154                stdio_puts
                0x10004154                __wrap_puts
 .text.__wrap_vprintf
                0x10004190       0xc8 CMakeFiles/133_led_button_usb.dir/C_/Repositories/pico/pico-sdk/src/rp2_common/pico_stdio/stdio.c.obj
                0x10004190                stdio_vprintf
                0x10004190                __wrap_vprintf
 .text.__wrap_printf
                0x10004258       0x18 CMakeFiles/133_led_button_usb.dir/C_/Repositories/pico/pico-sdk/src/rp2_common/pico_stdio/stdio.c.obj
                0x10004258                __wrap_printf
                0x10004258                stdio_printf
 .text.stdio_usb_set_chars_available_callback
                0x10004270       0x14 CMakeFiles/133_led_button_usb.dir/C_/Repositories/pico/pico-sdk/src/rp2_common/pico_stdio_usb/stdio_usb.c.obj
                0x10004270                stdio_usb_set_chars_available_callback
 .text.usb_irq  0x10004284       0x10 CMakeFiles/133_led_button_usb.dir/C_/Repositories/pico/pico-sdk/src/rp2_common/pico_stdio_usb/stdio_usb.c.obj
 .text.timer_task
                0x10004294       0x64 CMakeFiles/133_led_button_usb.dir/C_/Repositories/pico/pico-sdk/src/rp2_common/pico_stdio_usb/stdio_usb.c.obj
 .text.stdio_usb_in_chars
                0x100042f8       0x8c CMakeFiles/133_led_button_usb.dir/C_/Repositories/pico/pico-sdk/src/rp2_common/pico_stdio_usb/stdio_usb.c.obj
                0x100042f8                stdio_usb_in_chars
 .text.stdio_usb_out_flush
                0x10004384       0x4c CMakeFiles/133_led_button_usb.dir/C_/Repositories/pico/pico-sdk/src/rp2_common/pico_stdio_usb/stdio_usb.c.obj
 .text.stdio_usb_out_chars
                0x100043d0       0xf8 CMakeFiles/133_led_button_usb.dir/C_/Repositories/pico/pico-sdk/src/rp2_common/pico_stdio_usb/stdio_usb.c.obj
 .text.low_priority_worker_irq
                0x100044c8       0xc4 CMakeFiles/133_led_button_usb.dir/C_/Repositories/pico/pico-sdk/src/rp2_common/pico_stdio_usb/stdio_usb.c.obj
 .text.stdio_usb_init
                0x1000458c       0xe4 CMakeFiles/133_led_button_usb.dir/C_/Repositories/pico/pico-sdk/src/rp2_common/pico_stdio_usb/stdio_usb.c.obj
                0x1000458c                stdio_usb_init
 .text.tud_descriptor_device_cb
                0x10004670        0x8 CMakeFiles/133_led_button_usb.dir/C_/Repositories/pico/pico-sdk/src/rp2_common/pico_stdio_usb/stdio_usb_descriptors.c.obj
                0x10004670                tud_descriptor_device_cb
 .text.tud_descriptor_configuration_cb
                0x10004678        0x8 CMakeFiles/133_led_button_usb.dir/C_/Repositories/pico/pico-sdk/src/rp2_common/pico_stdio_usb/stdio_usb_descriptors.c.obj
                0x10004678                tud_descriptor_configuration_cb
 .text.tud_descriptor_string_cb
                0x10004680       0x70 CMakeFiles/133_led_button_usb.dir/C_/Repositories/pico/pico-sdk/src/rp2_common/pico_stdio_usb/stdio_usb_descriptors.c.obj
                0x10004680                tud_descriptor_string_cb
 .text.startup._retrieve_unique_id_on_boot
                0x100046f0       0x10 CMakeFiles/133_led_button_usb.dir/C_/Repositories/pico/pico-sdk/src/rp2_common/pico_unique_id/unique_id.c.obj
 .text.pico_get_unique_board_id_string
                0x10004700      0x1e0 CMakeFiles/133_led_button_usb.dir/C_/Repositories/pico/pico-sdk/src/rp2_common/pico_unique_id/unique_id.c.obj
                0x10004700                pico_get_unique_board_id_string
 .text.flash_get_unique_id
                0x100048e0       0x3c CMakeFiles/133_led_button_usb.dir/C_/Repositories/pico/pico-sdk/src/rp2_common/hardware_flash/flash.c.obj
                0x100048e0                flash_get_unique_id
 .text.usb_reset_interface_init
                0x1000491c        0x4 CMakeFiles/133_led_button_usb.dir/C_/Repositories/pico/pico-sdk/src/rp2_common/pico_usb_reset/usb_reset.c.obj
                0x1000491c                usb_reset_interface_init
 .text.usb_reset_interface_reset
                0x10004920        0xc CMakeFiles/133_led_button_usb.dir/C_/Repositories/pico/pico-sdk/src/rp2_common/pico_usb_reset/usb_reset.c.obj
                0x10004920                usb_reset_interface_reset
 .text.usb_reset_interface_open
                0x1000492c       0x28 CMakeFiles/133_led_button_usb.dir/C_/Repositories/pico/pico-sdk/src/rp2_common/pico_usb_reset/usb_reset.c.obj
                0x1000492c                usb_reset_interface_open
 .text.usb_reset_interface_xfer_cb
                0x10004954        0x4 CMakeFiles/133_led_button_usb.dir/C_/Repositories/pico/pico-sdk/src/rp2_common/pico_usb_reset/usb_reset.c.obj
                0x10004954                usb_reset_interface_xfer_cb
 .text.usb_reset_interface_control_xfer_cb
                0x10004958       0x60 CMakeFiles/133_led_button_usb.dir/C_/Repositories/pico/pico-sdk/src/rp2_common/pico_usb_reset/usb_reset.c.obj
                0x10004958                usb_reset_interface_control_xfer_cb
 .text.tud_descriptor_bos_cb
                0x100049b8        0x8 CMakeFiles/133_led_button_usb.dir/C_/Repositories/pico/pico-sdk/src/rp2_common/pico_usb_reset/usb_reset.c.obj
                0x100049b8                tud_descriptor_bos_cb
 .text.tud_vendor_control_xfer_cb
                0x100049c0       0x38 CMakeFiles/133_led_button_usb.dir/C_/Repositories/pico/pico-sdk/src/rp2_common/pico_usb_reset/usb_reset.c.obj
                0x100049c0                tud_vendor_control_xfer_cb
 .text.usbd_app_driver_get_cb
                0x100049f8        0xc CMakeFiles/133_led_button_usb.dir/C_/Repositories/pico/pico-sdk/src/rp2_common/pico_usb_reset/usb_reset.c.obj
                0x100049f8                usbd_app_driver_get_cb
 .text.tud_cdc_line_coding_cb
                0x10004a04       0x2c CMakeFiles/133_led_button_usb.dir/C_/Repositories/pico/pico-sdk/src/rp2_common/pico_usb_reset/usb_reset.c.obj
                0x10004a04                tud_cdc_line_coding_cb
 .text.dcd_init
                0x10004a30       0x90 CMakeFiles/133_led_button_usb.dir/C_/Repositories/pico/pico-sdk/lib/tinyusb/src/portable/raspberrypi/rp2040/dcd_rp2040.c.obj
                0x10004a30                dcd_init
 .text.dcd_int_enable
                0x10004ac0        0xc CMakeFiles/133_led_button_usb.dir/C_/Repositories/pico/pico-sdk/lib/tinyusb/src/portable/raspberrypi/rp2040/dcd_rp2040.c.obj
                0x10004ac0                dcd_int_enable
 .text.dcd_set_address
                0x10004acc       0x14 CMakeFiles/133_led_button_usb.dir/C_/Repositories/pico/pico-sdk/lib/tinyusb/src/portable/raspberrypi/rp2040/dcd_rp2040.c.obj
                0x10004acc                dcd_set_address
 .text.dcd_sof_enable
                0x10004ae0       0x1c CMakeFiles/133_led_button_usb.dir/C_/Repositories/pico/pico-sdk/lib/tinyusb/src/portable/raspberrypi/rp2040/dcd_rp2040.c.obj
                0x10004ae0                dcd_sof_enable
 .text.dcd_edpt0_status_complete
                0x10004afc       0x1c CMakeFiles/133_led_button_usb.dir/C_/Repositories/pico/pico-sdk/lib/tinyusb/src/portable/raspberrypi/rp2040/dcd_rp2040.c.obj
                0x10004afc                dcd_edpt0_status_complete
 .text.dcd_edpt_open
                0x10004b18       0xfc CMakeFiles/133_led_button_usb.dir/C_/Repositories/pico/pico-sdk/lib/tinyusb/src/portable/raspberrypi/rp2040/dcd_rp2040.c.obj
                0x10004b18                dcd_edpt_open
 .text.dcd_edpt_close_all
                0x10004c14        0x8 CMakeFiles/133_led_button_usb.dir/C_/Repositories/pico/pico-sdk/lib/tinyusb/src/portable/raspberrypi/rp2040/dcd_rp2040.c.obj
                0x10004c14                dcd_edpt_close_all
 .text.dcd_edpt_xfer
                0x10004c1c       0x24 CMakeFiles/133_led_button_usb.dir/C_/Repositories/pico/pico-sdk/lib/tinyusb/src/portable/raspberrypi/rp2040/dcd_rp2040.c.obj
                0x10004c1c                dcd_edpt_xfer
 .text.dcd_edpt_stall
                0x10004c40       0x3c CMakeFiles/133_led_button_usb.dir/C_/Repositories/pico/pico-sdk/lib/tinyusb/src/portable/raspberrypi/rp2040/dcd_rp2040.c.obj
                0x10004c40                dcd_edpt_stall
 .text.dcd_edpt_clear_stall
                0x10004c7c       0x30 CMakeFiles/133_led_button_usb.dir/C_/Repositories/pico/pico-sdk/lib/tinyusb/src/portable/raspberrypi/rp2040/dcd_rp2040.c.obj
                0x10004c7c                dcd_edpt_clear_stall
 .text.rp2040_usb_init
                0x10004cac       0x40 CMakeFiles/133_led_button_usb.dir/C_/Repositories/pico/pico-sdk/lib/tinyusb/src/portable/raspberrypi/rp2040/rp2040_usb.c.obj
                0x10004cac                rp2040_usb_init
 .text.hw_endpoint_xfer_start
                0x10004cec       0x40 CMakeFiles/133_led_button_usb.dir/C_/Repositories/pico/pico-sdk/lib/tinyusb/src/portable/raspberrypi/rp2040/rp2040_usb.c.obj
                0x10004cec                hw_endpoint_xfer_start
 .text.tud_event_hook_cb
                0x10004d2c        0x4 CMakeFiles/133_led_button_usb.dir/C_/Repositories/pico/pico-sdk/lib/tinyusb/src/device/usbd.c.obj
                0x10004d2c                tud_event_hook_cb
 .text.tud_sof_cb
                0x10004d30        0x4 CMakeFiles/133_led_button_usb.dir/C_/Repositories/pico/pico-sdk/lib/tinyusb/src/device/usbd.c.obj
                0x10004d30                tud_sof_cb
 .text.tud_descriptor_device_qualifier_cb
                0x10004d34        0x4 CMakeFiles/133_led_button_usb.dir/C_/Repositories/pico/pico-sdk/lib/tinyusb/src/device/usbd.c.obj
                0x10004d34                tud_descriptor_device_qualifier_cb
 .text.tud_descriptor_other_speed_configuration_cb
                0x10004d38        0x4 CMakeFiles/133_led_button_usb.dir/C_/Repositories/pico/pico-sdk/lib/tinyusb/src/device/usbd.c.obj
                0x10004d38                tud_descriptor_other_speed_configuration_cb
 .text.tud_mount_cb
                0x10004d3c        0x4 CMakeFiles/133_led_button_usb.dir/C_/Repositories/pico/pico-sdk/lib/tinyusb/src/device/usbd.c.obj
                0x10004d3c                tud_mount_cb
 .text.tud_umount_cb
                0x10004d40        0x4 CMakeFiles/133_led_button_usb.dir/C_/Repositories/pico/pico-sdk/lib/tinyusb/src/device/usbd.c.obj
                0x10004d40                tud_umount_cb
 .text.tud_suspend_cb
                0x10004d44        0x4 CMakeFiles/133_led_button_usb.dir/C_/Repositories/pico/pico-sdk/lib/tinyusb/src/device/usbd.c.obj
                0x10004d44                tud_suspend_cb
 .text.tud_resume_cb
                0x10004d48        0x4 CMakeFiles/133_led_button_usb.dir/C_/Repositories/pico/pico-sdk/lib/tinyusb/src/device/usbd.c.obj
                0x10004d48                tud_resume_cb
 .text.tud_mounted
                0x10004d4c       0x10 CMakeFiles/133_led_button_usb.dir/C_/Repositories/pico/pico-sdk/lib/tinyusb/src/device/usbd.c.obj
                0x10004d4c                tud_mounted
 .text.tud_suspended
                0x10004d5c       0x10 CMakeFiles/133_led_button_usb.dir/C_/Repositories/pico/pico-sdk/lib/tinyusb/src/device/usbd.c.obj
                0x10004d5c                tud_suspended
 .text.tud_rhport_init
                0x10004d6c       0xe8 CMakeFiles/133_led_button_usb.dir/C_/Repositories/pico/pico-sdk/lib/tinyusb/src/device/usbd.c.obj
                0x10004d6c                tud_rhport_init
 .text.tud_task_ext
                0x10004e54      0x7d8 CMakeFiles/133_led_button_usb.dir/C_/Repositories/pico/pico-sdk/lib/tinyusb/src/device/usbd.c.obj
                0x10004e54                tud_task_ext
 .text.usbd_open_edpt_pair
                0x1000562c       0x98 CMakeFiles/133_led_button_usb.dir/C_/Repositories/pico/pico-sdk/lib/tinyusb/src/device/usbd.c.obj
                0x1000562c                usbd_open_edpt_pair
 .text.usbd_edpt_open
                0x100056c4       0x34 CMakeFiles/133_led_button_usb.dir/C_/Repositories/pico/pico-sdk/lib/tinyusb/src/device/usbd.c.obj
                0x100056c4                usbd_edpt_open
 .text.usbd_edpt_claim
                0x100056f8       0x28 CMakeFiles/133_led_button_usb.dir/C_/Repositories/pico/pico-sdk/lib/tinyusb/src/device/usbd.c.obj
                0x100056f8                usbd_edpt_claim
 .text.usbd_edpt_release
                0x10005720       0x28 CMakeFiles/133_led_button_usb.dir/C_/Repositories/pico/pico-sdk/lib/tinyusb/src/device/usbd.c.obj
                0x10005720                usbd_edpt_release
 .text.usbd_edpt_xfer
                0x10005748       0x50 CMakeFiles/133_led_button_usb.dir/C_/Repositories/pico/pico-sdk/lib/tinyusb/src/device/usbd.c.obj
                0x10005748                usbd_edpt_xfer
 .text.tud_control_status
                0x10005798       0x2c CMakeFiles/133_led_button_usb.dir/C_/Repositories/pico/pico-sdk/lib/tinyusb/src/device/usbd_control.c.obj
                0x10005798                tud_control_status
 .text.tud_control_xfer
                0x100057c4       0xa0 CMakeFiles/133_led_button_usb.dir/C_/Repositories/pico/pico-sdk/lib/tinyusb/src/device/usbd_control.c.obj
                0x100057c4                tud_control_xfer
 .text.usbd_control_reset
                0x10005864       0x14 CMakeFiles/133_led_button_usb.dir/C_/Repositories/pico/pico-sdk/lib/tinyusb/src/device/usbd_control.c.obj
                0x10005864                usbd_control_reset
 .text.usbd_control_set_complete_callback
                0x10005878        0xc CMakeFiles/133_led_button_usb.dir/C_/Repositories/pico/pico-sdk/lib/tinyusb/src/device/usbd_control.c.obj
                0x10005878                usbd_control_set_complete_callback
 .text.usbd_control_set_request
                0x10005884       0x1c CMakeFiles/133_led_button_usb.dir/C_/Repositories/pico/pico-sdk/lib/tinyusb/src/device/usbd_control.c.obj
                0x10005884                usbd_control_set_request
 .text.usbd_control_xfer_cb
                0x100058a0       0xe8 CMakeFiles/133_led_button_usb.dir/C_/Repositories/pico/pico-sdk/lib/tinyusb/src/device/usbd_control.c.obj
                0x100058a0                usbd_control_xfer_cb
 .text._prep_out_transaction.isra.0
                0x10005988       0x6c CMakeFiles/133_led_button_usb.dir/C_/Repositories/pico/pico-sdk/lib/tinyusb/src/class/cdc/cdc_device.c.obj
 .text.tud_cdc_n_connected
                0x100059f4       0x2c CMakeFiles/133_led_button_usb.dir/C_/Repositories/pico/pico-sdk/lib/tinyusb/src/class/cdc/cdc_device.c.obj
                0x100059f4                tud_cdc_n_connected
 .text.tud_cdc_n_available
                0x10005a20       0x14 CMakeFiles/133_led_button_usb.dir/C_/Repositories/pico/pico-sdk/lib/tinyusb/src/class/cdc/cdc_device.c.obj
                0x10005a20                tud_cdc_n_available
 .text.tud_cdc_n_read
                0x10005a34       0x88 CMakeFiles/133_led_button_usb.dir/C_/Repositories/pico/pico-sdk/lib/tinyusb/src/class/cdc/cdc_device.c.obj
                0x10005a34                tud_cdc_n_read
 .text.tud_cdc_n_write_flush
                0x10005abc       0x78 CMakeFiles/133_led_button_usb.dir/C_/Repositories/pico/pico-sdk/lib/tinyusb/src/class/cdc/cdc_device.c.obj
                0x10005abc                tud_cdc_n_write_flush
 .text.tud_cdc_n_write
                0x10005b34       0x40 CMakeFiles/133_led_button_usb.dir/C_/Repositories/pico/pico-sdk/lib/tinyusb/src/class/cdc/cdc_device.c.obj
                0x10005b34                tud_cdc_n_write
 .text.tud_cdc_n_write_available
                0x10005b74       0x14 CMakeFiles/133_led_button_usb.dir/C_/Repositories/pico/pico-sdk/lib/tinyusb/src/class/cdc/cdc_device.c.obj
                0x10005b74                tud_cdc_n_write_available
 .text.cdcd_init
                0x10005b88       0x70 CMakeFiles/133_led_button_usb.dir/C_/Repositories/pico/pico-sdk/lib/tinyusb/src/class/cdc/cdc_device.c.obj
                0x10005b88                cdcd_init
 .text.cdcd_deinit
                0x10005bf8       0x30 CMakeFiles/133_led_button_usb.dir/C_/Repositories/pico/pico-sdk/lib/tinyusb/src/class/cdc/cdc_device.c.obj
                0x10005bf8                cdcd_deinit
 .text.cdcd_reset
                0x10005c28       0x48 CMakeFiles/133_led_button_usb.dir/C_/Repositories/pico/pico-sdk/lib/tinyusb/src/class/cdc/cdc_device.c.obj
                0x10005c28                cdcd_reset
 .text.cdcd_open
                0x10005c70       0xa8 CMakeFiles/133_led_button_usb.dir/C_/Repositories/pico/pico-sdk/lib/tinyusb/src/class/cdc/cdc_device.c.obj
                0x10005c70                cdcd_open
 .text.cdcd_control_xfer_cb
                0x10005d18       0xf0 CMakeFiles/133_led_button_usb.dir/C_/Repositories/pico/pico-sdk/lib/tinyusb/src/class/cdc/cdc_device.c.obj
                0x10005d18                cdcd_control_xfer_cb
 .text.cdcd_xfer_cb
                0x10005e08       0xf8 CMakeFiles/133_led_button_usb.dir/C_/Repositories/pico/pico-sdk/lib/tinyusb/src/class/cdc/cdc_device.c.obj
                0x10005e08                cdcd_xfer_cb
 .text.tusb_rhport_init
                0x10005f00       0x4c CMakeFiles/133_led_button_usb.dir/C_/Repositories/pico/pico-sdk/lib/tinyusb/src/tusb.c.obj
                0x10005f00                tusb_rhport_init
 .text.tu_edpt_claim
                0x10005f4c       0x50 CMakeFiles/133_led_button_usb.dir/C_/Repositories/pico/pico-sdk/lib/tinyusb/src/tusb.c.obj
                0x10005f4c                tu_edpt_claim
 .text.tu_edpt_release
                0x10005f9c       0x38 CMakeFiles/133_led_button_usb.dir/C_/Repositories/pico/pico-sdk/lib/tinyusb/src/tusb.c.obj
                0x10005f9c                tu_edpt_release
 .text.tu_edpt_validate
                0x10005fd4       0x74 CMakeFiles/133_led_button_usb.dir/C_/Repositories/pico/pico-sdk/lib/tinyusb/src/tusb.c.obj
                0x10005fd4                tu_edpt_validate
 .text.tu_edpt_bind_driver
                0x10006048       0x34 CMakeFiles/133_led_button_usb.dir/C_/Repositories/pico/pico-sdk/lib/tinyusb/src/tusb.c.obj
                0x10006048                tu_edpt_bind_driver
 .text.tu_fifo_config
                0x1000607c       0x6c CMakeFiles/133_led_button_usb.dir/C_/Repositories/pico/pico-sdk/lib/tinyusb/src/common/tusb_fifo.c.obj
                0x1000607c                tu_fifo_config
 .text.tu_fifo_count
                0x100060e8       0x2c CMakeFiles/133_led_button_usb.dir/C_/Repositories/pico/pico-sdk/lib/tinyusb/src/common/tusb_fifo.c.obj
                0x100060e8                tu_fifo_count
 .text.tu_fifo_empty
                0x10006114       0x10 CMakeFiles/133_led_button_usb.dir/C_/Repositories/pico/pico-sdk/lib/tinyusb/src/common/tusb_fifo.c.obj
                0x10006114                tu_fifo_empty
 .text.tu_fifo_remaining
                0x10006124       0x2c CMakeFiles/133_led_button_usb.dir/C_/Repositories/pico/pico-sdk/lib/tinyusb/src/common/tusb_fifo.c.obj
                0x10006124                tu_fifo_remaining
 .text.tu_fifo_read
                0x10006150       0x9c CMakeFiles/133_led_button_usb.dir/C_/Repositories/pico/pico-sdk/lib/tinyusb/src/common/tusb_fifo.c.obj
                0x10006150                tu_fifo_read
 .text.tu_fifo_read_n
                0x100061ec       0xec CMakeFiles/133_led_button_usb.dir/C_/Repositories/pico/pico-sdk/lib/tinyusb/src/common/tusb_fifo.c.obj
                0x100061ec                tu_fifo_read_n
 .text.tu_fifo_write
                0x100062d8       0xa4 CMakeFiles/133_led_button_usb.dir/C_/Repositories/pico/pico-sdk/lib/tinyusb/src/common/tusb_fifo.c.obj
                0x100062d8                tu_fifo_write
 .text.tu_fifo_write_n
                0x1000637c      0x168 CMakeFiles/133_led_button_usb.dir/C_/Repositories/pico/pico-sdk/lib/tinyusb/src/common/tusb_fifo.c.obj
                0x1000637c                tu_fifo_write_n
 .text.tu_fifo_clear
                0x100064e4       0x40 CMakeFiles/133_led_button_usb.dir/C_/Repositories/pico/pico-sdk/lib/tinyusb/src/common/tusb_fifo.c.obj
                0x100064e4                tu_fifo_clear
 .text.tu_fifo_set_overwritable
                0x10006524       0x48 CMakeFiles/133_led_button_usb.dir/C_/Repositories/pico/pico-sdk/lib/tinyusb/src/common/tusb_fifo.c.obj
                0x10006524                tu_fifo_set_overwritable
 .text.strlen   0x1000656c       0x60 C:/Program Files/Arm/GNU Toolchain mingw-w64-x86_64-arm-none-eabi/bin/../lib/gcc/arm-none-eabi/15.3.1/../../../../arm-none-eabi/lib/thumb/v6-m/nofp\libg.a(libc_a-strlen-stub.o)
                0x1000656c                strlen
 *fill*         0x100065cc        0x4 
 .text.strlen.__stub
                0x100065d0       0xc0 linker stubs
 *(.fini)
 *crtbegin.o(.ctors)
 *crtbegin?.o(.ctors)
 *(EXCLUDE_FILE(*crtend.o *crtend?.o) .ctors)
 *(SORT_BY_NAME(.ctors.*))
 *(.ctors)
 *crtbegin.o(.dtors)
 *crtbegin?.o(.dtors)
 *(EXCLUDE_FILE(*crtend.o *crtend?.o) .dtors)
 *(SORT_BY_NAME(.dtors.*))
 *(.dtors)
                0x10006690                        . = ALIGN (0x4)
                [!provide]                        PROVIDE (__bothinit_array_start = .)
                0x10006690                        PROVIDE (__preinit_array_start = .)
 *(SORT_BY_NAME(.preinit_array.*))
 .preinit_array.00100
                0x10006690        0x4 CMakeFiles/133_led_button_usb.dir/C_/Repositories/pico/pico-sdk/src/rp2_common/pico_runtime_init/runtime_init.c.obj
                0x10006690                __pre_init_runtime_init_early_resets
 .preinit_array.00101
                0x10006694        0x4 CMakeFiles/133_led_button_usb.dir/C_/Repositories/pico/pico-sdk/src/rp2_common/pico_runtime_init/runtime_init.c.obj
                0x10006694                __pre_init_runtime_init_usb_power_down
 .preinit_array.00275
                0x10006698        0x4 CMakeFiles/133_led_button_usb.dir/C_/Repositories/pico/pico-sdk/src/rp2_common/pico_bit_ops/bit_ops_aeabi.S.obj
 .preinit_array.00300
                0x1000669c        0x4 CMakeFiles/133_led_button_usb.dir/C_/Repositories/pico/pico-sdk/src/rp2_common/pico_mem_ops/mem_ops_aeabi.S.obj
 .preinit_array.00350
                0x100066a0        0x4 CMakeFiles/133_led_button_usb.dir/C_/Repositories/pico/pico-sdk/src/rp2_common/pico_double/double_aeabi_rp2040.S.obj
 .preinit_array.00350
                0x100066a4        0x4 CMakeFiles/133_led_button_usb.dir/C_/Repositories/pico/pico-sdk/src/rp2_common/pico_float/float_aeabi_rp2040.S.obj
 .preinit_array.00500
                0x100066a8        0x4 CMakeFiles/133_led_button_usb.dir/C_/Repositories/pico/pico-sdk/src/rp2_common/pico_runtime_init/runtime_init.c.obj
                0x100066a8                __pre_init_runtime_init_clocks
 .preinit_array.00600
                0x100066ac        0x4 CMakeFiles/133_led_button_usb.dir/C_/Repositories/pico/pico-sdk/src/rp2_common/pico_runtime_init/runtime_init.c.obj
                0x100066ac                __pre_init_runtime_init_post_clock_resets
 .preinit_array.00700
                0x100066b0        0x4 CMakeFiles/133_led_button_usb.dir/C_/Repositories/pico/pico-sdk/src/rp2_common/pico_runtime_init/runtime_init.c.obj
                0x100066b0                __pre_init_runtime_init_rp2040_gpio_ie_disable
 .preinit_array.01000
                0x100066b4        0x4 CMakeFiles/133_led_button_usb.dir/C_/Repositories/pico/pico-sdk/src/rp2_common/pico_runtime_init/runtime_init.c.obj
                0x100066b4                __pre_init_runtime_init_spin_locks_reset
 .preinit_array.01100
                0x100066b8        0x4 CMakeFiles/133_led_button_usb.dir/C_/Repositories/pico/pico-sdk/src/common/pico_sync/mutex.c.obj
                0x100066b8                __pre_init_runtime_init_mutex
 .preinit_array.10080
                0x100066bc        0x4 CMakeFiles/133_led_button_usb.dir/C_/Repositories/pico/pico-sdk/src/rp2_common/pico_runtime_init/runtime_init.c.obj
                0x100066bc                __pre_init_runtime_init_install_ram_vector_table
 .preinit_array.11000
                0x100066c0        0x4 CMakeFiles/133_led_button_usb.dir/C_/Repositories/pico/pico-sdk/src/common/pico_time/time.c.obj
                0x100066c0                __pre_init_runtime_init_default_alarm_pool
 .preinit_array.YYYYY
                0x100066c4        0x4 CMakeFiles/133_led_button_usb.dir/C_/Repositories/pico/pico-sdk/src/rp2_common/pico_runtime/runtime.c.obj
                0x100066c4                __pre_init_first_per_core_initializer
 .preinit_array.ZZZZZ.01200
                0x100066c8        0x4 CMakeFiles/133_led_button_usb.dir/C_/Repositories/pico/pico-sdk/src/rp2_common/hardware_irq/irq.c.obj
                0x100066c8                __pre_init_runtime_init_per_core_irq_priorities
 *(.preinit_array)
                0x100066cc                        PROVIDE (__preinit_array_end = .)
                0x100066cc                        . = ALIGN (0x4)
                0x100066cc                        PROVIDE (__init_array_start = .)
 *(SORT_BY_NAME(.init_array.*))
 .init_array.01000
                0x100066cc        0x4 CMakeFiles/133_led_button_usb.dir/C_/Repositories/pico/pico-sdk/src/rp2_common/pico_unique_id/unique_id.c.obj
 *(.init_array)
                0x100066d0                        PROVIDE (__init_array_end = .)
                [!provide]                        PROVIDE (__bothinit_array_end = .)
                0x100066d0                        . = ALIGN (0x4)
                [!provide]                        PROVIDE (__fini_array_start = .)
 *(SORT_BY_NAME(.fini_array.*))
 *(.fini_array)
                [!provide]                        PROVIDE (__fini_array_end = .)
                [!provide]                        PROVIDE (__dso_handle = 0x0)
 *(.eh_frame*)
                0x100066d0                        . = ALIGN (0x4)

.glue_7         0x100066d0        0x0
 .glue_7        0x100066d0        0x0 linker stubs

.glue_7t        0x100066d0        0x0
 .glue_7t       0x100066d0        0x0 linker stubs

.vfp11_veneer   0x100066d0        0x0
 .vfp11_veneer  0x100066d0        0x0 linker stubs

.v4_bx          0x100066d0        0x0
 .v4_bx         0x100066d0        0x0 linker stubs

.iplt           0x100066d0        0x0
 .iplt          0x100066d0        0x0 CMakeFiles/133_led_button_usb.dir/main.c.obj

.rodata         0x100066d0      0x624
 *(EXCLUDE_FILE(*libm.a: *lib*_a-mem*.o *libc.a: *libgcc.a:) .rodata*)
 .rodata.set_led.str1.4
                0x100066d0      0x19c CMakeFiles/133_led_button_usb.dir/main.c.obj
                                 0x10 (size before relaxing)
 .rodata.handle_command.str1.4
                0x1000686c        0x0 CMakeFiles/133_led_button_usb.dir/main.c.obj
                                 0x15 (size before relaxing)
 .rodata.panic.str1.4
                0x1000686c        0x0 CMakeFiles/133_led_button_usb.dir/C_/Repositories/pico/pico-sdk/src/rp2_common/pico_platform_panic/panic.c.obj
                                 0x11 (size before relaxing)
 .rodata.spin_lock_claim_unused.str1.4
                0x1000686c        0x0 CMakeFiles/133_led_button_usb.dir/C_/Repositories/pico/pico-sdk/src/rp2_common/hardware_sync/sync.c.obj
                                 0x1b (size before relaxing)
 .rodata.user_irq_claim_unused.str1.4
                0x1000686c        0x0 CMakeFiles/133_led_button_usb.dir/C_/Repositories/pico/pico-sdk/src/rp2_common/hardware_irq/irq.c.obj
                                 0x1b (size before relaxing)
 .rodata.timer_hardware_alarm_claim.str1.4
                0x1000686c        0x0 CMakeFiles/133_led_button_usb.dir/C_/Repositories/pico/pico-sdk/src/rp2_common/hardware_timer/timer.c.obj
                                 0x22 (size before relaxing)
 .rodata.hard_assertion_failure.str1.4
                0x1000686c        0x0 CMakeFiles/133_led_button_usb.dir/C_/Repositories/pico/pico-sdk/src/rp2_common/pico_runtime/runtime.c.obj
                                  0xc (size before relaxing)
 .rodata.str1.4
                0x1000686c        0x0 CMakeFiles/133_led_button_usb.dir/C_/Repositories/pico/pico-sdk/src/rp2_common/pico_standard_binary_info/standard_binary_info.c.obj
                                 0x48 (size before relaxing)
 .rodata.__bi_84
                0x1000686c        0xc CMakeFiles/133_led_button_usb.dir/C_/Repositories/pico/pico-sdk/src/rp2_common/pico_standard_binary_info/standard_binary_info.c.obj
 .rodata.__bi_78
                0x10006878        0xc CMakeFiles/133_led_button_usb.dir/C_/Repositories/pico/pico-sdk/src/rp2_common/pico_standard_binary_info/standard_binary_info.c.obj
 .rodata.__bi_54
                0x10006884        0xc CMakeFiles/133_led_button_usb.dir/C_/Repositories/pico/pico-sdk/src/rp2_common/pico_standard_binary_info/standard_binary_info.c.obj
 .rodata.__bi_48
                0x10006890        0xc CMakeFiles/133_led_button_usb.dir/C_/Repositories/pico/pico-sdk/src/rp2_common/pico_standard_binary_info/standard_binary_info.c.obj
 .rodata.__bi_42
                0x1000689c        0xc CMakeFiles/133_led_button_usb.dir/C_/Repositories/pico/pico-sdk/src/rp2_common/pico_standard_binary_info/standard_binary_info.c.obj
 .rodata.__bi_34
                0x100068a8        0xc CMakeFiles/133_led_button_usb.dir/C_/Repositories/pico/pico-sdk/src/rp2_common/pico_standard_binary_info/standard_binary_info.c.obj
 .rodata.__bi_26
                0x100068b4        0xc CMakeFiles/133_led_button_usb.dir/C_/Repositories/pico/pico-sdk/src/rp2_common/pico_standard_binary_info/standard_binary_info.c.obj
 .rodata._ftoa.str1.4
                0x100068c0        0x0 CMakeFiles/133_led_button_usb.dir/C_/Repositories/pico/pico-sdk/src/rp2_common/pico_printf/printf.c.obj
                                 0x15 (size before relaxing)
 .rodata._vsnprintf
                0x100068c0      0x19c CMakeFiles/133_led_button_usb.dir/C_/Repositories/pico/pico-sdk/src/rp2_common/pico_printf/printf.c.obj
 *fill*         0x10006a5c        0x4 
 .rodata.pow10.0
                0x10006a60       0x50 CMakeFiles/133_led_button_usb.dir/C_/Repositories/pico/pico-sdk/src/rp2_common/pico_printf/printf.c.obj
 .rodata.crlf_str.0
                0x10006ab0        0x2 CMakeFiles/133_led_button_usb.dir/C_/Repositories/pico/pico-sdk/src/rp2_common/pico_stdio/stdio.c.obj
 .rodata.str1.4
                0x10006ab2        0x0 CMakeFiles/133_led_button_usb.dir/C_/Repositories/pico/pico-sdk/src/rp2_common/pico_stdio_usb/stdio_usb.c.obj
                                 0x13 (size before relaxing)
 *fill*         0x10006ab2        0x2 
 .rodata.__bi_204.0
                0x10006ab4        0xc CMakeFiles/133_led_button_usb.dir/C_/Repositories/pico/pico-sdk/src/rp2_common/pico_stdio_usb/stdio_usb.c.obj
 .rodata.str1.4
                0x10006ac0        0x0 CMakeFiles/133_led_button_usb.dir/C_/Repositories/pico/pico-sdk/src/rp2_common/pico_stdio_usb/stdio_usb_descriptors.c.obj
                                 0x2a (size before relaxing)
 .rodata.usbd_desc_str
                0x10006ac0       0x18 CMakeFiles/133_led_button_usb.dir/C_/Repositories/pico/pico-sdk/src/rp2_common/pico_stdio_usb/stdio_usb_descriptors.c.obj
 .rodata.usbd_desc_cfg
                0x10006ad8       0x54 CMakeFiles/133_led_button_usb.dir/C_/Repositories/pico/pico-sdk/src/rp2_common/pico_stdio_usb/stdio_usb_descriptors.c.obj
 .rodata.usbd_desc_device
                0x10006b2c       0x12 CMakeFiles/133_led_button_usb.dir/C_/Repositories/pico/pico-sdk/src/rp2_common/pico_stdio_usb/stdio_usb_descriptors.c.obj
 *fill*         0x10006b3e        0x2 
 .rodata.desc_ms_os_20
                0x10006b40       0xa6 CMakeFiles/133_led_button_usb.dir/C_/Repositories/pico/pico-sdk/src/rp2_common/pico_usb_reset/usb_reset.c.obj
 *fill*         0x10006be6        0x2 
 .rodata.desc_bos
                0x10006be8       0x21 CMakeFiles/133_led_button_usb.dir/C_/Repositories/pico/pico-sdk/src/rp2_common/pico_usb_reset/usb_reset.c.obj
                0x10006be8                desc_bos
 *fill*         0x10006c09        0x3 
 .rodata.usb_reset_interface_driver
                0x10006c0c       0x20 CMakeFiles/133_led_button_usb.dir/C_/Repositories/pico/pico-sdk/src/rp2_common/pico_usb_reset/usb_reset.c.obj
 .rodata.str1.4
                0x10006c2c        0x0 CMakeFiles/133_led_button_usb.dir/C_/Repositories/pico/pico-sdk/lib/tinyusb/src/portable/raspberrypi/rp2040/dcd_rp2040.c.obj
                                 0x14 (size before relaxing)
 .rodata.str1.4
                0x10006c2c        0x0 CMakeFiles/133_led_button_usb.dir/C_/Repositories/pico/pico-sdk/lib/tinyusb/src/portable/raspberrypi/rp2040/rp2040_usb.c.obj
                                 0x48 (size before relaxing)
 .rodata.tud_task_ext
                0x10006c2c       0x8c CMakeFiles/133_led_button_usb.dir/C_/Repositories/pico/pico-sdk/lib/tinyusb/src/device/usbd.c.obj
 .rodata        0x10006cb8       0x1c CMakeFiles/133_led_button_usb.dir/C_/Repositories/pico/pico-sdk/lib/tinyusb/src/device/usbd.c.obj
 .rodata._usbd_driver
                0x10006cd4       0x20 CMakeFiles/133_led_button_usb.dir/C_/Repositories/pico/pico-sdk/lib/tinyusb/src/device/usbd.c.obj
 *(.srodata*)
                0x10006cf4                        . = ALIGN (0x4)
 *(SORT_BY_ALIGNMENT(SORT_BY_NAME(.flashdata*)))
                0x10006cf4                        . = ALIGN (0x4)

.ARM.extab
 *(.ARM.extab* .gnu.linkonce.armextab.*)
                0x10006cf4                        __exidx_start = .

.ARM.exidx
 *(.ARM.exidx* .gnu.linkonce.armexidx.*)
                0x10006cf4                        __exidx_end = .
                0x10006cf4                        . = ALIGN (0x4)
                0x10006cf4                        __binary_info_start = .

.binary_info    0x10006cf4       0x20
 *(.binary_info.keep.*)
 .binary_info.keep.__bi_ptr84
                0x10006cf4        0x4 CMakeFiles/133_led_button_usb.dir/C_/Repositories/pico/pico-sdk/src/rp2_common/pico_standard_binary_info/standard_binary_info.c.obj
 .binary_info.keep.__bi_ptr78
                0x10006cf8        0x4 CMakeFiles/133_led_button_usb.dir/C_/Repositories/pico/pico-sdk/src/rp2_common/pico_standard_binary_info/standard_binary_info.c.obj
 .binary_info.keep.__bi_ptr54
                0x10006cfc        0x4 CMakeFiles/133_led_button_usb.dir/C_/Repositories/pico/pico-sdk/src/rp2_common/pico_standard_binary_info/standard_binary_info.c.obj
 .binary_info.keep.__bi_ptr48
                0x10006d00        0x4 CMakeFiles/133_led_button_usb.dir/C_/Repositories/pico/pico-sdk/src/rp2_common/pico_standard_binary_info/standard_binary_info.c.obj
 .binary_info.keep.__bi_ptr42
                0x10006d04        0x4 CMakeFiles/133_led_button_usb.dir/C_/Repositories/pico/pico-sdk/src/rp2_common/pico_standard_binary_info/standard_binary_info.c.obj
 .binary_info.keep.__bi_ptr34
                0x10006d08        0x4 CMakeFiles/133_led_button_usb.dir/C_/Repositories/pico/pico-sdk/src/rp2_common/pico_standard_binary_info/standard_binary_info.c.obj
 .binary_info.keep.__bi_ptr26
                0x10006d0c        0x4 CMakeFiles/133_led_button_usb.dir/C_/Repositories/pico/pico-sdk/src/rp2_common/pico_standard_binary_info/standard_binary_info.c.obj
 *(.binary_info.*)
 .binary_info.__bi_ptr204
                0x10006d10        0x4 CMakeFiles/133_led_button_usb.dir/C_/Repositories/pico/pico-sdk/src/rp2_common/pico_stdio_usb/stdio_usb.c.obj
                0x10006d14                        __binary_info_end = .
                0x10006d14                        . = ALIGN (0x4)

.xip_ram        0x15000000        0x0 load address 0x10006d14
                0x15000000                        __xip_ram_start__ = .
                0x15000000                        . = ALIGN (0x4)
 *(.xip_ram*)
                0x15000000                        . = ALIGN (0x4)
                0x15000000                        __xip_ram_end__ = .
                0x10006d14                        __xip_ram_source__ = LOADADDR (.xip_ram)

.ram_vector_table
                0x20000000       0xc0
 *(.ram_vector_table)
 .ram_vector_table
                0x20000000       0xc0 CMakeFiles/133_led_button_usb.dir/C_/Repositories/pico/pico-sdk/src/rp2_common/pico_runtime_init/runtime_init.c.obj
                0x20000000                ram_vector_table

.uninitialized_data
                0x200000c0        0x0
                0x200000c0                        . = ALIGN (0x4)
 *(.uninitialized_data*)

.data           0x200000c0      0xf70 load address 0x10006d14
                0x200000c0                        __data_start__ = .
 *(vtable)
 *(.time_critical*)
 .time_critical.mutex_try_enter
                0x200000c0       0x40 CMakeFiles/133_led_button_usb.dir/C_/Repositories/pico/pico-sdk/src/common/pico_sync/mutex.c.obj
                0x200000c0                mutex_try_enter
 .time_critical.mutex_enter_block_until
                0x20000100       0x64 CMakeFiles/133_led_button_usb.dir/C_/Repositories/pico/pico-sdk/src/common/pico_sync/mutex.c.obj
                0x20000100                mutex_enter_block_until
 .time_critical.mutex_try_enter_block_until
                0x20000164       0x34 CMakeFiles/133_led_button_usb.dir/C_/Repositories/pico/pico-sdk/src/common/pico_sync/mutex.c.obj
                0x20000164                mutex_try_enter_block_until
 .time_critical.mutex_enter_timeout_ms
                0x20000198       0x3c CMakeFiles/133_led_button_usb.dir/C_/Repositories/pico/pico-sdk/src/common/pico_sync/mutex.c.obj
                0x20000198                mutex_enter_timeout_ms
 .time_critical.mutex_exit
                0x200001d4       0x28 CMakeFiles/133_led_button_usb.dir/C_/Repositories/pico/pico-sdk/src/common/pico_sync/mutex.c.obj
                0x200001d4                mutex_exit
 .time_critical.flash_init_boot2_copyout
                0x200001fc       0x30 CMakeFiles/133_led_button_usb.dir/C_/Repositories/pico/pico-sdk/src/rp2_common/hardware_flash/flash.c.obj
 .time_critical.flash_enable_xip_via_boot2
                0x2000022c        0xc CMakeFiles/133_led_button_usb.dir/C_/Repositories/pico/pico-sdk/src/rp2_common/hardware_flash/flash.c.obj
 .time_critical.flash_save_hardware_state
                0x20000238       0x28 CMakeFiles/133_led_button_usb.dir/C_/Repositories/pico/pico-sdk/src/rp2_common/hardware_flash/flash.c.obj
 .time_critical.flash_restore_hardware_state
                0x20000260       0x28 CMakeFiles/133_led_button_usb.dir/C_/Repositories/pico/pico-sdk/src/rp2_common/hardware_flash/flash.c.obj
 .time_critical.flash_do_cmd_cs
                0x20000288      0x148 CMakeFiles/133_led_button_usb.dir/C_/Repositories/pico/pico-sdk/src/rp2_common/hardware_flash/flash.c.obj
                0x20000288                flash_do_cmd_cs
 .time_critical.reset_non_control_endpoints
                0x200003d0       0x68 CMakeFiles/133_led_button_usb.dir/C_/Repositories/pico/pico-sdk/lib/tinyusb/src/portable/raspberrypi/rp2040/dcd_rp2040.c.obj
 .time_critical.hw_handle_buff_status
                0x20000438       0x88 CMakeFiles/133_led_button_usb.dir/C_/Repositories/pico/pico-sdk/lib/tinyusb/src/portable/raspberrypi/rp2040/dcd_rp2040.c.obj
 .time_critical.dcd_rp2040_irq
                0x200004c0      0x53c CMakeFiles/133_led_button_usb.dir/C_/Repositories/pico/pico-sdk/lib/tinyusb/src/portable/raspberrypi/rp2040/dcd_rp2040.c.obj
 .time_critical.prepare_ep_buffer
                0x200009fc       0xc4 CMakeFiles/133_led_button_usb.dir/C_/Repositories/pico/pico-sdk/lib/tinyusb/src/portable/raspberrypi/rp2040/rp2040_usb.c.obj
 .time_critical.sync_ep_buffer
                0x20000ac0       0xa0 CMakeFiles/133_led_button_usb.dir/C_/Repositories/pico/pico-sdk/lib/tinyusb/src/portable/raspberrypi/rp2040/rp2040_usb.c.obj
 .time_critical._hw_endpoint_xfer_sync
                0x20000b60       0x28 CMakeFiles/133_led_button_usb.dir/C_/Repositories/pico/pico-sdk/lib/tinyusb/src/portable/raspberrypi/rp2040/rp2040_usb.c.obj
 .time_critical.e15_is_bulkin_ep
                0x20000b88       0x28 CMakeFiles/133_led_button_usb.dir/C_/Repositories/pico/pico-sdk/lib/tinyusb/src/portable/raspberrypi/rp2040/rp2040_usb.c.obj
 .time_critical.e15_is_critical_frame_period
                0x20000bb0       0x30 CMakeFiles/133_led_button_usb.dir/C_/Repositories/pico/pico-sdk/lib/tinyusb/src/portable/raspberrypi/rp2040/rp2040_usb.c.obj
 .time_critical.hw_endpoint_reset_transfer
                0x20000be0        0xc CMakeFiles/133_led_button_usb.dir/C_/Repositories/pico/pico-sdk/lib/tinyusb/src/portable/raspberrypi/rp2040/rp2040_usb.c.obj
                0x20000be0                hw_endpoint_reset_transfer
 .time_critical._hw_endpoint_buffer_control_update32
                0x20000bec       0x50 CMakeFiles/133_led_button_usb.dir/C_/Repositories/pico/pico-sdk/lib/tinyusb/src/portable/raspberrypi/rp2040/rp2040_usb.c.obj
                0x20000bec                _hw_endpoint_buffer_control_update32
 .time_critical.hw_endpoint_start_next_buffer
                0x20000c3c       0x68 CMakeFiles/133_led_button_usb.dir/C_/Repositories/pico/pico-sdk/lib/tinyusb/src/portable/raspberrypi/rp2040/rp2040_usb.c.obj
                0x20000c3c                hw_endpoint_start_next_buffer
 .time_critical.hw_endpoint_xfer_continue
                0x20000ca4       0x40 CMakeFiles/133_led_button_usb.dir/C_/Repositories/pico/pico-sdk/lib/tinyusb/src/portable/raspberrypi/rp2040/rp2040_usb.c.obj
                0x20000ca4                hw_endpoint_xfer_continue
 .time_critical.tinyusb
                0x20000ce4      0x1d4 CMakeFiles/133_led_button_usb.dir/C_/Repositories/pico/pico-sdk/lib/tinyusb/src/device/usbd.c.obj
                0x20000ce4                dcd_event_handler
 *(.text*)
 .text          0x20000eb8        0x4 C:/Program Files/Arm/GNU Toolchain mingw-w64-x86_64-arm-none-eabi/bin/../lib/gcc/arm-none-eabi/15.3.1/thumb/v6-m/nofp\libgcc.a(_dvmd_tls.o)
                0x20000eb8                __aeabi_idiv0
                0x20000eb8                __aeabi_ldiv0
 *fill*         0x20000ebc        0x4 
 .text.__stub   0x20000ec0       0x80 linker stubs
                0x20000f40                        . = ALIGN (0x4)
 *(.rodata*)
                0x20000f40                        . = ALIGN (0x4)
                [!provide]                        PROVIDE (__emutls_array_start = .)
 *(.*.__emutls_v.*)
                [!provide]                        PROVIDE (__emutls_array_end = .)
                0x20000f40                        . = ALIGN (0x4)
 *(.data*)
 .data.striped_spin_lock_num
                0x20000f40        0x1 CMakeFiles/133_led_button_usb.dir/C_/Repositories/pico/pico-sdk/src/rp2_common/hardware_sync/sync.c.obj
 *fill*         0x20000f41        0x3 
 .data          0x20000f44       0x60 CMakeFiles/133_led_button_usb.dir/C_/Repositories/pico/pico-sdk/src/rp2_common/hardware_irq/irq_handler_chain.S.obj
                0x20000f44                irq_handler_chain_slots
                0x20000f8c                irq_handler_chain_first_slot
                0x20000f96                irq_handler_chain_remove_tail
 *fill*         0x20000fa4        0x4 
 .data.last_added.0
                0x20000fa8        0x8 CMakeFiles/133_led_button_usb.dir/C_/Repositories/pico/pico-sdk/src/common/pico_time/time.c.obj
 .data.default_alarm_pool
                0x20000fb0       0x18 CMakeFiles/133_led_button_usb.dir/C_/Repositories/pico/pico-sdk/src/common/pico_time/time.c.obj
 *fill*         0x20000fc8        0x8 
 .data.aeabi_bits_funcs
                0x20000fd0       0x10 CMakeFiles/133_led_button_usb.dir/C_/Repositories/pico/pico-sdk/src/rp2_common/pico_bit_ops/bit_ops_aeabi.S.obj
                0x20000fd0                aeabi_bits_funcs
                0x20000fe0                aeabi_bits_funcs_end
 .data.aeabi_mem_funcs
                0x20000fe0       0x10 CMakeFiles/133_led_button_usb.dir/C_/Repositories/pico/pico-sdk/src/rp2_common/pico_mem_ops/mem_ops_aeabi.S.obj
                0x20000fe0                aeabi_mem_funcs
                0x20000ff0                aeabi_mem_funcs_end
 .data.stdio_usb
                0x20000ff0       0x18 CMakeFiles/133_led_button_usb.dir/C_/Repositories/pico/pico-sdk/src/rp2_common/pico_stdio_usb/stdio_usb.c.obj
                0x20000ff0                stdio_usb
 .data._usbd_qdef
                0x20001008       0x1c CMakeFiles/133_led_button_usb.dir/C_/Repositories/pico/pico-sdk/lib/tinyusb/src/device/usbd.c.obj
                0x20001008                _usbd_qdef
 .data._usbd_rhport
                0x20001024        0x1 CMakeFiles/133_led_button_usb.dir/C_/Repositories/pico/pico-sdk/lib/tinyusb/src/device/usbd.c.obj
 *(.sdata*)
                0x20001028                        . = ALIGN (0x4)
 *fill*         0x20001025        0x3 
 *(.after_data.*)
                0x20001028                        . = ALIGN (0x4)
                0x20001028                        PROVIDE (__mutex_array_start = .)
 *(SORT_BY_NAME(.mutex_array.*))
 *(.mutex_array)
 .mutex_array   0x20001028        0x8 CMakeFiles/133_led_button_usb.dir/C_/Repositories/pico/pico-sdk/src/rp2_common/pico_stdio/stdio.c.obj
                0x20001030                        PROVIDE (__mutex_array_end = .)
 *(.jcr)
                0x20001030                        . = ALIGN (0x4)

.igot.plt       0x20001030        0x0 load address 0x10007c84
 .igot.plt      0x20001030        0x0 CMakeFiles/133_led_button_usb.dir/main.c.obj

.tdata          0x20001030        0x0 load address 0x10007c84
                0x20001030                        . = ALIGN (0x4)
 *(.tdata .tdata.* .gnu.linkonce.td.*)
                0x20001030                        __tdata_end = .
                0x20001030                        PROVIDE (__data_end__ = .)
                0x10006d14                        __etext = LOADADDR (.data)
                0x20001030                        . = ALIGN (0x4)

.tbss           0x20001030        0x0 load address 0x10007c84
                0x20001030                        __bss_start__ = .
                0x20001030                        __tls_base = .
 *(.tbss .tbss.* .gnu.linkonce.tb.*)
 *(.tcommon)
                0x20001030                        . = ALIGN (0x4)
                0x20001030                        __tls_end = .

.tbss_space     0x20001030        0x0 load address 0x10007c84
                0x20001030                        . = (__bss_start__ + SIZEOF (.tbss))

.bss            0x20001030      0xc18 load address 0x10007c84
                0x20001030                        . = ALIGN (0x4)
                0x20001030                        __tbss_end = .
 *(SORT_BY_ALIGNMENT(SORT_BY_NAME(.bss*)))
 .bss._cdcd_itf
                0x20001030       0xc8 CMakeFiles/133_led_button_usb.dir/C_/Repositories/pico/pico-sdk/lib/tinyusb/src/class/cdc/cdc_device.c.obj
 .bss.default_alarm_pool_entries
                0x200010f8      0x180 CMakeFiles/133_led_button_usb.dir/C_/Repositories/pico/pico-sdk/src/common/pico_time/time.c.obj
 .bss.last_avail_time.1
                0x20001278        0x8 CMakeFiles/133_led_button_usb.dir/C_/Repositories/pico/pico-sdk/src/rp2_common/pico_stdio_usb/stdio_usb.c.obj
 .bss.sd_table  0x20001280      0x100 CMakeFiles/133_led_button_usb.dir/C_/Repositories/pico/pico-sdk/src/rp2_common/pico_double/double_init_rom_rp2040.c.obj
                0x20001280                sd_table
 .bss.sf_table  0x20001380      0x100 CMakeFiles/133_led_button_usb.dir/C_/Repositories/pico/pico-sdk/src/rp2_common/pico_float/float_init_rom_rp2040.c.obj
                0x20001380                sf_table
 .bss._app_driver
                0x20001480        0x4 CMakeFiles/133_led_button_usb.dir/C_/Repositories/pico/pico-sdk/lib/tinyusb/src/device/usbd.c.obj
 .bss._cdcd_epbuf
                0x20001484       0x80 CMakeFiles/133_led_button_usb.dir/C_/Repositories/pico/pico-sdk/lib/tinyusb/src/class/cdc/cdc_device.c.obj
 .bss._cdcd_fifo_cfg
                0x20001504        0x1 CMakeFiles/133_led_button_usb.dir/C_/Repositories/pico/pico-sdk/lib/tinyusb/src/class/cdc/cdc_device.c.obj
 *fill*         0x20001505        0x3 
 .bss._ctrl_epbuf
                0x20001508       0x40 CMakeFiles/133_led_button_usb.dir/C_/Repositories/pico/pico-sdk/lib/tinyusb/src/device/usbd_control.c.obj
 .bss._ctrl_xfer
                0x20001548       0x14 CMakeFiles/133_led_button_usb.dir/C_/Repositories/pico/pico-sdk/lib/tinyusb/src/device/usbd_control.c.obj
 .bss._tusb_rhport_role
                0x2000155c        0x2 CMakeFiles/133_led_button_usb.dir/C_/Repositories/pico/pico-sdk/lib/tinyusb/src/tusb.c.obj
                0x2000155c                _tusb_rhport_role
 *fill*         0x2000155e        0x2 
 .bss._ubsd_mutexdef
                0x20001560        0x8 CMakeFiles/133_led_button_usb.dir/C_/Repositories/pico/pico-sdk/lib/tinyusb/src/device/usbd.c.obj
 .bss._usbd_dev
                0x20001568       0x54 CMakeFiles/133_led_button_usb.dir/C_/Repositories/pico/pico-sdk/lib/tinyusb/src/device/usbd.c.obj
 .bss._usbd_mutex
                0x200015bc        0x4 CMakeFiles/133_led_button_usb.dir/C_/Repositories/pico/pico-sdk/lib/tinyusb/src/device/usbd.c.obj
 .bss._usbd_q   0x200015c0        0x4 CMakeFiles/133_led_button_usb.dir/C_/Repositories/pico/pico-sdk/lib/tinyusb/src/device/usbd.c.obj
 .bss._usbd_qdef_buf
                0x200015c4       0xc0 CMakeFiles/133_led_button_usb.dir/C_/Repositories/pico/pico-sdk/lib/tinyusb/src/device/usbd.c.obj
                0x200015c4                _usbd_qdef_buf
 .bss.boot2_copyout
                0x20001684      0x100 CMakeFiles/133_led_button_usb.dir/C_/Repositories/pico/pico-sdk/src/rp2_common/hardware_flash/flash.c.obj
 .bss.chars_available_callback
                0x20001784        0x4 CMakeFiles/133_led_button_usb.dir/C_/Repositories/pico/pico-sdk/src/rp2_common/pico_stdio_usb/stdio_usb.c.obj
 .bss.chars_available_param
                0x20001788        0x4 CMakeFiles/133_led_button_usb.dir/C_/Repositories/pico/pico-sdk/src/rp2_common/pico_stdio_usb/stdio_usb.c.obj
 .bss.claimed   0x2000178c        0x4 CMakeFiles/133_led_button_usb.dir/C_/Repositories/pico/pico-sdk/src/rp2_common/hardware_sync/sync.c.obj